[0.127s] DEBUG:colcon:Command line arguments: ['/usr/bin/colcon', 'build', '--symlink-install']
[0.127s] DEBUG:colcon:Parsed command line arguments: Namespace(log_base=None, log_level=None, verb_name='build', build_base='build', install_base='install', merge_install=False, symlink_install=True, test_result_base=None, continue_on_error=False, executor='parallel', parallel_workers=16, event_handlers=None, ignore_user_meta=False, metas=['./colcon.meta'], base_paths=['.'], packages_ignore=None, packages_ignore_regex=None, paths=None, packages_up_to=None, packages_up_to_regex=None, packages_above=None, packages_above_and_dependencies=None, packages_above_depth=None, packages_select_by_dep=None, packages_skip_by_dep=None, packages_skip_up_to=None, packages_select_build_failed=False, packages_skip_build_finished=False, packages_select_test_failures=False, packages_skip_test_passed=False, packages_select=None, packages_skip=None, packages_select_regex=None, packages_skip_regex=None, packages_start=None, packages_end=None, allow_overriding=[], cmake_args=None, cmake_target=None, cmake_target_skip_unavailable=False, cmake_clean_cache=False, cmake_clean_first=False, cmake_force_configure=False, ament_cmake_args=None, catkin_cmake_args=None, catkin_skip_building_tests=False, mixin_files=None, mixin=None, verb_parser=<colcon_mixin.mixin.mixin_argument.MixinArgumentDecorator object at 0x77166323c920>, verb_extension=<colcon_core.verb.build.BuildVerb object at 0x77166323c560>, main=<bound method BuildVerb.main of <colcon_core.verb.build.BuildVerb object at 0x77166323c560>>, mixin_verb=('build',))
[0.152s] Level 1:colcon.colcon_core.package_discovery:discover_packages(colcon_meta) check parameters
[0.152s] Level 1:colcon.colcon_core.package_discovery:discover_packages(recursive) check parameters
[0.152s] Level 1:colcon.colcon_core.package_discovery:discover_packages(ignore) check parameters
[0.152s] Level 1:colcon.colcon_core.package_discovery:discover_packages(path) check parameters
[0.152s] Level 1:colcon.colcon_core.package_discovery:discover_packages(colcon_meta) discover
[0.152s] Level 1:colcon.colcon_core.package_discovery:discover_packages(recursive) discover
[0.152s] INFO:colcon.colcon_core.package_discovery:Crawling recursively for packages in '/home/nyu-rdt/Delivery-Bot'
[0.152s] Level 1:colcon.colcon_core.package_identification:_identify(.) by extensions ['ignore', 'ignore_ament_install']
[0.152s] Level 1:colcon.colcon_core.package_identification:_identify(.) by extension 'ignore'
[0.153s] Level 1:colcon.colcon_core.package_identification:_identify(.) by extension 'ignore_ament_install'
[0.153s] Level 1:colcon.colcon_core.package_identification:_identify(.) by extensions ['colcon_pkg']
[0.153s] Level 1:colcon.colcon_core.package_identification:_identify(.) by extension 'colcon_pkg'
[0.153s] Level 1:colcon.colcon_core.package_identification:_identify(.) by extensions ['colcon_meta']
[0.153s] Level 1:colcon.colcon_core.package_identification:_identify(.) by extension 'colcon_meta'
[0.153s] Level 1:colcon.colcon_core.package_identification:_identify(.) by extensions ['ros']
[0.153s] Level 1:colcon.colcon_core.package_identification:_identify(.) by extension 'ros'
[0.167s] Level 1:colcon.colcon_core.package_identification:_identify(.) by extensions ['cmake', 'python']
[0.168s] Level 1:colcon.colcon_core.package_identification:_identify(.) by extension 'cmake'
[0.168s] Level 1:colcon.colcon_core.package_identification:_identify(.) by extension 'python'
[0.168s] Level 1:colcon.colcon_core.package_identification:_identify(.) by extensions ['python_setup_py']
[0.168s] Level 1:colcon.colcon_core.package_identification:_identify(.) by extension 'python_setup_py'
[0.168s] Level 1:colcon.colcon_core.package_identification:_identify(build) by extensions ['ignore', 'ignore_ament_install']
[0.168s] Level 1:colcon.colcon_core.package_identification:_identify(build) by extension 'ignore'
[0.168s] Level 1:colcon.colcon_core.package_identification:_identify(build) ignored
[0.168s] Level 1:colcon.colcon_core.package_identification:_identify(install) by extensions ['ignore', 'ignore_ament_install']
[0.168s] Level 1:colcon.colcon_core.package_identification:_identify(install) by extension 'ignore'
[0.168s] Level 1:colcon.colcon_core.package_identification:_identify(install) ignored
[0.168s] Level 1:colcon.colcon_core.package_identification:_identify(log) by extensions ['ignore', 'ignore_ament_install']
[0.168s] Level 1:colcon.colcon_core.package_identification:_identify(log) by extension 'ignore'
[0.168s] Level 1:colcon.colcon_core.package_identification:_identify(log) ignored
[0.168s] Level 1:colcon.colcon_core.package_identification:_identify(src) by extensions ['ignore', 'ignore_ament_install']
[0.168s] Level 1:colcon.colcon_core.package_identification:_identify(src) by extension 'ignore'
[0.168s] Level 1:colcon.colcon_core.package_identification:_identify(src) by extension 'ignore_ament_install'
[0.168s] Level 1:colcon.colcon_core.package_identification:_identify(src) by extensions ['colcon_pkg']
[0.168s] Level 1:colcon.colcon_core.package_identification:_identify(src) by extension 'colcon_pkg'
[0.168s] Level 1:colcon.colcon_core.package_identification:_identify(src) by extensions ['colcon_meta']
[0.168s] Level 1:colcon.colcon_core.package_identification:_identify(src) by extension 'colcon_meta'
[0.168s] Level 1:colcon.colcon_core.package_identification:_identify(src) by extensions ['ros']
[0.168s] Level 1:colcon.colcon_core.package_identification:_identify(src) by extension 'ros'
[0.168s] Level 1:colcon.colcon_core.package_identification:_identify(src) by extensions ['cmake', 'python']
[0.168s] Level 1:colcon.colcon_core.package_identification:_identify(src) by extension 'cmake'
[0.168s] Level 1:colcon.colcon_core.package_identification:_identify(src) by extension 'python'
[0.168s] Level 1:colcon.colcon_core.package_identification:_identify(src) by extensions ['python_setup_py']
[0.168s] Level 1:colcon.colcon_core.package_identification:_identify(src) by extension 'python_setup_py'
[0.168s] Level 1:colcon.colcon_core.package_identification:_identify(src/robot_bringup) by extensions ['ignore', 'ignore_ament_install']
[0.168s] Level 1:colcon.colcon_core.package_identification:_identify(src/robot_bringup) by extension 'ignore'
[0.168s] Level 1:colcon.colcon_core.package_identification:_identify(src/robot_bringup) by extension 'ignore_ament_install'
[0.168s] Level 1:colcon.colcon_core.package_identification:_identify(src/robot_bringup) by extensions ['colcon_pkg']
[0.168s] Level 1:colcon.colcon_core.package_identification:_identify(src/robot_bringup) by extension 'colcon_pkg'
[0.168s] Level 1:colcon.colcon_core.package_identification:_identify(src/robot_bringup) by extensions ['colcon_meta']
[0.168s] Level 1:colcon.colcon_core.package_identification:_identify(src/robot_bringup) by extension 'colcon_meta'
[0.169s] Level 1:colcon.colcon_core.package_identification:_identify(src/robot_bringup) by extensions ['ros']
[0.169s] Level 1:colcon.colcon_core.package_identification:_identify(src/robot_bringup) by extension 'ros'
[0.171s] DEBUG:colcon.colcon_core.package_identification:Package 'src/robot_bringup' with type 'ros.ament_python' and name 'robot_bringup'
[0.171s] Level 1:colcon.colcon_core.package_identification:_identify(src/robot_control) by extensions ['ignore', 'ignore_ament_install']
[0.171s] Level 1:colcon.colcon_core.package_identification:_identify(src/robot_control) by extension 'ignore'
[0.171s] Level 1:colcon.colcon_core.package_identification:_identify(src/robot_control) by extension 'ignore_ament_install'
[0.171s] Level 1:colcon.colcon_core.package_identification:_identify(src/robot_control) by extensions ['colcon_pkg']
[0.171s] Level 1:colcon.colcon_core.package_identification:_identify(src/robot_control) by extension 'colcon_pkg'
[0.171s] Level 1:colcon.colcon_core.package_identification:_identify(src/robot_control) by extensions ['colcon_meta']
[0.171s] Level 1:colcon.colcon_core.package_identification:_identify(src/robot_control) by extension 'colcon_meta'
[0.171s] Level 1:colcon.colcon_core.package_identification:_identify(src/robot_control) by extensions ['ros']
[0.171s] Level 1:colcon.colcon_core.package_identification:_identify(src/robot_control) by extension 'ros'
[0.171s] DEBUG:colcon.colcon_core.package_identification:Package 'src/robot_control' with type 'ros.ament_python' and name 'robot_control'
[0.172s] Level 1:colcon.colcon_core.package_identification:_identify(src/robot_description) by extensions ['ignore', 'ignore_ament_install']
[0.172s] Level 1:colcon.colcon_core.package_identification:_identify(src/robot_description) by extension 'ignore'
[0.172s] Level 1:colcon.colcon_core.package_identification:_identify(src/robot_description) by extension 'ignore_ament_install'
[0.172s] Level 1:colcon.colcon_core.package_identification:_identify(src/robot_description) by extensions ['colcon_pkg']
[0.172s] Level 1:colcon.colcon_core.package_identification:_identify(src/robot_description) by extension 'colcon_pkg'
[0.172s] Level 1:colcon.colcon_core.package_identification:_identify(src/robot_description) by extensions ['colcon_meta']
[0.172s] Level 1:colcon.colcon_core.package_identification:_identify(src/robot_description) by extension 'colcon_meta'
[0.172s] Level 1:colcon.colcon_core.package_identification:_identify(src/robot_description) by extensions ['ros']
[0.172s] Level 1:colcon.colcon_core.package_identification:_identify(src/robot_description) by extension 'ros'
[0.172s] DEBUG:colcon.colcon_core.package_identification:Package 'src/robot_description' with type 'ros.ament_python' and name 'robot_description'
[0.172s] Level 1:colcon.colcon_core.package_identification:_identify(src/robot_navigation) by extensions ['ignore', 'ignore_ament_install']
[0.172s] Level 1:colcon.colcon_core.package_identification:_identify(src/robot_navigation) by extension 'ignore'
[0.172s] Level 1:colcon.colcon_core.package_identification:_identify(src/robot_navigation) by extension 'ignore_ament_install'
[0.172s] Level 1:colcon.colcon_core.package_identification:_identify(src/robot_navigation) by extensions ['colcon_pkg']
[0.172s] Level 1:colcon.colcon_core.package_identification:_identify(src/robot_navigation) by extension 'colcon_pkg'
[0.172s] Level 1:colcon.colcon_core.package_identification:_identify(src/robot_navigation) by extensions ['colcon_meta']
[0.172s] Level 1:colcon.colcon_core.package_identification:_identify(src/robot_navigation) by extension 'colcon_meta'
[0.172s] Level 1:colcon.colcon_core.package_identification:_identify(src/robot_navigation) by extensions ['ros']
[0.172s] Level 1:colcon.colcon_core.package_identification:_identify(src/robot_navigation) by extension 'ros'
[0.172s] DEBUG:colcon.colcon_core.package_identification:Package 'src/robot_navigation' with type 'ros.ament_python' and name 'robot_navigation'
[0.173s] Level 1:colcon.colcon_core.package_discovery:discover_packages(recursive) using defaults
[0.173s] Level 1:colcon.colcon_core.package_discovery:discover_packages(ignore) discover
[0.173s] Level 1:colcon.colcon_core.package_discovery:discover_packages(ignore) using defaults
[0.173s] Level 1:colcon.colcon_core.package_discovery:discover_packages(path) discover
[0.173s] Level 1:colcon.colcon_core.package_discovery:discover_packages(path) using defaults
[0.185s] Level 1:colcon.colcon_core.package_discovery:discover_packages(prefix_path) check parameters
[0.185s] Level 1:colcon.colcon_core.package_discovery:discover_packages(prefix_path) discover
[0.187s] DEBUG:colcon.colcon_installed_package_information.package_discovery:Found 4 installed packages in /home/nyu-rdt/Delivery-Bot/install
[0.188s] DEBUG:colcon.colcon_installed_package_information.package_discovery:Found 19 installed packages in /home/nyu-rdt/ros2_jazzy/install
[0.189s] DEBUG:colcon.colcon_installed_package_information.package_discovery:Found 537 installed packages in /opt/ros/jazzy
[0.190s] Level 1:colcon.colcon_core.package_discovery:discover_packages(prefix_path) using defaults
[0.236s] Level 5:colcon.colcon_core.verb:set package 'robot_control' build argument 'cmake_args' from command line to 'None'
[0.236s] Level 5:colcon.colcon_core.verb:set package 'robot_control' build argument 'cmake_target' from command line to 'None'
[0.236s] Level 5:colcon.colcon_core.verb:set package 'robot_control' build argument 'cmake_target_skip_unavailable' from command line to 'False'
[0.236s] Level 5:colcon.colcon_core.verb:set package 'robot_control' build argument 'cmake_clean_cache' from command line to 'False'
[0.236s] Level 5:colcon.colcon_core.verb:set package 'robot_control' build argument 'cmake_clean_first' from command line to 'False'
[0.236s] Level 5:colcon.colcon_core.verb:set package 'robot_control' build argument 'cmake_force_configure' from command line to 'False'
[0.236s] Level 5:colcon.colcon_core.verb:set package 'robot_control' build argument 'ament_cmake_args' from command line to 'None'
[0.236s] Level 5:colcon.colcon_core.verb:set package 'robot_control' build argument 'catkin_cmake_args' from command line to 'None'
[0.236s] Level 5:colcon.colcon_core.verb:set package 'robot_control' build argument 'catkin_skip_building_tests' from command line to 'False'
[0.236s] DEBUG:colcon.colcon_core.verb:Building package 'robot_control' with the following arguments: {'ament_cmake_args': None, 'build_base': '/home/nyu-rdt/Delivery-Bot/build/robot_control', 'catkin_cmake_args': None, 'catkin_skip_building_tests': False, 'cmake_args': None, 'cmake_clean_cache': False, 'cmake_clean_first': False, 'cmake_force_configure': False, 'cmake_target': None, 'cmake_target_skip_unavailable': False, 'install_base': '/home/nyu-rdt/Delivery-Bot/install/robot_control', 'merge_install': False, 'path': '/home/nyu-rdt/Delivery-Bot/src/robot_control', 'symlink_install': True, 'test_result_base': None}
[0.236s] Level 5:colcon.colcon_core.verb:set package 'robot_description' build argument 'cmake_args' from command line to 'None'
[0.236s] Level 5:colcon.colcon_core.verb:set package 'robot_description' build argument 'cmake_target' from command line to 'None'
[0.236s] Level 5:colcon.colcon_core.verb:set package 'robot_description' build argument 'cmake_target_skip_unavailable' from command line to 'False'
[0.236s] Level 5:colcon.colcon_core.verb:set package 'robot_description' build argument 'cmake_clean_cache' from command line to 'False'
[0.237s] Level 5:colcon.colcon_core.verb:set package 'robot_description' build argument 'cmake_clean_first' from command line to 'False'
[0.237s] Level 5:colcon.colcon_core.verb:set package 'robot_description' build argument 'cmake_force_configure' from command line to 'False'
[0.237s] Level 5:colcon.colcon_core.verb:set package 'robot_description' build argument 'ament_cmake_args' from command line to 'None'
[0.237s] Level 5:colcon.colcon_core.verb:set package 'robot_description' build argument 'catkin_cmake_args' from command line to 'None'
[0.237s] Level 5:colcon.colcon_core.verb:set package 'robot_description' build argument 'catkin_skip_building_tests' from command line to 'False'
[0.237s] DEBUG:colcon.colcon_core.verb:Building package 'robot_description' with the following arguments: {'ament_cmake_args': None, 'build_base': '/home/nyu-rdt/Delivery-Bot/build/robot_description', 'catkin_cmake_args': None, 'catkin_skip_building_tests': False, 'cmake_args': None, 'cmake_clean_cache': False, 'cmake_clean_first': False, 'cmake_force_configure': False, 'cmake_target': None, 'cmake_target_skip_unavailable': False, 'install_base': '/home/nyu-rdt/Delivery-Bot/install/robot_description', 'merge_install': False, 'path': '/home/nyu-rdt/Delivery-Bot/src/robot_description', 'symlink_install': True, 'test_result_base': None}
[0.237s] Level 5:colcon.colcon_core.verb:set package 'robot_navigation' build argument 'cmake_args' from command line to 'None'
[0.237s] Level 5:colcon.colcon_core.verb:set package 'robot_navigation' build argument 'cmake_target' from command line to 'None'
[0.237s] Level 5:colcon.colcon_core.verb:set package 'robot_navigation' build argument 'cmake_target_skip_unavailable' from command line to 'False'
[0.237s] Level 5:colcon.colcon_core.verb:set package 'robot_navigation' build argument 'cmake_clean_cache' from command line to 'False'
[0.237s] Level 5:colcon.colcon_core.verb:set package 'robot_navigation' build argument 'cmake_clean_first' from command line to 'False'
[0.237s] Level 5:colcon.colcon_core.verb:set package 'robot_navigation' build argument 'cmake_force_configure' from command line to 'False'
[0.237s] Level 5:colcon.colcon_core.verb:set package 'robot_navigation' build argument 'ament_cmake_args' from command line to 'None'
[0.237s] Level 5:colcon.colcon_core.verb:set package 'robot_navigation' build argument 'catkin_cmake_args' from command line to 'None'
[0.237s] Level 5:colcon.colcon_core.verb:set package 'robot_navigation' build argument 'catkin_skip_building_tests' from command line to 'False'
[0.237s] DEBUG:colcon.colcon_core.verb:Building package 'robot_navigation' with the following arguments: {'ament_cmake_args': None, 'build_base': '/home/nyu-rdt/Delivery-Bot/build/robot_navigation', 'catkin_cmake_args': None, 'catkin_skip_building_tests': False, 'cmake_args': None, 'cmake_clean_cache': False, 'cmake_clean_first': False, 'cmake_force_configure': False, 'cmake_target': None, 'cmake_target_skip_unavailable': False, 'install_base': '/home/nyu-rdt/Delivery-Bot/install/robot_navigation', 'merge_install': False, 'path': '/home/nyu-rdt/Delivery-Bot/src/robot_navigation', 'symlink_install': True, 'test_result_base': None}
[0.237s] Level 5:colcon.colcon_core.verb:set package 'robot_bringup' build argument 'cmake_args' from command line to 'None'
[0.237s] Level 5:colcon.colcon_core.verb:set package 'robot_bringup' build argument 'cmake_target' from command line to 'None'
[0.237s] Level 5:colcon.colcon_core.verb:set package 'robot_bringup' build argument 'cmake_target_skip_unavailable' from command line to 'False'
[0.237s] Level 5:colcon.colcon_core.verb:set package 'robot_bringup' build argument 'cmake_clean_cache' from command line to 'False'
[0.237s] Level 5:colcon.colcon_core.verb:set package 'robot_bringup' build argument 'cmake_clean_first' from command line to 'False'
[0.237s] Level 5:colcon.colcon_core.verb:set package 'robot_bringup' build argument 'cmake_force_configure' from command line to 'False'
[0.237s] Level 5:colcon.colcon_core.verb:set package 'robot_bringup' build argument 'ament_cmake_args' from command line to 'None'
[0.237s] Level 5:colcon.colcon_core.verb:set package 'robot_bringup' build argument 'catkin_cmake_args' from command line to 'None'
[0.237s] Level 5:colcon.colcon_core.verb:set package 'robot_bringup' build argument 'catkin_skip_building_tests' from command line to 'False'
[0.237s] DEBUG:colcon.colcon_core.verb:Building package 'robot_bringup' with the following arguments: {'ament_cmake_args': None, 'build_base': '/home/nyu-rdt/Delivery-Bot/build/robot_bringup', 'catkin_cmake_args': None, 'catkin_skip_building_tests': False, 'cmake_args': None, 'cmake_clean_cache': False, 'cmake_clean_first': False, 'cmake_force_configure': False, 'cmake_target': None, 'cmake_target_skip_unavailable': False, 'install_base': '/home/nyu-rdt/Delivery-Bot/install/robot_bringup', 'merge_install': False, 'path': '/home/nyu-rdt/Delivery-Bot/src/robot_bringup', 'symlink_install': True, 'test_result_base': None}
[0.237s] INFO:colcon.colcon_core.executor:Executing jobs using 'parallel' executor
[0.238s] DEBUG:colcon.colcon_parallel_executor.executor.parallel:run_until_complete
[0.238s] INFO:colcon.colcon_ros.task.ament_python.build:Building ROS package in '/home/nyu-rdt/Delivery-Bot/src/robot_control' with build type 'ament_python'
[0.238s] Level 1:colcon.colcon_core.shell:create_environment_hook('robot_control', 'ament_prefix_path')
[0.242s] INFO:colcon.colcon_core.plugin_system:Skipping extension 'colcon_core.shell.bat': Not used on non-Windows systems
[0.242s] INFO:colcon.colcon_core.shell:Creating environment hook '/home/nyu-rdt/Delivery-Bot/install/robot_control/share/robot_control/hook/ament_prefix_path.ps1'
[0.243s] INFO:colcon.colcon_core.shell:Creating environment descriptor '/home/nyu-rdt/Delivery-Bot/install/robot_control/share/robot_control/hook/ament_prefix_path.dsv'
[0.243s] INFO:colcon.colcon_core.shell:Creating environment hook '/home/nyu-rdt/Delivery-Bot/install/robot_control/share/robot_control/hook/ament_prefix_path.sh'
[0.243s] INFO:colcon.colcon_core.shell:Skip shell extension 'powershell' for command environment: Not usable outside of PowerShell
[0.243s] DEBUG:colcon.colcon_core.shell:Skip shell extension 'dsv' for command environment
[0.246s] INFO:colcon.colcon_ros.task.ament_python.build:Building ROS package in '/home/nyu-rdt/Delivery-Bot/src/robot_description' with build type 'ament_python'
[0.246s] Level 1:colcon.colcon_core.shell:create_environment_hook('robot_description', 'ament_prefix_path')
[0.246s] INFO:colcon.colcon_core.shell:Creating environment hook '/home/nyu-rdt/Delivery-Bot/install/robot_description/share/robot_description/hook/ament_prefix_path.ps1'
[0.247s] INFO:colcon.colcon_core.shell:Creating environment descriptor '/home/nyu-rdt/Delivery-Bot/install/robot_description/share/robot_description/hook/ament_prefix_path.dsv'
[0.247s] INFO:colcon.colcon_core.shell:Creating environment hook '/home/nyu-rdt/Delivery-Bot/install/robot_description/share/robot_description/hook/ament_prefix_path.sh'
[0.247s] INFO:colcon.colcon_core.shell:Skip shell extension 'powershell' for command environment: Not usable outside of PowerShell
[0.247s] DEBUG:colcon.colcon_core.shell:Skip shell extension 'dsv' for command environment
[0.249s] INFO:colcon.colcon_ros.task.ament_python.build:Building ROS package in '/home/nyu-rdt/Delivery-Bot/src/robot_navigation' with build type 'ament_python'
[0.250s] Level 1:colcon.colcon_core.shell:create_environment_hook('robot_navigation', 'ament_prefix_path')
[0.250s] INFO:colcon.colcon_core.shell:Creating environment hook '/home/nyu-rdt/Delivery-Bot/install/robot_navigation/share/robot_navigation/hook/ament_prefix_path.ps1'
[0.250s] INFO:colcon.colcon_core.shell:Creating environment descriptor '/home/nyu-rdt/Delivery-Bot/install/robot_navigation/share/robot_navigation/hook/ament_prefix_path.dsv'
[0.250s] INFO:colcon.colcon_core.shell:Creating environment hook '/home/nyu-rdt/Delivery-Bot/install/robot_navigation/share/robot_navigation/hook/ament_prefix_path.sh'
[0.250s] INFO:colcon.colcon_core.shell:Skip shell extension 'powershell' for command environment: Not usable outside of PowerShell
[0.250s] DEBUG:colcon.colcon_core.shell:Skip shell extension 'dsv' for command environment
[0.394s] INFO:colcon.colcon_core.task.python.build:Building Python package in '/home/nyu-rdt/Delivery-Bot/src/robot_control'
[0.394s] INFO:colcon.colcon_core.shell:Skip shell extension 'powershell' for command environment: Not usable outside of PowerShell
[0.394s] DEBUG:colcon.colcon_core.shell:Skip shell extension 'dsv' for command environment
[0.540s] INFO:colcon.colcon_core.task.python.build:Building Python package in '/home/nyu-rdt/Delivery-Bot/src/robot_description'
[0.540s] INFO:colcon.colcon_core.shell:Skip shell extension 'powershell' for command environment: Not usable outside of PowerShell
[0.540s] DEBUG:colcon.colcon_core.shell:Skip shell extension 'dsv' for command environment
[0.687s] INFO:colcon.colcon_core.task.python.build:Building Python package in '/home/nyu-rdt/Delivery-Bot/src/robot_navigation'
[0.687s] INFO:colcon.colcon_core.shell:Skip shell extension 'powershell' for command environment: Not usable outside of PowerShell
[0.687s] DEBUG:colcon.colcon_core.shell:Skip shell extension 'dsv' for command environment
[1.168s] DEBUG:colcon.colcon_core.task.python.build:While undoing a previous installation files outside the Python library path are being ignored: /home/nyu-rdt/Delivery-Bot/install/robot_navigation/share/ament_index/resource_index/packages/robot_navigation
[1.168s] DEBUG:colcon.colcon_core.task.python.build:While undoing a previous installation files outside the Python library path are being ignored: /home/nyu-rdt/Delivery-Bot/install/robot_navigation/share/robot_navigation/package.xml
[1.168s] DEBUG:colcon.colcon_core.task.python.build:While undoing a previous installation files outside the Python library path are being ignored: /home/nyu-rdt/Delivery-Bot/install/robot_navigation/share/robot_navigation/launch/navigation.launch.py
[1.168s] DEBUG:colcon.colcon_core.task.python.build:While undoing a previous installation files outside the Python library path are being ignored: /home/nyu-rdt/Delivery-Bot/install/robot_navigation/share/robot_navigation/config/ekf.yaml
[1.170s] DEBUG:colcon.colcon_core.event_handler.log_command:Invoking command in '/home/nyu-rdt/Delivery-Bot/build/robot_navigation': DEBUGINFOD_URLS=https://debuginfod.ubuntu.com PYTHONPATH=/home/nyu-rdt/Delivery-Bot/build/robot_navigation/prefix_override:/usr/lib/python3/dist-packages/colcon_core/task/python/colcon_distutils_commands:/home/nyu-rdt/Delivery-Bot/install/robot_navigation/lib/python3.12/site-packages:${PYTHONPATH} /usr/bin/python3 -W ignore:setup.py install is deprecated -W ignore:easy_install command is deprecated setup.py develop --editable --build-directory /home/nyu-rdt/Delivery-Bot/build/robot_navigation/build --no-deps symlink_data --force
[1.170s] DEBUG:colcon.colcon_core.task.python.build:While undoing a previous installation files outside the Python library path are being ignored: /home/nyu-rdt/Delivery-Bot/install/robot_control/share/ament_index/resource_index/packages/robot_control
[1.170s] DEBUG:colcon.colcon_core.task.python.build:While undoing a previous installation files outside the Python library path are being ignored: /home/nyu-rdt/Delivery-Bot/install/robot_control/share/robot_control/package.xml
[1.170s] DEBUG:colcon.colcon_core.task.python.build:While undoing a previous installation files outside the Python library path are being ignored: /home/nyu-rdt/Delivery-Bot/install/robot_control/lib/robot_control/odom_publisher
[1.171s] DEBUG:colcon.colcon_core.event_handler.log_command:Invoking command in '/home/nyu-rdt/Delivery-Bot/build/robot_control': DEBUGINFOD_URLS=https://debuginfod.ubuntu.com PYTHONPATH=/home/nyu-rdt/Delivery-Bot/build/robot_control/prefix_override:/usr/lib/python3/dist-packages/colcon_core/task/python/colcon_distutils_commands:/home/nyu-rdt/Delivery-Bot/install/robot_control/lib/python3.12/site-packages:${PYTHONPATH} /usr/bin/python3 -W ignore:setup.py install is deprecated -W ignore:easy_install command is deprecated setup.py develop --editable --build-directory /home/nyu-rdt/Delivery-Bot/build/robot_control/build --no-deps symlink_data --force
[1.186s] DEBUG:colcon.colcon_core.task.python.build:While undoing a previous installation files outside the Python library path are being ignored: /home/nyu-rdt/Delivery-Bot/install/robot_description/share/ament_index/resource_index/packages/robot_description
[1.186s] DEBUG:colcon.colcon_core.task.python.build:While undoing a previous installation files outside the Python library path are being ignored: /home/nyu-rdt/Delivery-Bot/install/robot_description/share/robot_description/package.xml
[1.186s] DEBUG:colcon.colcon_core.task.python.build:While undoing a previous installation files outside the Python library path are being ignored: /home/nyu-rdt/Delivery-Bot/install/robot_description/share/robot_description/description/robot_description.sdf
[1.186s] DEBUG:colcon.colcon_core.task.python.build:While undoing a previous installation files outside the Python library path are being ignored: /home/nyu-rdt/Delivery-Bot/install/robot_description/share/robot_description/description/robot_description.urdf
[1.186s] DEBUG:colcon.colcon_core.task.python.build:While undoing a previous installation files outside the Python library path are being ignored: /home/nyu-rdt/Delivery-Bot/install/robot_description/share/robot_description/launch/display.launch.py
[1.186s] DEBUG:colcon.colcon_core.task.python.build:While undoing a previous installation files outside the Python library path are being ignored: /home/nyu-rdt/Delivery-Bot/install/robot_description/share/robot_description/meshes/head_v1.STL
[1.186s] DEBUG:colcon.colcon_core.task.python.build:While undoing a previous installation files outside the Python library path are being ignored: /home/nyu-rdt/Delivery-Bot/install/robot_description/share/robot_description/meshes/body_v2.STL
[1.186s] DEBUG:colcon.colcon_core.task.python.build:While undoing a previous installation files outside the Python library path are being ignored: /home/nyu-rdt/Delivery-Bot/install/robot_description/share/robot_description/rviz/config.rviz
[1.187s] DEBUG:colcon.colcon_core.event_handler.log_command:Invoking command in '/home/nyu-rdt/Delivery-Bot/build/robot_description': DEBUGINFOD_URLS=https://debuginfod.ubuntu.com PYTHONPATH=/home/nyu-rdt/Delivery-Bot/build/robot_description/prefix_override:/usr/lib/python3/dist-packages/colcon_core/task/python/colcon_distutils_commands:/home/nyu-rdt/Delivery-Bot/install/robot_description/lib/python3.12/site-packages:${PYTHONPATH} /usr/bin/python3 -W ignore:setup.py install is deprecated -W ignore:easy_install command is deprecated setup.py develop --editable --build-directory /home/nyu-rdt/Delivery-Bot/build/robot_description/build --no-deps symlink_data --force
[1.662s] Level 1:colcon.colcon_core.shell:create_environment_hook('robot_control', 'pythonpath_develop')
[1.663s] INFO:colcon.colcon_core.shell:Creating environment hook '/home/nyu-rdt/Delivery-Bot/build/robot_control/share/robot_control/hook/pythonpath_develop.ps1'
[1.663s] DEBUG:colcon.colcon_core.event_handler.log_command:Invoked command in '/home/nyu-rdt/Delivery-Bot/build/robot_control' returned '0': DEBUGINFOD_URLS=https://debuginfod.ubuntu.com PYTHONPATH=/home/nyu-rdt/Delivery-Bot/build/robot_control/prefix_override:/usr/lib/python3/dist-packages/colcon_core/task/python/colcon_distutils_commands:/home/nyu-rdt/Delivery-Bot/install/robot_control/lib/python3.12/site-packages:${PYTHONPATH} /usr/bin/python3 -W ignore:setup.py install is deprecated -W ignore:easy_install command is deprecated setup.py develop --editable --build-directory /home/nyu-rdt/Delivery-Bot/build/robot_control/build --no-deps symlink_data --force
[1.664s] INFO:colcon.colcon_core.shell:Creating environment descriptor '/home/nyu-rdt/Delivery-Bot/build/robot_control/share/robot_control/hook/pythonpath_develop.dsv'
[1.664s] INFO:colcon.colcon_core.shell:Creating environment hook '/home/nyu-rdt/Delivery-Bot/build/robot_control/share/robot_control/hook/pythonpath_develop.sh'
[1.670s] Level 1:colcon.colcon_core.environment:checking '/home/nyu-rdt/Delivery-Bot/install/robot_control' for CMake module files
[1.670s] Level 1:colcon.colcon_core.environment:checking '/home/nyu-rdt/Delivery-Bot/install/robot_control' for CMake config files
[1.671s] Level 1:colcon.colcon_core.environment:checking '/home/nyu-rdt/Delivery-Bot/install/robot_control/lib'
[1.671s] Level 1:colcon.colcon_core.environment:checking '/home/nyu-rdt/Delivery-Bot/install/robot_control/bin'
[1.671s] Level 1:colcon.colcon_core.environment:checking '/home/nyu-rdt/Delivery-Bot/install/robot_control/lib/pkgconfig/robot_control.pc'
[1.671s] Level 1:colcon.colcon_core.environment:checking '/home/nyu-rdt/Delivery-Bot/install/robot_control/lib/python3.12/site-packages'
[1.671s] Level 1:colcon.colcon_core.shell:create_environment_hook('robot_control', 'pythonpath')
[1.672s] INFO:colcon.colcon_core.shell:Creating environment hook '/home/nyu-rdt/Delivery-Bot/install/robot_control/share/robot_control/hook/pythonpath.ps1'
[1.672s] INFO:colcon.colcon_core.shell:Creating environment descriptor '/home/nyu-rdt/Delivery-Bot/install/robot_control/share/robot_control/hook/pythonpath.dsv'
[1.673s] INFO:colcon.colcon_core.shell:Creating environment hook '/home/nyu-rdt/Delivery-Bot/install/robot_control/share/robot_control/hook/pythonpath.sh'
[1.673s] Level 1:colcon.colcon_core.environment:checking '/home/nyu-rdt/Delivery-Bot/install/robot_control/bin'
[1.673s] Level 1:colcon.colcon_core.environment:create_environment_scripts_only(robot_control)
[1.674s] INFO:colcon.colcon_core.shell:Creating package script '/home/nyu-rdt/Delivery-Bot/install/robot_control/share/robot_control/package.ps1'
[1.675s] INFO:colcon.colcon_core.shell:Creating package descriptor '/home/nyu-rdt/Delivery-Bot/install/robot_control/share/robot_control/package.dsv'
[1.675s] INFO:colcon.colcon_core.shell:Creating package script '/home/nyu-rdt/Delivery-Bot/install/robot_control/share/robot_control/package.sh'
[1.676s] INFO:colcon.colcon_core.shell:Creating package script '/home/nyu-rdt/Delivery-Bot/install/robot_control/share/robot_control/package.bash'
[1.677s] INFO:colcon.colcon_core.shell:Creating package script '/home/nyu-rdt/Delivery-Bot/install/robot_control/share/robot_control/package.zsh'
[1.677s] Level 1:colcon.colcon_core.environment:create_file_with_runtime_dependencies(/home/nyu-rdt/Delivery-Bot/install/robot_control/share/colcon-core/packages/robot_control)
[1.677s] Level 1:colcon.colcon_core.shell:create_environment_hook('robot_navigation', 'pythonpath_develop')
[1.678s] INFO:colcon.colcon_core.shell:Creating environment hook '/home/nyu-rdt/Delivery-Bot/build/robot_navigation/share/robot_navigation/hook/pythonpath_develop.ps1'
[1.678s] DEBUG:colcon.colcon_core.event_handler.log_command:Invoked command in '/home/nyu-rdt/Delivery-Bot/build/robot_navigation' returned '0': DEBUGINFOD_URLS=https://debuginfod.ubuntu.com PYTHONPATH=/home/nyu-rdt/Delivery-Bot/build/robot_navigation/prefix_override:/usr/lib/python3/dist-packages/colcon_core/task/python/colcon_distutils_commands:/home/nyu-rdt/Delivery-Bot/install/robot_navigation/lib/python3.12/site-packages:${PYTHONPATH} /usr/bin/python3 -W ignore:setup.py install is deprecated -W ignore:easy_install command is deprecated setup.py develop --editable --build-directory /home/nyu-rdt/Delivery-Bot/build/robot_navigation/build --no-deps symlink_data --force
[1.679s] INFO:colcon.colcon_core.shell:Creating environment descriptor '/home/nyu-rdt/Delivery-Bot/build/robot_navigation/share/robot_navigation/hook/pythonpath_develop.dsv'
[1.679s] INFO:colcon.colcon_core.shell:Creating environment hook '/home/nyu-rdt/Delivery-Bot/build/robot_navigation/share/robot_navigation/hook/pythonpath_develop.sh'
[1.679s] Level 1:colcon.colcon_core.environment:checking '/home/nyu-rdt/Delivery-Bot/install/robot_navigation' for CMake module files
[1.680s] Level 1:colcon.colcon_core.environment:checking '/home/nyu-rdt/Delivery-Bot/install/robot_navigation' for CMake config files
[1.680s] Level 1:colcon.colcon_core.environment:checking '/home/nyu-rdt/Delivery-Bot/install/robot_navigation/lib'
[1.680s] Level 1:colcon.colcon_core.environment:checking '/home/nyu-rdt/Delivery-Bot/install/robot_navigation/bin'
[1.680s] Level 1:colcon.colcon_core.environment:checking '/home/nyu-rdt/Delivery-Bot/install/robot_navigation/lib/pkgconfig/robot_navigation.pc'
[1.680s] Level 1:colcon.colcon_core.environment:checking '/home/nyu-rdt/Delivery-Bot/install/robot_navigation/lib/python3.12/site-packages'
[1.680s] Level 1:colcon.colcon_core.shell:create_environment_hook('robot_navigation', 'pythonpath')
[1.680s] INFO:colcon.colcon_core.shell:Creating environment hook '/home/nyu-rdt/Delivery-Bot/install/robot_navigation/share/robot_navigation/hook/pythonpath.ps1'
[1.681s] INFO:colcon.colcon_core.shell:Creating environment descriptor '/home/nyu-rdt/Delivery-Bot/install/robot_navigation/share/robot_navigation/hook/pythonpath.dsv'
[1.681s] INFO:colcon.colcon_core.shell:Creating environment hook '/home/nyu-rdt/Delivery-Bot/install/robot_navigation/share/robot_navigation/hook/pythonpath.sh'
[1.681s] Level 1:colcon.colcon_core.environment:checking '/home/nyu-rdt/Delivery-Bot/install/robot_navigation/bin'
[1.681s] Level 1:colcon.colcon_core.environment:create_environment_scripts_only(robot_navigation)
[1.681s] INFO:colcon.colcon_core.shell:Creating package script '/home/nyu-rdt/Delivery-Bot/install/robot_navigation/share/robot_navigation/package.ps1'
[1.682s] INFO:colcon.colcon_core.shell:Creating package descriptor '/home/nyu-rdt/Delivery-Bot/install/robot_navigation/share/robot_navigation/package.dsv'
[1.682s] INFO:colcon.colcon_core.shell:Creating package script '/home/nyu-rdt/Delivery-Bot/install/robot_navigation/share/robot_navigation/package.sh'
[1.682s] INFO:colcon.colcon_core.shell:Creating package script '/home/nyu-rdt/Delivery-Bot/install/robot_navigation/share/robot_navigation/package.bash'
[1.682s] INFO:colcon.colcon_core.shell:Creating package script '/home/nyu-rdt/Delivery-Bot/install/robot_navigation/share/robot_navigation/package.zsh'
[1.683s] Level 1:colcon.colcon_core.environment:create_file_with_runtime_dependencies(/home/nyu-rdt/Delivery-Bot/install/robot_navigation/share/colcon-core/packages/robot_navigation)
[1.683s] Level 1:colcon.colcon_core.shell:create_environment_hook('robot_description', 'pythonpath_develop')
[1.684s] INFO:colcon.colcon_core.shell:Creating environment hook '/home/nyu-rdt/Delivery-Bot/build/robot_description/share/robot_description/hook/pythonpath_develop.ps1'
[1.684s] DEBUG:colcon.colcon_core.event_handler.log_command:Invoked command in '/home/nyu-rdt/Delivery-Bot/build/robot_description' returned '0': DEBUGINFOD_URLS=https://debuginfod.ubuntu.com PYTHONPATH=/home/nyu-rdt/Delivery-Bot/build/robot_description/prefix_override:/usr/lib/python3/dist-packages/colcon_core/task/python/colcon_distutils_commands:/home/nyu-rdt/Delivery-Bot/install/robot_description/lib/python3.12/site-packages:${PYTHONPATH} /usr/bin/python3 -W ignore:setup.py install is deprecated -W ignore:easy_install command is deprecated setup.py develop --editable --build-directory /home/nyu-rdt/Delivery-Bot/build/robot_description/build --no-deps symlink_data --force
[1.685s] INFO:colcon.colcon_core.shell:Creating environment descriptor '/home/nyu-rdt/Delivery-Bot/build/robot_description/share/robot_description/hook/pythonpath_develop.dsv'
[1.685s] INFO:colcon.colcon_core.shell:Creating environment hook '/home/nyu-rdt/Delivery-Bot/build/robot_description/share/robot_description/hook/pythonpath_develop.sh'
[1.686s] Level 1:colcon.colcon_core.environment:checking '/home/nyu-rdt/Delivery-Bot/install/robot_description' for CMake module files
[1.686s] Level 1:colcon.colcon_core.environment:checking '/home/nyu-rdt/Delivery-Bot/install/robot_description' for CMake config files
[1.687s] Level 1:colcon.colcon_core.environment:checking '/home/nyu-rdt/Delivery-Bot/install/robot_description/lib'
[1.687s] Level 1:colcon.colcon_core.environment:checking '/home/nyu-rdt/Delivery-Bot/install/robot_description/bin'
[1.687s] Level 1:colcon.colcon_core.environment:checking '/home/nyu-rdt/Delivery-Bot/install/robot_description/lib/pkgconfig/robot_description.pc'
[1.687s] Level 1:colcon.colcon_core.environment:checking '/home/nyu-rdt/Delivery-Bot/install/robot_description/lib/python3.12/site-packages'
[1.687s] Level 1:colcon.colcon_core.shell:create_environment_hook('robot_description', 'pythonpath')
[1.687s] INFO:colcon.colcon_core.shell:Creating environment hook '/home/nyu-rdt/Delivery-Bot/install/robot_description/share/robot_description/hook/pythonpath.ps1'
[1.688s] INFO:colcon.colcon_core.shell:Creating environment descriptor '/home/nyu-rdt/Delivery-Bot/install/robot_description/share/robot_description/hook/pythonpath.dsv'
[1.688s] INFO:colcon.colcon_core.shell:Creating environment hook '/home/nyu-rdt/Delivery-Bot/install/robot_description/share/robot_description/hook/pythonpath.sh'
[1.689s] Level 1:colcon.colcon_core.environment:checking '/home/nyu-rdt/Delivery-Bot/install/robot_description/bin'
[1.689s] Level 1:colcon.colcon_core.environment:create_environment_scripts_only(robot_description)
[1.689s] INFO:colcon.colcon_core.shell:Creating package script '/home/nyu-rdt/Delivery-Bot/install/robot_description/share/robot_description/package.ps1'
[1.690s] INFO:colcon.colcon_core.shell:Creating package descriptor '/home/nyu-rdt/Delivery-Bot/install/robot_description/share/robot_description/package.dsv'
[1.690s] INFO:colcon.colcon_core.shell:Creating package script '/home/nyu-rdt/Delivery-Bot/install/robot_description/share/robot_description/package.sh'
[1.691s] INFO:colcon.colcon_core.shell:Creating package script '/home/nyu-rdt/Delivery-Bot/install/robot_description/share/robot_description/package.bash'
[1.691s] INFO:colcon.colcon_core.shell:Creating package script '/home/nyu-rdt/Delivery-Bot/install/robot_description/share/robot_description/package.zsh'
[1.692s] Level 1:colcon.colcon_core.environment:create_file_with_runtime_dependencies(/home/nyu-rdt/Delivery-Bot/install/robot_description/share/colcon-core/packages/robot_description)
[1.692s] INFO:colcon.colcon_ros.task.ament_python.build:Building ROS package in '/home/nyu-rdt/Delivery-Bot/src/robot_bringup' with build type 'ament_python'
[1.692s] Level 1:colcon.colcon_core.shell:create_environment_hook('robot_bringup', 'ament_prefix_path')
[1.692s] INFO:colcon.colcon_core.shell:Creating environment hook '/home/nyu-rdt/Delivery-Bot/install/robot_bringup/share/robot_bringup/hook/ament_prefix_path.ps1'
[1.693s] INFO:colcon.colcon_core.shell:Creating environment descriptor '/home/nyu-rdt/Delivery-Bot/install/robot_bringup/share/robot_bringup/hook/ament_prefix_path.dsv'
[1.693s] INFO:colcon.colcon_core.shell:Creating environment hook '/home/nyu-rdt/Delivery-Bot/install/robot_bringup/share/robot_bringup/hook/ament_prefix_path.sh'
[1.693s] INFO:colcon.colcon_core.shell:Skip shell extension 'powershell' for command environment: Not usable outside of PowerShell
[1.693s] DEBUG:colcon.colcon_core.shell:Skip shell extension 'dsv' for command environment
[1.863s] INFO:colcon.colcon_core.task.python.build:Building Python package in '/home/nyu-rdt/Delivery-Bot/src/robot_bringup'
[1.863s] INFO:colcon.colcon_core.shell:Skip shell extension 'powershell' for command environment: Not usable outside of PowerShell
[1.863s] DEBUG:colcon.colcon_core.shell:Skip shell extension 'dsv' for command environment
[2.417s] DEBUG:colcon.colcon_core.task.python.build:While undoing a previous installation files outside the Python library path are being ignored: /home/nyu-rdt/Delivery-Bot/install/robot_bringup/share/ament_index/resource_index/packages/robot_bringup
[2.417s] DEBUG:colcon.colcon_core.task.python.build:While undoing a previous installation files outside the Python library path are being ignored: /home/nyu-rdt/Delivery-Bot/install/robot_bringup/share/robot_bringup/package.xml
[2.417s] DEBUG:colcon.colcon_core.task.python.build:While undoing a previous installation files outside the Python library path are being ignored: /home/nyu-rdt/Delivery-Bot/install/robot_bringup/share/robot_bringup/launch/bringup.launch.py
[2.419s] DEBUG:colcon.colcon_core.event_handler.log_command:Invoking command in '/home/nyu-rdt/Delivery-Bot/build/robot_bringup': AMENT_PREFIX_PATH=/home/nyu-rdt/Delivery-Bot/install/robot_navigation:/home/nyu-rdt/Delivery-Bot/install/robot_description:/home/nyu-rdt/Delivery-Bot/install/robot_control:/home/nyu-rdt/Delivery-Bot/install/robot_bringup:/home/nyu-rdt/ros2_jazzy/install:/opt/ros/jazzy DEBUGINFOD_URLS=https://debuginfod.ubuntu.com PYTHONPATH=/home/nyu-rdt/Delivery-Bot/build/robot_bringup/prefix_override:/usr/lib/python3/dist-packages/colcon_core/task/python/colcon_distutils_commands:/home/nyu-rdt/Delivery-Bot/install/robot_bringup/lib/python3.12/site-packages:/home/nyu-rdt/Delivery-Bot/build/robot_navigation:/home/nyu-rdt/Delivery-Bot/install/robot_navigation/lib/python3.12/site-packages:/home/nyu-rdt/Delivery-Bot/build/robot_description:/home/nyu-rdt/Delivery-Bot/install/robot_description/lib/python3.12/site-packages:/home/nyu-rdt/Delivery-Bot/build/robot_control:/home/nyu-rdt/Delivery-Bot/install/robot_control/lib/python3.12/site-packages:/home/nyu-rdt/Delivery-Bot/install/robot_bringup/lib/python3.12/site-packages:/opt/ros/jazzy/lib/python3.12/site-packages:/usr/local/lib /usr/bin/python3 -W ignore:setup.py install is deprecated -W ignore:easy_install command is deprecated setup.py develop --editable --build-directory /home/nyu-rdt/Delivery-Bot/build/robot_bringup/build --no-deps symlink_data --force
[2.915s] Level 1:colcon.colcon_core.shell:create_environment_hook('robot_bringup', 'pythonpath_develop')
[2.915s] INFO:colcon.colcon_core.shell:Creating environment hook '/home/nyu-rdt/Delivery-Bot/build/robot_bringup/share/robot_bringup/hook/pythonpath_develop.ps1'
[2.916s] DEBUG:colcon.colcon_core.event_handler.log_command:Invoked command in '/home/nyu-rdt/Delivery-Bot/build/robot_bringup' returned '0': AMENT_PREFIX_PATH=/home/nyu-rdt/Delivery-Bot/install/robot_navigation:/home/nyu-rdt/Delivery-Bot/install/robot_description:/home/nyu-rdt/Delivery-Bot/install/robot_control:/home/nyu-rdt/Delivery-Bot/install/robot_bringup:/home/nyu-rdt/ros2_jazzy/install:/opt/ros/jazzy DEBUGINFOD_URLS=https://debuginfod.ubuntu.com PYTHONPATH=/home/nyu-rdt/Delivery-Bot/build/robot_bringup/prefix_override:/usr/lib/python3/dist-packages/colcon_core/task/python/colcon_distutils_commands:/home/nyu-rdt/Delivery-Bot/install/robot_bringup/lib/python3.12/site-packages:/home/nyu-rdt/Delivery-Bot/build/robot_navigation:/home/nyu-rdt/Delivery-Bot/install/robot_navigation/lib/python3.12/site-packages:/home/nyu-rdt/Delivery-Bot/build/robot_description:/home/nyu-rdt/Delivery-Bot/install/robot_description/lib/python3.12/site-packages:/home/nyu-rdt/Delivery-Bot/build/robot_control:/home/nyu-rdt/Delivery-Bot/install/robot_control/lib/python3.12/site-packages:/home/nyu-rdt/Delivery-Bot/install/robot_bringup/lib/python3.12/site-packages:/opt/ros/jazzy/lib/python3.12/site-packages:/usr/local/lib /usr/bin/python3 -W ignore:setup.py install is deprecated -W ignore:easy_install command is deprecated setup.py develop --editable --build-directory /home/nyu-rdt/Delivery-Bot/build/robot_bringup/build --no-deps symlink_data --force
[2.916s] INFO:colcon.colcon_core.shell:Creating environment descriptor '/home/nyu-rdt/Delivery-Bot/build/robot_bringup/share/robot_bringup/hook/pythonpath_develop.dsv'
[2.916s] INFO:colcon.colcon_core.shell:Creating environment hook '/home/nyu-rdt/Delivery-Bot/build/robot_bringup/share/robot_bringup/hook/pythonpath_develop.sh'
[2.916s] Level 1:colcon.colcon_core.environment:checking '/home/nyu-rdt/Delivery-Bot/install/robot_bringup' for CMake module files
[2.916s] Level 1:colcon.colcon_core.environment:checking '/home/nyu-rdt/Delivery-Bot/install/robot_bringup' for CMake config files
[2.917s] Level 1:colcon.colcon_core.environment:checking '/home/nyu-rdt/Delivery-Bot/install/robot_bringup/lib'
[2.917s] Level 1:colcon.colcon_core.environment:checking '/home/nyu-rdt/Delivery-Bot/install/robot_bringup/bin'
[2.917s] Level 1:colcon.colcon_core.environment:checking '/home/nyu-rdt/Delivery-Bot/install/robot_bringup/lib/pkgconfig/robot_bringup.pc'
[2.917s] Level 1:colcon.colcon_core.environment:checking '/home/nyu-rdt/Delivery-Bot/install/robot_bringup/lib/python3.12/site-packages'
[2.917s] Level 1:colcon.colcon_core.shell:create_environment_hook('robot_bringup', 'pythonpath')
[2.917s] INFO:colcon.colcon_core.shell:Creating environment hook '/home/nyu-rdt/Delivery-Bot/install/robot_bringup/share/robot_bringup/hook/pythonpath.ps1'
[2.917s] INFO:colcon.colcon_core.shell:Creating environment descriptor '/home/nyu-rdt/Delivery-Bot/install/robot_bringup/share/robot_bringup/hook/pythonpath.dsv'
[2.917s] INFO:colcon.colcon_core.shell:Creating environment hook '/home/nyu-rdt/Delivery-Bot/install/robot_bringup/share/robot_bringup/hook/pythonpath.sh'
[2.918s] Level 1:colcon.colcon_core.environment:checking '/home/nyu-rdt/Delivery-Bot/install/robot_bringup/bin'
[2.918s] Level 1:colcon.colcon_core.environment:create_environment_scripts_only(robot_bringup)
[2.918s] INFO:colcon.colcon_core.shell:Creating package script '/home/nyu-rdt/Delivery-Bot/install/robot_bringup/share/robot_bringup/package.ps1'
[2.918s] INFO:colcon.colcon_core.shell:Creating package descriptor '/home/nyu-rdt/Delivery-Bot/install/robot_bringup/share/robot_bringup/package.dsv'
[2.918s] INFO:colcon.colcon_core.shell:Creating package script '/home/nyu-rdt/Delivery-Bot/install/robot_bringup/share/robot_bringup/package.sh'
[2.919s] INFO:colcon.colcon_core.shell:Creating package script '/home/nyu-rdt/Delivery-Bot/install/robot_bringup/share/robot_bringup/package.bash'
[2.919s] INFO:colcon.colcon_core.shell:Creating package script '/home/nyu-rdt/Delivery-Bot/install/robot_bringup/share/robot_bringup/package.zsh'
[2.919s] Level 1:colcon.colcon_core.environment:create_file_with_runtime_dependencies(/home/nyu-rdt/Delivery-Bot/install/robot_bringup/share/colcon-core/packages/robot_bringup)
[2.919s] DEBUG:colcon.colcon_parallel_executor.executor.parallel:closing loop
[2.919s] DEBUG:colcon.colcon_parallel_executor.executor.parallel:loop closed
[2.919s] DEBUG:colcon.colcon_parallel_executor.executor.parallel:run_until_complete finished with '0'
[2.919s] DEBUG:colcon.colcon_core.event_reactor:joining thread
[2.926s] INFO:colcon.colcon_core.plugin_system:Skipping extension 'colcon_notification.desktop_notification.terminal_notifier': Not used on non-Darwin systems
[2.926s] INFO:colcon.colcon_core.plugin_system:Skipping extension 'colcon_notification.desktop_notification.win32': Not used on non-Windows systems
[2.926s] INFO:colcon.colcon_notification.desktop_notification:Sending desktop notification using 'notify2'
[2.936s] DEBUG:colcon.colcon_core.event_reactor:joined thread
[2.936s] INFO:colcon.colcon_core.shell:Creating prefix script '/home/nyu-rdt/Delivery-Bot/install/local_setup.ps1'
[2.937s] INFO:colcon.colcon_core.shell:Creating prefix util module '/home/nyu-rdt/Delivery-Bot/install/_local_setup_util_ps1.py'
[2.938s] INFO:colcon.colcon_core.shell:Creating prefix chain script '/home/nyu-rdt/Delivery-Bot/install/setup.ps1'
[2.939s] INFO:colcon.colcon_core.shell:Creating prefix script '/home/nyu-rdt/Delivery-Bot/install/local_setup.sh'
[2.939s] INFO:colcon.colcon_core.shell:Creating prefix util module '/home/nyu-rdt/Delivery-Bot/install/_local_setup_util_sh.py'
[2.939s] INFO:colcon.colcon_core.shell:Creating prefix chain script '/home/nyu-rdt/Delivery-Bot/install/setup.sh'
[2.940s] INFO:colcon.colcon_core.shell:Creating prefix script '/home/nyu-rdt/Delivery-Bot/install/local_setup.bash'
[2.941s] INFO:colcon.colcon_core.shell:Creating prefix chain script '/home/nyu-rdt/Delivery-Bot/install/setup.bash'
[2.941s] INFO:colcon.colcon_core.shell:Creating prefix script '/home/nyu-rdt/Delivery-Bot/install/local_setup.zsh'
[2.941s] INFO:colcon.colcon_core.shell:Creating prefix chain script '/home/nyu-rdt/Delivery-Bot/install/setup.zsh'
