[1.082s] Invoking command in '/home/nyu-rdt/Delivery-Bot/src/robot_control': DEBUGINFOD_URLS=https://debuginfod.ubuntu.com PYTHONPATH=/home/nyu-rdt/Delivery-Bot/build/robot_control/prefix_override:/usr/lib/python3/dist-packages/colcon_core/task/python/colcon_distutils_commands:/home/nyu-rdt/Delivery-Bot/install/robot_control/lib/python3.12/site-packages:${PYTHONPATH} /usr/bin/python3 -W ignore:setup.py install is deprecated -W ignore:easy_install command is deprecated setup.py egg_info --egg-base ../../build/robot_control build --build-base /home/nyu-rdt/Delivery-Bot/build/robot_control/build install --record /home/nyu-rdt/Delivery-Bot/build/robot_control/install.log --single-version-externally-managed install_data
[1.281s] running egg_info
[1.281s] creating ../../build/robot_control/robot_control.egg-info
[1.296s] writing ../../build/robot_control/robot_control.egg-info/PKG-INFO
[1.296s] writing dependency_links to ../../build/robot_control/robot_control.egg-info/dependency_links.txt
[1.296s] writing entry points to ../../build/robot_control/robot_control.egg-info/entry_points.txt
[1.297s] writing requirements to ../../build/robot_control/robot_control.egg-info/requires.txt
[1.297s] writing top-level names to ../../build/robot_control/robot_control.egg-info/top_level.txt
[1.297s] writing manifest file '../../build/robot_control/robot_control.egg-info/SOURCES.txt'
[1.327s] reading manifest file '../../build/robot_control/robot_control.egg-info/SOURCES.txt'
[1.327s] writing manifest file '../../build/robot_control/robot_control.egg-info/SOURCES.txt'
[1.327s] running build
[1.328s] running build_py
[1.328s] creating /home/nyu-rdt/Delivery-Bot/build/robot_control/build
[1.328s] creating /home/nyu-rdt/Delivery-Bot/build/robot_control/build/lib
[1.328s] creating /home/nyu-rdt/Delivery-Bot/build/robot_control/build/lib/robot_control
[1.328s] copying robot_control/odom_publisher.py -> /home/nyu-rdt/Delivery-Bot/build/robot_control/build/lib/robot_control
[1.328s] copying robot_control/__init__.py -> /home/nyu-rdt/Delivery-Bot/build/robot_control/build/lib/robot_control
[1.328s] running install
[1.332s] running install_lib
[1.347s] creating /home/nyu-rdt/Delivery-Bot/install/robot_control/lib/python3.12/site-packages/robot_control
[1.347s] copying /home/nyu-rdt/Delivery-Bot/build/robot_control/build/lib/robot_control/odom_publisher.py -> /home/nyu-rdt/Delivery-Bot/install/robot_control/lib/python3.12/site-packages/robot_control
[1.347s] copying /home/nyu-rdt/Delivery-Bot/build/robot_control/build/lib/robot_control/__init__.py -> /home/nyu-rdt/Delivery-Bot/install/robot_control/lib/python3.12/site-packages/robot_control
[1.347s] byte-compiling /home/nyu-rdt/Delivery-Bot/install/robot_control/lib/python3.12/site-packages/robot_control/odom_publisher.py to odom_publisher.cpython-312.pyc
[1.348s] byte-compiling /home/nyu-rdt/Delivery-Bot/install/robot_control/lib/python3.12/site-packages/robot_control/__init__.py to __init__.cpython-312.pyc
[1.348s] running install_data
[1.348s] creating /home/nyu-rdt/Delivery-Bot/install/robot_control/share/ament_index
[1.348s] creating /home/nyu-rdt/Delivery-Bot/install/robot_control/share/ament_index/resource_index
[1.348s] creating /home/nyu-rdt/Delivery-Bot/install/robot_control/share/ament_index/resource_index/packages
[1.348s] copying resource/robot_control -> /home/nyu-rdt/Delivery-Bot/install/robot_control/share/ament_index/resource_index/packages
[1.348s] copying package.xml -> /home/nyu-rdt/Delivery-Bot/install/robot_control/share/robot_control
[1.348s] running install_egg_info
[1.364s] Copying ../../build/robot_control/robot_control.egg-info to /home/nyu-rdt/Delivery-Bot/install/robot_control/lib/python3.12/site-packages/robot_control-0.0.0-py3.12.egg-info
[1.364s] running install_scripts
[1.462s] Installing odom_publisher script to /home/nyu-rdt/Delivery-Bot/install/robot_control/lib/robot_control
[1.462s] writing list of installed files to '/home/nyu-rdt/Delivery-Bot/build/robot_control/install.log'
[1.489s] Invoked command in '/home/nyu-rdt/Delivery-Bot/src/robot_control' returned '0': DEBUGINFOD_URLS=https://debuginfod.ubuntu.com PYTHONPATH=/home/nyu-rdt/Delivery-Bot/build/robot_control/prefix_override:/usr/lib/python3/dist-packages/colcon_core/task/python/colcon_distutils_commands:/home/nyu-rdt/Delivery-Bot/install/robot_control/lib/python3.12/site-packages:${PYTHONPATH} /usr/bin/python3 -W ignore:setup.py install is deprecated -W ignore:easy_install command is deprecated setup.py egg_info --egg-base ../../build/robot_control build --build-base /home/nyu-rdt/Delivery-Bot/build/robot_control/build install --record /home/nyu-rdt/Delivery-Bot/build/robot_control/install.log --single-version-externally-managed install_data
