[11.647s] Invoking command in '/home/mandy/Delivery-Bot/build/robot_description': DEBUGINFOD_URLS=https://debuginfod.ubuntu.com PYTHONPATH=/home/mandy/Delivery-Bot/build/robot_description/prefix_override:/usr/lib/python3/dist-packages/colcon_core/task/python/colcon_distutils_commands:/home/mandy/Delivery-Bot/install/robot_description/lib/python3.12/site-packages:${PYTHONPATH} /usr/bin/python3 -W ignore:setup.py install is deprecated -W ignore:easy_install command is deprecated setup.py develop --editable --build-directory /home/mandy/Delivery-Bot/build/robot_description/build --no-deps symlink_data
[14.317s] running develop
[16.582s] running egg_info
[16.585s] creating robot_description.egg-info
[16.751s] writing robot_description.egg-info/PKG-INFO
[16.754s] writing dependency_links to robot_description.egg-info/dependency_links.txt
[16.760s] writing requirements to robot_description.egg-info/requires.txt
[16.763s] writing top-level names to robot_description.egg-info/top_level.txt
[16.763s] writing manifest file 'robot_description.egg-info/SOURCES.txt'
[17.059s] reading manifest file 'robot_description.egg-info/SOURCES.txt'
[17.062s] writing manifest file 'robot_description.egg-info/SOURCES.txt'
[17.228s] running build_ext
[17.229s] Creating /home/mandy/Delivery-Bot/install/robot_description/lib/python3.12/site-packages/robot-description.egg-link (link to .)
[17.236s] 
[17.237s] Installed /home/mandy/Delivery-Bot/build/robot_description
[17.239s] running symlink_data
[17.242s] creating /home/mandy/Delivery-Bot/install/robot_description/share/ament_index
[17.244s] creating /home/mandy/Delivery-Bot/install/robot_description/share/ament_index/resource_index
[17.247s] creating /home/mandy/Delivery-Bot/install/robot_description/share/ament_index/resource_index/packages
[17.250s] symbolically linking /home/mandy/Delivery-Bot/build/robot_description/resource/robot_description -> /home/mandy/Delivery-Bot/install/robot_description/share/ament_index/resource_index/packages
[17.255s] symbolically linking /home/mandy/Delivery-Bot/build/robot_description/package.xml -> /home/mandy/Delivery-Bot/install/robot_description/share/robot_description
[17.257s] creating /home/mandy/Delivery-Bot/install/robot_description/share/robot_description/description
[17.264s] symbolically linking /home/mandy/Delivery-Bot/build/robot_description/description/robot_description.urdf -> /home/mandy/Delivery-Bot/install/robot_description/share/robot_description/description
[17.272s] symbolically linking /home/mandy/Delivery-Bot/build/robot_description/description/robot_description.sdf -> /home/mandy/Delivery-Bot/install/robot_description/share/robot_description/description
[17.274s] creating /home/mandy/Delivery-Bot/install/robot_description/share/robot_description/launch
[17.278s] symbolically linking /home/mandy/Delivery-Bot/build/robot_description/launch/display.launch.py -> /home/mandy/Delivery-Bot/install/robot_description/share/robot_description/launch
[17.285s] creating /home/mandy/Delivery-Bot/install/robot_description/share/robot_description/meshes
[17.290s] symbolically linking /home/mandy/Delivery-Bot/build/robot_description/meshes/body.stl -> /home/mandy/Delivery-Bot/install/robot_description/share/robot_description/meshes
[17.292s] symbolically linking /home/mandy/Delivery-Bot/build/robot_description/meshes/head_v1.STL -> /home/mandy/Delivery-Bot/install/robot_description/share/robot_description/meshes
[17.294s] creating /home/mandy/Delivery-Bot/install/robot_description/share/robot_description/rviz
[17.296s] symbolically linking /home/mandy/Delivery-Bot/build/robot_description/rviz/config.rviz -> /home/mandy/Delivery-Bot/install/robot_description/share/robot_description/rviz
[17.569s] Invoked command in '/home/mandy/Delivery-Bot/build/robot_description' returned '0': DEBUGINFOD_URLS=https://debuginfod.ubuntu.com PYTHONPATH=/home/mandy/Delivery-Bot/build/robot_description/prefix_override:/usr/lib/python3/dist-packages/colcon_core/task/python/colcon_distutils_commands:/home/mandy/Delivery-Bot/install/robot_description/lib/python3.12/site-packages:${PYTHONPATH} /usr/bin/python3 -W ignore:setup.py install is deprecated -W ignore:easy_install command is deprecated setup.py develop --editable --build-directory /home/mandy/Delivery-Bot/build/robot_description/build --no-deps symlink_data
