[1.071s] Invoking command in '/home/nyu-rdt/Delivery-Bot/src/robot_navigation': DEBUGINFOD_URLS=https://debuginfod.ubuntu.com PYTHONPATH=/home/nyu-rdt/Delivery-Bot/build/robot_navigation/prefix_override:/usr/lib/python3/dist-packages/colcon_core/task/python/colcon_distutils_commands:/home/nyu-rdt/Delivery-Bot/install/robot_navigation/lib/python3.12/site-packages:${PYTHONPATH} /usr/bin/python3 -W ignore:setup.py install is deprecated -W ignore:easy_install command is deprecated setup.py egg_info --egg-base ../../build/robot_navigation build --build-base /home/nyu-rdt/Delivery-Bot/build/robot_navigation/build install --record /home/nyu-rdt/Delivery-Bot/build/robot_navigation/install.log --single-version-externally-managed install_data
[1.273s] running egg_info
[1.273s] creating ../../build/robot_navigation/robot_navigation.egg-info
[1.287s] writing ../../build/robot_navigation/robot_navigation.egg-info/PKG-INFO
[1.288s] writing dependency_links to ../../build/robot_navigation/robot_navigation.egg-info/dependency_links.txt
[1.288s] writing requirements to ../../build/robot_navigation/robot_navigation.egg-info/requires.txt
[1.288s] writing top-level names to ../../build/robot_navigation/robot_navigation.egg-info/top_level.txt
[1.288s] writing manifest file '../../build/robot_navigation/robot_navigation.egg-info/SOURCES.txt'
[1.319s] reading manifest file '../../build/robot_navigation/robot_navigation.egg-info/SOURCES.txt'
[1.319s] writing manifest file '../../build/robot_navigation/robot_navigation.egg-info/SOURCES.txt'
[1.319s] running build
[1.319s] running build_py
[1.320s] creating /home/nyu-rdt/Delivery-Bot/build/robot_navigation/build
[1.320s] creating /home/nyu-rdt/Delivery-Bot/build/robot_navigation/build/lib
[1.320s] creating /home/nyu-rdt/Delivery-Bot/build/robot_navigation/build/lib/robot_navigation
[1.320s] copying robot_navigation/__init__.py -> /home/nyu-rdt/Delivery-Bot/build/robot_navigation/build/lib/robot_navigation
[1.320s] running install
[1.323s] running install_lib
[1.339s] creating /home/nyu-rdt/Delivery-Bot/install/robot_navigation/lib/python3.12/site-packages/robot_navigation
[1.339s] copying /home/nyu-rdt/Delivery-Bot/build/robot_navigation/build/lib/robot_navigation/__init__.py -> /home/nyu-rdt/Delivery-Bot/install/robot_navigation/lib/python3.12/site-packages/robot_navigation
[1.339s] byte-compiling /home/nyu-rdt/Delivery-Bot/install/robot_navigation/lib/python3.12/site-packages/robot_navigation/__init__.py to __init__.cpython-312.pyc
[1.339s] running install_data
[1.339s] creating /home/nyu-rdt/Delivery-Bot/install/robot_navigation/share/ament_index
[1.339s] creating /home/nyu-rdt/Delivery-Bot/install/robot_navigation/share/ament_index/resource_index
[1.339s] creating /home/nyu-rdt/Delivery-Bot/install/robot_navigation/share/ament_index/resource_index/packages
[1.339s] copying resource/robot_navigation -> /home/nyu-rdt/Delivery-Bot/install/robot_navigation/share/ament_index/resource_index/packages
[1.339s] copying package.xml -> /home/nyu-rdt/Delivery-Bot/install/robot_navigation/share/robot_navigation
[1.339s] creating /home/nyu-rdt/Delivery-Bot/install/robot_navigation/share/robot_navigation/launch
[1.339s] copying launch/navigation.launch.py -> /home/nyu-rdt/Delivery-Bot/install/robot_navigation/share/robot_navigation/launch
[1.339s] creating /home/nyu-rdt/Delivery-Bot/install/robot_navigation/share/robot_navigation/config
[1.339s] copying config/ekf.yaml -> /home/nyu-rdt/Delivery-Bot/install/robot_navigation/share/robot_navigation/config
[1.340s] running install_egg_info
[1.355s] Copying ../../build/robot_navigation/robot_navigation.egg-info to /home/nyu-rdt/Delivery-Bot/install/robot_navigation/lib/python3.12/site-packages/robot_navigation-0.0.0-py3.12.egg-info
[1.355s] running install_scripts
[1.452s] writing list of installed files to '/home/nyu-rdt/Delivery-Bot/build/robot_navigation/install.log'
[1.487s] Invoked command in '/home/nyu-rdt/Delivery-Bot/src/robot_navigation' returned '0': DEBUGINFOD_URLS=https://debuginfod.ubuntu.com PYTHONPATH=/home/nyu-rdt/Delivery-Bot/build/robot_navigation/prefix_override:/usr/lib/python3/dist-packages/colcon_core/task/python/colcon_distutils_commands:/home/nyu-rdt/Delivery-Bot/install/robot_navigation/lib/python3.12/site-packages:${PYTHONPATH} /usr/bin/python3 -W ignore:setup.py install is deprecated -W ignore:easy_install command is deprecated setup.py egg_info --egg-base ../../build/robot_navigation build --build-base /home/nyu-rdt/Delivery-Bot/build/robot_navigation/build install --record /home/nyu-rdt/Delivery-Bot/build/robot_navigation/install.log --single-version-externally-managed install_data
