/home/mandy/Delivery-Bot/install/robot_control/lib/python3.12/site-packages/robot_control/__init__.py
/home/mandy/Delivery-Bot/install/robot_control/lib/python3.12/site-packages/robot_control/odom_publisher.py
/home/mandy/Delivery-Bot/install/robot_control/lib/python3.12/site-packages/robot_control/serial_test.py
/home/mandy/Delivery-Bot/install/robot_control/lib/python3.12/site-packages/robot_control/serial_comm.py
/home/mandy/Delivery-Bot/install/robot_control/lib/python3.12/site-packages/robot_control/__pycache__/__init__.cpython-312.pyc
/home/mandy/Delivery-Bot/install/robot_control/lib/python3.12/site-packages/robot_control/__pycache__/odom_publisher.cpython-312.pyc
/home/mandy/Delivery-Bot/install/robot_control/lib/python3.12/site-packages/robot_control/__pycache__/serial_test.cpython-312.pyc
/home/mandy/Delivery-Bot/install/robot_control/lib/python3.12/site-packages/robot_control/__pycache__/serial_comm.cpython-312.pyc
/home/mandy/Delivery-Bot/install/robot_control/share/ament_index/resource_index/packages/robot_control
/home/mandy/Delivery-Bot/install/robot_control/share/robot_control/package.xml
/home/mandy/Delivery-Bot/install/robot_control/share/robot_control/control.launch.py
/home/mandy/Delivery-Bot/install/robot_control/lib/python3.12/site-packages/robot_control-0.0.0-py3.12.egg-info/requires.txt
/home/mandy/Delivery-Bot/install/robot_control/lib/python3.12/site-packages/robot_control-0.0.0-py3.12.egg-info/top_level.txt
/home/mandy/Delivery-Bot/install/robot_control/lib/python3.12/site-packages/robot_control-0.0.0-py3.12.egg-info/zip-safe
/home/mandy/Delivery-Bot/install/robot_control/lib/python3.12/site-packages/robot_control-0.0.0-py3.12.egg-info/PKG-INFO
/home/mandy/Delivery-Bot/install/robot_control/lib/python3.12/site-packages/robot_control-0.0.0-py3.12.egg-info/SOURCES.txt
/home/mandy/Delivery-Bot/install/robot_control/lib/python3.12/site-packages/robot_control-0.0.0-py3.12.egg-info/dependency_links.txt
/home/mandy/Delivery-Bot/install/robot_control/lib/python3.12/site-packages/robot_control-0.0.0-py3.12.egg-info/entry_points.txt
/home/mandy/Delivery-Bot/install/robot_control/lib/robot_control/odom_publisher
/home/mandy/Delivery-Bot/install/robot_control/lib/robot_control/serial_comm
