[  5%] Built target robot_interfaces__rs
[  5%] Built target robot_interfaces__rosidl_generator_type_description
[  5%] Built target ament_cmake_python_symlink_robot_interfaces
[  8%] Built target robot_interfaces__cpp
[ 22%] Built target robot_interfaces__rosidl_generator_c
[ 40%] Built target robot_interfaces__rosidl_typesupport_fastrtps_c
[ 40%] Built target robot_interfaces__rosidl_typesupport_c
[ 48%] Built target robot_interfaces__rosidl_typesupport_introspection_c
[ 57%] Built target robot_interfaces__rosidl_typesupport_introspection_cpp
[ 65%] Built target robot_interfaces__rosidl_typesupport_fastrtps_cpp
[ 74%] Built target robot_interfaces__rosidl_typesupport_cpp
[ 74%] Built target robot_interfaces
[ 77%] Built target robot_interfaces__py
[ 82%] Built target robot_interfaces__rosidl_generator_py
[ 88%] Built target robot_interfaces_s__rosidl_typesupport_introspection_c
[ 94%] Built target robot_interfaces_s__rosidl_typesupport_fastrtps_c
running egg_info
[100%] Built target robot_interfaces_s__rosidl_typesupport_c
writing robot_interfaces.egg-info/PKG-INFO
writing dependency_links to robot_interfaces.egg-info/dependency_links.txt
writing top-level names to robot_interfaces.egg-info/top_level.txt
reading manifest file 'robot_interfaces.egg-info/SOURCES.txt'
writing manifest file 'robot_interfaces.egg-info/SOURCES.txt'
[100%] Built target ament_cmake_python_build_robot_interfaces_egg
-- Install configuration: ""
-- Execute custom install script
-- Up-to-date symlink: /home/mandy/Delivery-Bot/install/robot_interfaces/share/ament_index/resource_index/rosidl_interfaces/robot_interfaces
-- Up-to-date symlink: /home/mandy/Delivery-Bot/install/robot_interfaces/share/robot_interfaces/msg/EncoderSpeed.json
-- Up-to-date symlink: /home/mandy/Delivery-Bot/install/robot_interfaces/include/robot_interfaces/robot_interfaces/msg/detail/encoder_speed__functions.h
-- Up-to-date symlink: /home/mandy/Delivery-Bot/install/robot_interfaces/include/robot_interfaces/robot_interfaces/msg/detail/encoder_speed__struct.h
-- Up-to-date symlink: /home/mandy/Delivery-Bot/install/robot_interfaces/include/robot_interfaces/robot_interfaces/msg/detail/encoder_speed__type_support.h
-- Up-to-date symlink: /home/mandy/Delivery-Bot/install/robot_interfaces/include/robot_interfaces/robot_interfaces/msg/encoder_speed.h
-- Up-to-date symlink: /home/mandy/Delivery-Bot/install/robot_interfaces/include/robot_interfaces/robot_interfaces/msg/rosidl_generator_c__visibility_control.h
-- Up-to-date symlink: /home/mandy/Delivery-Bot/install/robot_interfaces/share/robot_interfaces/environment/library_path.sh
-- Up-to-date symlink: /home/mandy/Delivery-Bot/install/robot_interfaces/share/robot_interfaces/environment/library_path.dsv
-- Up-to-date symlink: /home/mandy/Delivery-Bot/install/robot_interfaces/include/robot_interfaces/robot_interfaces/msg/detail/encoder_speed__rosidl_typesupport_fastrtps_c.h
-- Up-to-date symlink: /home/mandy/Delivery-Bot/install/robot_interfaces/include/robot_interfaces/robot_interfaces/msg/rosidl_typesupport_fastrtps_c__visibility_control.h
-- Up-to-date symlink: /home/mandy/Delivery-Bot/install/robot_interfaces/include/robot_interfaces/robot_interfaces/msg/detail/encoder_speed__rosidl_typesupport_introspection_c.h
-- Up-to-date symlink: /home/mandy/Delivery-Bot/install/robot_interfaces/include/robot_interfaces/robot_interfaces/msg/rosidl_typesupport_introspection_c__visibility_control.h
-- Up-to-date symlink: /home/mandy/Delivery-Bot/install/robot_interfaces/include/robot_interfaces/robot_interfaces/msg/detail/encoder_speed__builder.hpp
-- Up-to-date symlink: /home/mandy/Delivery-Bot/install/robot_interfaces/include/robot_interfaces/robot_interfaces/msg/detail/encoder_speed__struct.hpp
-- Up-to-date symlink: /home/mandy/Delivery-Bot/install/robot_interfaces/include/robot_interfaces/robot_interfaces/msg/detail/encoder_speed__traits.hpp
-- Up-to-date symlink: /home/mandy/Delivery-Bot/install/robot_interfaces/include/robot_interfaces/robot_interfaces/msg/detail/encoder_speed__type_support.hpp
-- Up-to-date symlink: /home/mandy/Delivery-Bot/install/robot_interfaces/include/robot_interfaces/robot_interfaces/msg/encoder_speed.hpp
-- Up-to-date symlink: /home/mandy/Delivery-Bot/install/robot_interfaces/include/robot_interfaces/robot_interfaces/msg/rosidl_generator_cpp__visibility_control.hpp
-- Up-to-date symlink: /home/mandy/Delivery-Bot/install/robot_interfaces/include/robot_interfaces/robot_interfaces/msg/detail/encoder_speed__rosidl_typesupport_fastrtps_cpp.hpp
-- Up-to-date symlink: /home/mandy/Delivery-Bot/install/robot_interfaces/include/robot_interfaces/robot_interfaces/msg/rosidl_typesupport_fastrtps_cpp__visibility_control.h
-- Up-to-date symlink: /home/mandy/Delivery-Bot/install/robot_interfaces/include/robot_interfaces/robot_interfaces/msg/detail/encoder_speed__rosidl_typesupport_introspection_cpp.hpp
-- Up-to-date symlink: /home/mandy/Delivery-Bot/install/robot_interfaces/share/robot_interfaces/environment/pythonpath.sh
-- Up-to-date symlink: /home/mandy/Delivery-Bot/install/robot_interfaces/share/robot_interfaces/environment/pythonpath.dsv
-- Up-to-date symlink: /home/mandy/Delivery-Bot/install/robot_interfaces/lib/python3.12/site-packages/robot_interfaces-0.0.0-py3.12.egg-info/PKG-INFO
-- Up-to-date symlink: /home/mandy/Delivery-Bot/install/robot_interfaces/lib/python3.12/site-packages/robot_interfaces-0.0.0-py3.12.egg-info/SOURCES.txt
-- Up-to-date symlink: /home/mandy/Delivery-Bot/install/robot_interfaces/lib/python3.12/site-packages/robot_interfaces-0.0.0-py3.12.egg-info/dependency_links.txt
-- Up-to-date symlink: /home/mandy/Delivery-Bot/install/robot_interfaces/lib/python3.12/site-packages/robot_interfaces-0.0.0-py3.12.egg-info/top_level.txt
-- Up-to-date symlink: /home/mandy/Delivery-Bot/install/robot_interfaces/lib/python3.12/site-packages/robot_interfaces/__init__.py
-- Up-to-date symlink: /home/mandy/Delivery-Bot/install/robot_interfaces/lib/python3.12/site-packages/robot_interfaces/_robot_interfaces_s.ep.rosidl_typesupport_c.c
-- Up-to-date symlink: /home/mandy/Delivery-Bot/install/robot_interfaces/lib/python3.12/site-packages/robot_interfaces/_robot_interfaces_s.ep.rosidl_typesupport_fastrtps_c.c
-- Up-to-date symlink: /home/mandy/Delivery-Bot/install/robot_interfaces/lib/python3.12/site-packages/robot_interfaces/_robot_interfaces_s.ep.rosidl_typesupport_introspection_c.c
-- Up-to-date symlink: /home/mandy/Delivery-Bot/install/robot_interfaces/lib/python3.12/site-packages/robot_interfaces/msg/__init__.py
-- Up-to-date symlink: /home/mandy/Delivery-Bot/install/robot_interfaces/lib/python3.12/site-packages/robot_interfaces/msg/_encoder_speed.py
-- Up-to-date symlink: /home/mandy/Delivery-Bot/install/robot_interfaces/lib/python3.12/site-packages/robot_interfaces/msg/_encoder_speed_s.c
-- Up-to-date symlink: /home/mandy/Delivery-Bot/install/robot_interfaces/lib/python3.12/site-packages/robot_interfaces/robot_interfaces_s__rosidl_typesupport_c.so
-- Up-to-date symlink: /home/mandy/Delivery-Bot/install/robot_interfaces/lib/python3.12/site-packages/robot_interfaces/robot_interfaces_s__rosidl_typesupport_fastrtps_c.so
-- Up-to-date symlink: /home/mandy/Delivery-Bot/install/robot_interfaces/lib/python3.12/site-packages/robot_interfaces/robot_interfaces_s__rosidl_typesupport_introspection_c.so
-- Up-to-date symlink: /home/mandy/Delivery-Bot/install/robot_interfaces/lib/python3.12/site-packages/robot_interfaces/robot_interfaces_s__rosidl_typesupport_fastrtps_c.so
-- Up-to-date symlink: /home/mandy/Delivery-Bot/install/robot_interfaces/lib/python3.12/site-packages/robot_interfaces/robot_interfaces_s__rosidl_typesupport_introspection_c.so
-- Up-to-date symlink: /home/mandy/Delivery-Bot/install/robot_interfaces/lib/python3.12/site-packages/robot_interfaces/robot_interfaces_s__rosidl_typesupport_c.so
-- Up-to-date symlink: /home/mandy/Delivery-Bot/install/robot_interfaces/share/ament_index/resource_index/rust_packages/robot_interfaces
-- Up-to-date symlink: /home/mandy/Delivery-Bot/install/robot_interfaces/share/robot_interfaces/rust/Cargo.toml
-- Up-to-date symlink: /home/mandy/Delivery-Bot/install/robot_interfaces/share/robot_interfaces/rust/build.rs
-- Up-to-date symlink: /home/mandy/Delivery-Bot/install/robot_interfaces/share/robot_interfaces/rust/src/lib.rs
-- Up-to-date symlink: /home/mandy/Delivery-Bot/install/robot_interfaces/share/robot_interfaces/rust/src/msg.rs
-- Up-to-date symlink: /home/mandy/Delivery-Bot/install/robot_interfaces/share/robot_interfaces/rust/src/msg/rmw.rs
-- Up-to-date symlink: /home/mandy/Delivery-Bot/install/robot_interfaces/share/robot_interfaces/msg/EncoderSpeed.idl
-- Up-to-date symlink: /home/mandy/Delivery-Bot/install/robot_interfaces/share/robot_interfaces/msg/EncoderSpeed.msg
-- Up-to-date symlink: /home/mandy/Delivery-Bot/install/robot_interfaces/share/ament_index/resource_index/package_run_dependencies/robot_interfaces
-- Up-to-date symlink: /home/mandy/Delivery-Bot/install/robot_interfaces/share/ament_index/resource_index/parent_prefix_path/robot_interfaces
-- Up-to-date symlink: /home/mandy/Delivery-Bot/install/robot_interfaces/share/robot_interfaces/environment/ament_prefix_path.sh
-- Up-to-date symlink: /home/mandy/Delivery-Bot/install/robot_interfaces/share/robot_interfaces/environment/ament_prefix_path.dsv
-- Up-to-date symlink: /home/mandy/Delivery-Bot/install/robot_interfaces/share/robot_interfaces/environment/path.sh
-- Up-to-date symlink: /home/mandy/Delivery-Bot/install/robot_interfaces/share/robot_interfaces/environment/path.dsv
-- Up-to-date symlink: /home/mandy/Delivery-Bot/install/robot_interfaces/share/robot_interfaces/local_setup.bash
-- Up-to-date symlink: /home/mandy/Delivery-Bot/install/robot_interfaces/share/robot_interfaces/local_setup.sh
-- Up-to-date symlink: /home/mandy/Delivery-Bot/install/robot_interfaces/share/robot_interfaces/local_setup.zsh
-- Up-to-date symlink: /home/mandy/Delivery-Bot/install/robot_interfaces/share/robot_interfaces/local_setup.dsv
-- Symlinking: /home/mandy/Delivery-Bot/install/robot_interfaces/share/robot_interfaces/package.dsv
-- Up-to-date symlink: /home/mandy/Delivery-Bot/install/robot_interfaces/share/ament_index/resource_index/packages/robot_interfaces
-- Up-to-date symlink: /home/mandy/Delivery-Bot/install/robot_interfaces/share/robot_interfaces/cmake/rosidl_cmake-extras.cmake
-- Up-to-date symlink: /home/mandy/Delivery-Bot/install/robot_interfaces/share/robot_interfaces/cmake/ament_cmake_export_include_directories-extras.cmake
-- Up-to-date symlink: /home/mandy/Delivery-Bot/install/robot_interfaces/share/robot_interfaces/cmake/ament_cmake_export_libraries-extras.cmake
-- Up-to-date symlink: /home/mandy/Delivery-Bot/install/robot_interfaces/share/robot_interfaces/cmake/ament_cmake_export_targets-extras.cmake
-- Up-to-date symlink: /home/mandy/Delivery-Bot/install/robot_interfaces/share/robot_interfaces/cmake/rosidl_cmake_export_typesupport_targets-extras.cmake
-- Up-to-date symlink: /home/mandy/Delivery-Bot/install/robot_interfaces/share/robot_interfaces/cmake/ament_cmake_export_dependencies-extras.cmake
-- Up-to-date symlink: /home/mandy/Delivery-Bot/install/robot_interfaces/share/robot_interfaces/cmake/rosidl_cmake_export_typesupport_libraries-extras.cmake
-- Up-to-date symlink: /home/mandy/Delivery-Bot/install/robot_interfaces/share/robot_interfaces/cmake/rosidl_cmake_aggregate_target-extras.cmake
-- Up-to-date symlink: /home/mandy/Delivery-Bot/install/robot_interfaces/share/robot_interfaces/cmake/robot_interfacesConfig.cmake
-- Up-to-date symlink: /home/mandy/Delivery-Bot/install/robot_interfaces/share/robot_interfaces/cmake/robot_interfacesConfig-version.cmake
-- Up-to-date symlink: /home/mandy/Delivery-Bot/install/robot_interfaces/share/robot_interfaces/package.xml
-- Up-to-date: /home/mandy/Delivery-Bot/install/robot_interfaces/lib/librobot_interfaces__rosidl_generator_c.so
-- Up-to-date: /home/mandy/Delivery-Bot/install/robot_interfaces/lib/librobot_interfaces__rosidl_typesupport_fastrtps_c.so
-- Up-to-date: /home/mandy/Delivery-Bot/install/robot_interfaces/lib/librobot_interfaces__rosidl_typesupport_introspection_c.so
-- Up-to-date: /home/mandy/Delivery-Bot/install/robot_interfaces/lib/librobot_interfaces__rosidl_typesupport_c.so
-- Up-to-date: /home/mandy/Delivery-Bot/install/robot_interfaces/lib/librobot_interfaces__rosidl_typesupport_fastrtps_cpp.so
-- Up-to-date: /home/mandy/Delivery-Bot/install/robot_interfaces/lib/librobot_interfaces__rosidl_typesupport_introspection_cpp.so
-- Up-to-date: /home/mandy/Delivery-Bot/install/robot_interfaces/lib/librobot_interfaces__rosidl_typesupport_cpp.so
Listing '/home/mandy/Delivery-Bot/install/robot_interfaces/lib/python3.12/site-packages/robot_interfaces'...
Listing '/home/mandy/Delivery-Bot/install/robot_interfaces/lib/python3.12/site-packages/robot_interfaces/msg'...
-- Up-to-date: /home/mandy/Delivery-Bot/install/robot_interfaces/lib/librobot_interfaces__rosidl_generator_py.so
-- Up-to-date: /home/mandy/Delivery-Bot/install/robot_interfaces/share/robot_interfaces/cmake/export_robot_interfaces__rosidl_generator_cExport.cmake
-- Up-to-date: /home/mandy/Delivery-Bot/install/robot_interfaces/share/robot_interfaces/cmake/export_robot_interfaces__rosidl_generator_cExport-noconfig.cmake
-- Up-to-date: /home/mandy/Delivery-Bot/install/robot_interfaces/share/robot_interfaces/cmake/export_robot_interfaces__rosidl_typesupport_fastrtps_cExport.cmake
-- Up-to-date: /home/mandy/Delivery-Bot/install/robot_interfaces/share/robot_interfaces/cmake/export_robot_interfaces__rosidl_typesupport_fastrtps_cExport-noconfig.cmake
-- Up-to-date: /home/mandy/Delivery-Bot/install/robot_interfaces/share/robot_interfaces/cmake/robot_interfaces__rosidl_typesupport_introspection_cExport.cmake
-- Up-to-date: /home/mandy/Delivery-Bot/install/robot_interfaces/share/robot_interfaces/cmake/robot_interfaces__rosidl_typesupport_introspection_cExport-noconfig.cmake
-- Up-to-date: /home/mandy/Delivery-Bot/install/robot_interfaces/share/robot_interfaces/cmake/robot_interfaces__rosidl_typesupport_cExport.cmake
-- Up-to-date: /home/mandy/Delivery-Bot/install/robot_interfaces/share/robot_interfaces/cmake/robot_interfaces__rosidl_typesupport_cExport-noconfig.cmake
-- Up-to-date: /home/mandy/Delivery-Bot/install/robot_interfaces/share/robot_interfaces/cmake/export_robot_interfaces__rosidl_generator_cppExport.cmake
-- Up-to-date: /home/mandy/Delivery-Bot/install/robot_interfaces/share/robot_interfaces/cmake/export_robot_interfaces__rosidl_typesupport_fastrtps_cppExport.cmake
-- Up-to-date: /home/mandy/Delivery-Bot/install/robot_interfaces/share/robot_interfaces/cmake/export_robot_interfaces__rosidl_typesupport_fastrtps_cppExport-noconfig.cmake
-- Up-to-date: /home/mandy/Delivery-Bot/install/robot_interfaces/share/robot_interfaces/cmake/robot_interfaces__rosidl_typesupport_introspection_cppExport.cmake
-- Up-to-date: /home/mandy/Delivery-Bot/install/robot_interfaces/share/robot_interfaces/cmake/robot_interfaces__rosidl_typesupport_introspection_cppExport-noconfig.cmake
-- Up-to-date: /home/mandy/Delivery-Bot/install/robot_interfaces/share/robot_interfaces/cmake/robot_interfaces__rosidl_typesupport_cppExport.cmake
-- Up-to-date: /home/mandy/Delivery-Bot/install/robot_interfaces/share/robot_interfaces/cmake/robot_interfaces__rosidl_typesupport_cppExport-noconfig.cmake
-- Up-to-date: /home/mandy/Delivery-Bot/install/robot_interfaces/share/robot_interfaces/cmake/export_robot_interfaces__rosidl_generator_pyExport.cmake
-- Up-to-date: /home/mandy/Delivery-Bot/install/robot_interfaces/share/robot_interfaces/cmake/export_robot_interfaces__rosidl_generator_pyExport-noconfig.cmake
