[0.196s] Invoking command in '/home/mandy/Delivery-Bot/build/robot_interfaces': CMAKE_PREFIX_PATH=${CMAKE_PREFIX_PATH}:/opt/ros/jazzy DEBUGINFOD_URLS=https://debuginfod.ubuntu.com /usr/bin/cmake --build /home/mandy/Delivery-Bot/build/robot_interfaces -- -j4 -l4
[3.237s] [  5%] Built target robot_interfaces__rs
[3.241s] [  5%] Built target robot_interfaces__rosidl_generator_type_description
[3.242s] [  5%] Built target ament_cmake_python_symlink_robot_interfaces
[3.242s] [  8%] Built target robot_interfaces__cpp
[3.243s] [ 22%] Built target robot_interfaces__rosidl_generator_c
[3.243s] [ 40%] Built target robot_interfaces__rosidl_typesupport_fastrtps_c
[3.244s] [ 40%] Built target robot_interfaces__rosidl_typesupport_c
[3.244s] [ 48%] Built target robot_interfaces__rosidl_typesupport_introspection_c
[3.245s] [ 57%] Built target robot_interfaces__rosidl_typesupport_introspection_cpp
[3.245s] [ 65%] Built target robot_interfaces__rosidl_typesupport_fastrtps_cpp
[3.246s] [ 74%] Built target robot_interfaces__rosidl_typesupport_cpp
[3.247s] [ 74%] Built target robot_interfaces
[3.247s] [ 77%] Built target robot_interfaces__py
[3.248s] [ 82%] Built target robot_interfaces__rosidl_generator_py
[3.248s] [ 88%] Built target robot_interfaces_s__rosidl_typesupport_introspection_c
[3.249s] [ 94%] Built target robot_interfaces_s__rosidl_typesupport_fastrtps_c
[3.249s] running egg_info
[3.250s] [100%] Built target robot_interfaces_s__rosidl_typesupport_c
[3.250s] writing robot_interfaces.egg-info/PKG-INFO
[3.251s] writing dependency_links to robot_interfaces.egg-info/dependency_links.txt
[3.252s] writing top-level names to robot_interfaces.egg-info/top_level.txt
[3.253s] reading manifest file 'robot_interfaces.egg-info/SOURCES.txt'
[3.254s] writing manifest file 'robot_interfaces.egg-info/SOURCES.txt'
[3.300s] [100%] Built target ament_cmake_python_build_robot_interfaces_egg
[4.314s] Invoked command in '/home/mandy/Delivery-Bot/build/robot_interfaces' returned '0': CMAKE_PREFIX_PATH=${CMAKE_PREFIX_PATH}:/opt/ros/jazzy DEBUGINFOD_URLS=https://debuginfod.ubuntu.com /usr/bin/cmake --build /home/mandy/Delivery-Bot/build/robot_interfaces -- -j4 -l4
[4.409s] Invoking command in '/home/mandy/Delivery-Bot/build/robot_interfaces': CMAKE_PREFIX_PATH=${CMAKE_PREFIX_PATH}:/opt/ros/jazzy DEBUGINFOD_URLS=https://debuginfod.ubuntu.com /usr/bin/cmake --install /home/mandy/Delivery-Bot/build/robot_interfaces
[4.503s] -- Install configuration: ""
[4.508s] -- Execute custom install script
[4.517s] -- Up-to-date symlink: /home/mandy/Delivery-Bot/install/robot_interfaces/share/ament_index/resource_index/rosidl_interfaces/robot_interfaces
[4.522s] -- Up-to-date symlink: /home/mandy/Delivery-Bot/install/robot_interfaces/share/robot_interfaces/msg/EncoderSpeed.json
[4.530s] -- Up-to-date symlink: /home/mandy/Delivery-Bot/install/robot_interfaces/include/robot_interfaces/robot_interfaces/msg/detail/encoder_speed__functions.h
[4.534s] -- Up-to-date symlink: /home/mandy/Delivery-Bot/install/robot_interfaces/include/robot_interfaces/robot_interfaces/msg/detail/encoder_speed__struct.h
[4.537s] -- Up-to-date symlink: /home/mandy/Delivery-Bot/install/robot_interfaces/include/robot_interfaces/robot_interfaces/msg/detail/encoder_speed__type_support.h
[4.541s] -- Up-to-date symlink: /home/mandy/Delivery-Bot/install/robot_interfaces/include/robot_interfaces/robot_interfaces/msg/encoder_speed.h
[4.542s] -- Up-to-date symlink: /home/mandy/Delivery-Bot/install/robot_interfaces/include/robot_interfaces/robot_interfaces/msg/rosidl_generator_c__visibility_control.h
[4.545s] -- Up-to-date symlink: /home/mandy/Delivery-Bot/install/robot_interfaces/share/robot_interfaces/environment/library_path.sh
[4.554s] -- Up-to-date symlink: /home/mandy/Delivery-Bot/install/robot_interfaces/share/robot_interfaces/environment/library_path.dsv
[4.555s] -- Up-to-date symlink: /home/mandy/Delivery-Bot/install/robot_interfaces/include/robot_interfaces/robot_interfaces/msg/detail/encoder_speed__rosidl_typesupport_fastrtps_c.h
[4.559s] -- Up-to-date symlink: /home/mandy/Delivery-Bot/install/robot_interfaces/include/robot_interfaces/robot_interfaces/msg/rosidl_typesupport_fastrtps_c__visibility_control.h
[4.562s] -- Up-to-date symlink: /home/mandy/Delivery-Bot/install/robot_interfaces/include/robot_interfaces/robot_interfaces/msg/detail/encoder_speed__rosidl_typesupport_introspection_c.h
[4.566s] -- Up-to-date symlink: /home/mandy/Delivery-Bot/install/robot_interfaces/include/robot_interfaces/robot_interfaces/msg/rosidl_typesupport_introspection_c__visibility_control.h
[4.570s] -- Up-to-date symlink: /home/mandy/Delivery-Bot/install/robot_interfaces/include/robot_interfaces/robot_interfaces/msg/detail/encoder_speed__builder.hpp
[4.575s] -- Up-to-date symlink: /home/mandy/Delivery-Bot/install/robot_interfaces/include/robot_interfaces/robot_interfaces/msg/detail/encoder_speed__struct.hpp
[4.584s] -- Up-to-date symlink: /home/mandy/Delivery-Bot/install/robot_interfaces/include/robot_interfaces/robot_interfaces/msg/detail/encoder_speed__traits.hpp
[4.590s] -- Up-to-date symlink: /home/mandy/Delivery-Bot/install/robot_interfaces/include/robot_interfaces/robot_interfaces/msg/detail/encoder_speed__type_support.hpp
[4.591s] -- Up-to-date symlink: /home/mandy/Delivery-Bot/install/robot_interfaces/include/robot_interfaces/robot_interfaces/msg/encoder_speed.hpp
[4.592s] -- Up-to-date symlink: /home/mandy/Delivery-Bot/install/robot_interfaces/include/robot_interfaces/robot_interfaces/msg/rosidl_generator_cpp__visibility_control.hpp
[4.600s] -- Up-to-date symlink: /home/mandy/Delivery-Bot/install/robot_interfaces/include/robot_interfaces/robot_interfaces/msg/detail/encoder_speed__rosidl_typesupport_fastrtps_cpp.hpp
[4.601s] -- Up-to-date symlink: /home/mandy/Delivery-Bot/install/robot_interfaces/include/robot_interfaces/robot_interfaces/msg/rosidl_typesupport_fastrtps_cpp__visibility_control.h
[4.607s] -- Up-to-date symlink: /home/mandy/Delivery-Bot/install/robot_interfaces/include/robot_interfaces/robot_interfaces/msg/detail/encoder_speed__rosidl_typesupport_introspection_cpp.hpp
[4.607s] -- Up-to-date symlink: /home/mandy/Delivery-Bot/install/robot_interfaces/share/robot_interfaces/environment/pythonpath.sh
[4.611s] -- Up-to-date symlink: /home/mandy/Delivery-Bot/install/robot_interfaces/share/robot_interfaces/environment/pythonpath.dsv
[4.618s] -- Up-to-date symlink: /home/mandy/Delivery-Bot/install/robot_interfaces/lib/python3.12/site-packages/robot_interfaces-0.0.0-py3.12.egg-info/PKG-INFO
[4.618s] -- Up-to-date symlink: /home/mandy/Delivery-Bot/install/robot_interfaces/lib/python3.12/site-packages/robot_interfaces-0.0.0-py3.12.egg-info/SOURCES.txt
[4.622s] -- Up-to-date symlink: /home/mandy/Delivery-Bot/install/robot_interfaces/lib/python3.12/site-packages/robot_interfaces-0.0.0-py3.12.egg-info/dependency_links.txt
[4.624s] -- Up-to-date symlink: /home/mandy/Delivery-Bot/install/robot_interfaces/lib/python3.12/site-packages/robot_interfaces-0.0.0-py3.12.egg-info/top_level.txt
[4.635s] -- Up-to-date symlink: /home/mandy/Delivery-Bot/install/robot_interfaces/lib/python3.12/site-packages/robot_interfaces/__init__.py
[4.636s] -- Up-to-date symlink: /home/mandy/Delivery-Bot/install/robot_interfaces/lib/python3.12/site-packages/robot_interfaces/_robot_interfaces_s.ep.rosidl_typesupport_c.c
[4.636s] -- Up-to-date symlink: /home/mandy/Delivery-Bot/install/robot_interfaces/lib/python3.12/site-packages/robot_interfaces/_robot_interfaces_s.ep.rosidl_typesupport_fastrtps_c.c
[4.640s] -- Up-to-date symlink: /home/mandy/Delivery-Bot/install/robot_interfaces/lib/python3.12/site-packages/robot_interfaces/_robot_interfaces_s.ep.rosidl_typesupport_introspection_c.c
[4.641s] -- Up-to-date symlink: /home/mandy/Delivery-Bot/install/robot_interfaces/lib/python3.12/site-packages/robot_interfaces/msg/__init__.py
[4.645s] -- Up-to-date symlink: /home/mandy/Delivery-Bot/install/robot_interfaces/lib/python3.12/site-packages/robot_interfaces/msg/_encoder_speed.py
[4.649s] -- Up-to-date symlink: /home/mandy/Delivery-Bot/install/robot_interfaces/lib/python3.12/site-packages/robot_interfaces/msg/_encoder_speed_s.c
[4.649s] -- Up-to-date symlink: /home/mandy/Delivery-Bot/install/robot_interfaces/lib/python3.12/site-packages/robot_interfaces/robot_interfaces_s__rosidl_typesupport_c.so
[4.653s] -- Up-to-date symlink: /home/mandy/Delivery-Bot/install/robot_interfaces/lib/python3.12/site-packages/robot_interfaces/robot_interfaces_s__rosidl_typesupport_fastrtps_c.so
[4.659s] -- Up-to-date symlink: /home/mandy/Delivery-Bot/install/robot_interfaces/lib/python3.12/site-packages/robot_interfaces/robot_interfaces_s__rosidl_typesupport_introspection_c.so
[4.659s] -- Up-to-date symlink: /home/mandy/Delivery-Bot/install/robot_interfaces/lib/python3.12/site-packages/robot_interfaces/robot_interfaces_s__rosidl_typesupport_fastrtps_c.so
[4.664s] -- Up-to-date symlink: /home/mandy/Delivery-Bot/install/robot_interfaces/lib/python3.12/site-packages/robot_interfaces/robot_interfaces_s__rosidl_typesupport_introspection_c.so
[4.675s] -- Up-to-date symlink: /home/mandy/Delivery-Bot/install/robot_interfaces/lib/python3.12/site-packages/robot_interfaces/robot_interfaces_s__rosidl_typesupport_c.so
[4.677s] -- Up-to-date symlink: /home/mandy/Delivery-Bot/install/robot_interfaces/share/ament_index/resource_index/rust_packages/robot_interfaces
[4.677s] -- Up-to-date symlink: /home/mandy/Delivery-Bot/install/robot_interfaces/share/robot_interfaces/rust/Cargo.toml
[4.684s] -- Up-to-date symlink: /home/mandy/Delivery-Bot/install/robot_interfaces/share/robot_interfaces/rust/build.rs
[4.685s] -- Up-to-date symlink: /home/mandy/Delivery-Bot/install/robot_interfaces/share/robot_interfaces/rust/src/lib.rs
[4.685s] -- Up-to-date symlink: /home/mandy/Delivery-Bot/install/robot_interfaces/share/robot_interfaces/rust/src/msg.rs
[4.692s] -- Up-to-date symlink: /home/mandy/Delivery-Bot/install/robot_interfaces/share/robot_interfaces/rust/src/msg/rmw.rs
[4.692s] -- Up-to-date symlink: /home/mandy/Delivery-Bot/install/robot_interfaces/share/robot_interfaces/msg/EncoderSpeed.idl
[4.694s] -- Up-to-date symlink: /home/mandy/Delivery-Bot/install/robot_interfaces/share/robot_interfaces/msg/EncoderSpeed.msg
[4.700s] -- Up-to-date symlink: /home/mandy/Delivery-Bot/install/robot_interfaces/share/ament_index/resource_index/package_run_dependencies/robot_interfaces
[4.700s] -- Up-to-date symlink: /home/mandy/Delivery-Bot/install/robot_interfaces/share/ament_index/resource_index/parent_prefix_path/robot_interfaces
[4.702s] -- Up-to-date symlink: /home/mandy/Delivery-Bot/install/robot_interfaces/share/robot_interfaces/environment/ament_prefix_path.sh
[4.708s] -- Up-to-date symlink: /home/mandy/Delivery-Bot/install/robot_interfaces/share/robot_interfaces/environment/ament_prefix_path.dsv
[4.709s] -- Up-to-date symlink: /home/mandy/Delivery-Bot/install/robot_interfaces/share/robot_interfaces/environment/path.sh
[4.711s] -- Up-to-date symlink: /home/mandy/Delivery-Bot/install/robot_interfaces/share/robot_interfaces/environment/path.dsv
[4.717s] -- Up-to-date symlink: /home/mandy/Delivery-Bot/install/robot_interfaces/share/robot_interfaces/local_setup.bash
[4.718s] -- Up-to-date symlink: /home/mandy/Delivery-Bot/install/robot_interfaces/share/robot_interfaces/local_setup.sh
[4.720s] -- Up-to-date symlink: /home/mandy/Delivery-Bot/install/robot_interfaces/share/robot_interfaces/local_setup.zsh
[4.724s] -- Up-to-date symlink: /home/mandy/Delivery-Bot/install/robot_interfaces/share/robot_interfaces/local_setup.dsv
[4.727s] -- Symlinking: /home/mandy/Delivery-Bot/install/robot_interfaces/share/robot_interfaces/package.dsv
[4.817s] -- Up-to-date symlink: /home/mandy/Delivery-Bot/install/robot_interfaces/share/ament_index/resource_index/packages/robot_interfaces
[4.820s] -- Up-to-date symlink: /home/mandy/Delivery-Bot/install/robot_interfaces/share/robot_interfaces/cmake/rosidl_cmake-extras.cmake
[4.825s] -- Up-to-date symlink: /home/mandy/Delivery-Bot/install/robot_interfaces/share/robot_interfaces/cmake/ament_cmake_export_include_directories-extras.cmake
[4.826s] -- Up-to-date symlink: /home/mandy/Delivery-Bot/install/robot_interfaces/share/robot_interfaces/cmake/ament_cmake_export_libraries-extras.cmake
[4.846s] -- Up-to-date symlink: /home/mandy/Delivery-Bot/install/robot_interfaces/share/robot_interfaces/cmake/ament_cmake_export_targets-extras.cmake
[4.854s] -- Up-to-date symlink: /home/mandy/Delivery-Bot/install/robot_interfaces/share/robot_interfaces/cmake/rosidl_cmake_export_typesupport_targets-extras.cmake
[4.861s] -- Up-to-date symlink: /home/mandy/Delivery-Bot/install/robot_interfaces/share/robot_interfaces/cmake/ament_cmake_export_dependencies-extras.cmake
[4.867s] -- Up-to-date symlink: /home/mandy/Delivery-Bot/install/robot_interfaces/share/robot_interfaces/cmake/rosidl_cmake_export_typesupport_libraries-extras.cmake
[4.868s] -- Up-to-date symlink: /home/mandy/Delivery-Bot/install/robot_interfaces/share/robot_interfaces/cmake/rosidl_cmake_aggregate_target-extras.cmake
[4.869s] -- Up-to-date symlink: /home/mandy/Delivery-Bot/install/robot_interfaces/share/robot_interfaces/cmake/robot_interfacesConfig.cmake
[4.870s] -- Up-to-date symlink: /home/mandy/Delivery-Bot/install/robot_interfaces/share/robot_interfaces/cmake/robot_interfacesConfig-version.cmake
[4.873s] -- Up-to-date symlink: /home/mandy/Delivery-Bot/install/robot_interfaces/share/robot_interfaces/package.xml
[4.874s] -- Up-to-date: /home/mandy/Delivery-Bot/install/robot_interfaces/lib/librobot_interfaces__rosidl_generator_c.so
[4.876s] -- Up-to-date: /home/mandy/Delivery-Bot/install/robot_interfaces/lib/librobot_interfaces__rosidl_typesupport_fastrtps_c.so
[4.880s] -- Up-to-date: /home/mandy/Delivery-Bot/install/robot_interfaces/lib/librobot_interfaces__rosidl_typesupport_introspection_c.so
[4.882s] -- Up-to-date: /home/mandy/Delivery-Bot/install/robot_interfaces/lib/librobot_interfaces__rosidl_typesupport_c.so
[4.886s] -- Up-to-date: /home/mandy/Delivery-Bot/install/robot_interfaces/lib/librobot_interfaces__rosidl_typesupport_fastrtps_cpp.so
[4.891s] -- Up-to-date: /home/mandy/Delivery-Bot/install/robot_interfaces/lib/librobot_interfaces__rosidl_typesupport_introspection_cpp.so
[4.901s] -- Up-to-date: /home/mandy/Delivery-Bot/install/robot_interfaces/lib/librobot_interfaces__rosidl_typesupport_cpp.so
[5.131s] Listing '/home/mandy/Delivery-Bot/install/robot_interfaces/lib/python3.12/site-packages/robot_interfaces'...
[5.141s] Listing '/home/mandy/Delivery-Bot/install/robot_interfaces/lib/python3.12/site-packages/robot_interfaces/msg'...
[5.190s] -- Up-to-date: /home/mandy/Delivery-Bot/install/robot_interfaces/lib/librobot_interfaces__rosidl_generator_py.so
[5.194s] -- Up-to-date: /home/mandy/Delivery-Bot/install/robot_interfaces/share/robot_interfaces/cmake/export_robot_interfaces__rosidl_generator_cExport.cmake
[5.196s] -- Up-to-date: /home/mandy/Delivery-Bot/install/robot_interfaces/share/robot_interfaces/cmake/export_robot_interfaces__rosidl_generator_cExport-noconfig.cmake
[5.200s] -- Up-to-date: /home/mandy/Delivery-Bot/install/robot_interfaces/share/robot_interfaces/cmake/export_robot_interfaces__rosidl_typesupport_fastrtps_cExport.cmake
[5.203s] -- Up-to-date: /home/mandy/Delivery-Bot/install/robot_interfaces/share/robot_interfaces/cmake/export_robot_interfaces__rosidl_typesupport_fastrtps_cExport-noconfig.cmake
[5.207s] -- Up-to-date: /home/mandy/Delivery-Bot/install/robot_interfaces/share/robot_interfaces/cmake/robot_interfaces__rosidl_typesupport_introspection_cExport.cmake
[5.209s] -- Up-to-date: /home/mandy/Delivery-Bot/install/robot_interfaces/share/robot_interfaces/cmake/robot_interfaces__rosidl_typesupport_introspection_cExport-noconfig.cmake
[5.213s] -- Up-to-date: /home/mandy/Delivery-Bot/install/robot_interfaces/share/robot_interfaces/cmake/robot_interfaces__rosidl_typesupport_cExport.cmake
[5.215s] -- Up-to-date: /home/mandy/Delivery-Bot/install/robot_interfaces/share/robot_interfaces/cmake/robot_interfaces__rosidl_typesupport_cExport-noconfig.cmake
[5.222s] -- Up-to-date: /home/mandy/Delivery-Bot/install/robot_interfaces/share/robot_interfaces/cmake/export_robot_interfaces__rosidl_generator_cppExport.cmake
[5.225s] -- Up-to-date: /home/mandy/Delivery-Bot/install/robot_interfaces/share/robot_interfaces/cmake/export_robot_interfaces__rosidl_typesupport_fastrtps_cppExport.cmake
[5.228s] -- Up-to-date: /home/mandy/Delivery-Bot/install/robot_interfaces/share/robot_interfaces/cmake/export_robot_interfaces__rosidl_typesupport_fastrtps_cppExport-noconfig.cmake
[5.231s] -- Up-to-date: /home/mandy/Delivery-Bot/install/robot_interfaces/share/robot_interfaces/cmake/robot_interfaces__rosidl_typesupport_introspection_cppExport.cmake
[5.233s] -- Up-to-date: /home/mandy/Delivery-Bot/install/robot_interfaces/share/robot_interfaces/cmake/robot_interfaces__rosidl_typesupport_introspection_cppExport-noconfig.cmake
[5.237s] -- Up-to-date: /home/mandy/Delivery-Bot/install/robot_interfaces/share/robot_interfaces/cmake/robot_interfaces__rosidl_typesupport_cppExport.cmake
[5.238s] -- Up-to-date: /home/mandy/Delivery-Bot/install/robot_interfaces/share/robot_interfaces/cmake/robot_interfaces__rosidl_typesupport_cppExport-noconfig.cmake
[5.243s] -- Up-to-date: /home/mandy/Delivery-Bot/install/robot_interfaces/share/robot_interfaces/cmake/export_robot_interfaces__rosidl_generator_pyExport.cmake
[5.244s] -- Up-to-date: /home/mandy/Delivery-Bot/install/robot_interfaces/share/robot_interfaces/cmake/export_robot_interfaces__rosidl_generator_pyExport-noconfig.cmake
[5.260s] Invoked command in '/home/mandy/Delivery-Bot/build/robot_interfaces' returned '0': CMAKE_PREFIX_PATH=${CMAKE_PREFIX_PATH}:/opt/ros/jazzy DEBUGINFOD_URLS=https://debuginfod.ubuntu.com /usr/bin/cmake --install /home/mandy/Delivery-Bot/build/robot_interfaces
