[4.179s] Invoking command in '/home/mandy/Delivery-Bot/src/robot_control': DEBUGINFOD_URLS=https://debuginfod.ubuntu.com PS1=(myenv) \[\e]0;\u@\h: \w\a\]${debian_chroot:+($debian_chroot)}\[\033[01;32m\]\u@\h\[\033[00m\]:\[\033[01;34m\]\w\[\033[00m\]\$ PYTHONPATH=/home/mandy/Delivery-Bot/build/robot_control/prefix_override:/usr/lib/python3/dist-packages/colcon_core/task/python/colcon_distutils_commands:/home/mandy/Delivery-Bot/install/robot_control/lib/python3.12/site-packages:${PYTHONPATH} VIRTUAL_ENV_PROMPT=(myenv) /usr/bin/python3 -W ignore:setup.py install is deprecated -W ignore:easy_install command is deprecated setup.py egg_info --egg-base ../../build/robot_control build --build-base /home/mandy/Delivery-Bot/build/robot_control/build install --record /home/mandy/Delivery-Bot/build/robot_control/install.log --install-scripts $base/lib/robot_control --single-version-externally-managed install_data
[5.405s] running egg_info
[5.493s] writing ../../build/robot_control/robot_control.egg-info/PKG-INFO
[5.494s] writing dependency_links to ../../build/robot_control/robot_control.egg-info/dependency_links.txt
[5.495s] writing entry points to ../../build/robot_control/robot_control.egg-info/entry_points.txt
[5.496s] writing requirements to ../../build/robot_control/robot_control.egg-info/requires.txt
[5.497s] writing top-level names to ../../build/robot_control/robot_control.egg-info/top_level.txt
[5.692s] reading manifest file '../../build/robot_control/robot_control.egg-info/SOURCES.txt'
[5.697s] writing manifest file '../../build/robot_control/robot_control.egg-info/SOURCES.txt'
[5.697s] running build
[5.698s] running build_py
[5.700s] running install
[5.726s] running install_lib
[5.817s] running install_data
[5.818s] copying launch/control.launch.py -> /home/mandy/Delivery-Bot/install/robot_control/share/robot_control
[5.819s] running install_egg_info
[5.912s] removing '/home/mandy/Delivery-Bot/install/robot_control/lib/python3.12/site-packages/robot_control-0.0.0-py3.12.egg-info' (and everything under it)
[5.914s] Copying ../../build/robot_control/robot_control.egg-info to /home/mandy/Delivery-Bot/install/robot_control/lib/python3.12/site-packages/robot_control-0.0.0-py3.12.egg-info
[5.920s] running install_scripts
[6.575s] Installing odom_publisher script to /home/mandy/Delivery-Bot/install/robot_control/lib/robot_control
[6.576s] Installing serial_comm script to /home/mandy/Delivery-Bot/install/robot_control/lib/robot_control
[6.578s] writing list of installed files to '/home/mandy/Delivery-Bot/build/robot_control/install.log'
[6.726s] Invoked command in '/home/mandy/Delivery-Bot/src/robot_control' returned '0': DEBUGINFOD_URLS=https://debuginfod.ubuntu.com PS1=(myenv) \[\e]0;\u@\h: \w\a\]${debian_chroot:+($debian_chroot)}\[\033[01;32m\]\u@\h\[\033[00m\]:\[\033[01;34m\]\w\[\033[00m\]\$ PYTHONPATH=/home/mandy/Delivery-Bot/build/robot_control/prefix_override:/usr/lib/python3/dist-packages/colcon_core/task/python/colcon_distutils_commands:/home/mandy/Delivery-Bot/install/robot_control/lib/python3.12/site-packages:${PYTHONPATH} VIRTUAL_ENV_PROMPT=(myenv) /usr/bin/python3 -W ignore:setup.py install is deprecated -W ignore:easy_install command is deprecated setup.py egg_info --egg-base ../../build/robot_control build --build-base /home/mandy/Delivery-Bot/build/robot_control/build install --record /home/mandy/Delivery-Bot/build/robot_control/install.log --install-scripts $base/lib/robot_control --single-version-externally-managed install_data
