[0.580s] Invoking command in '/home/nyu-rdt/Delivery-Bot/src/robot_bringup': AMENT_PREFIX_PATH=/home/nyu-rdt/Delivery-Bot/install/robot_navigation:/home/nyu-rdt/Delivery-Bot/install/robot_description:/home/nyu-rdt/Delivery-Bot/install/robot_control:/home/nyu-rdt/Delivery-Bot/install/robot_bringup:/home/nyu-rdt/ros2_jazzy/install:/opt/ros/jazzy DEBUGINFOD_URLS=https://debuginfod.ubuntu.com PYTHONPATH=/home/nyu-rdt/Delivery-Bot/build/robot_bringup/prefix_override:/usr/lib/python3/dist-packages/colcon_core/task/python/colcon_distutils_commands:/home/nyu-rdt/Delivery-Bot/install/robot_bringup/lib/python3.12/site-packages:/home/nyu-rdt/Delivery-Bot/install/robot_navigation/lib/python3.12/site-packages:/home/nyu-rdt/Delivery-Bot/install/robot_description/lib/python3.12/site-packages:/home/nyu-rdt/Delivery-Bot/install/robot_control/lib/python3.12/site-packages:/home/nyu-rdt/Delivery-Bot/install/robot_bringup/lib/python3.12/site-packages:/home/nyu-rdt/Delivery-Bot/build/robot_description:/opt/ros/jazzy/lib/python3.12/site-packages:/usr/local/lib /usr/bin/python3 -W ignore:setup.py install is deprecated -W ignore:easy_install command is deprecated setup.py egg_info --egg-base ../../build/robot_bringup build --build-base /home/nyu-rdt/Delivery-Bot/build/robot_bringup/build install --record /home/nyu-rdt/Delivery-Bot/build/robot_bringup/install.log --single-version-externally-managed install_data
[0.763s] running egg_info
[0.777s] writing ../../build/robot_bringup/robot_bringup.egg-info/PKG-INFO
[0.778s] writing dependency_links to ../../build/robot_bringup/robot_bringup.egg-info/dependency_links.txt
[0.778s] writing requirements to ../../build/robot_bringup/robot_bringup.egg-info/requires.txt
[0.778s] writing top-level names to ../../build/robot_bringup/robot_bringup.egg-info/top_level.txt
[0.806s] reading manifest file '../../build/robot_bringup/robot_bringup.egg-info/SOURCES.txt'
[0.806s] writing manifest file '../../build/robot_bringup/robot_bringup.egg-info/SOURCES.txt'
[0.806s] running build
[0.806s] running build_py
[0.807s] running install
[0.810s] running install_lib
[0.824s] running install_data
[0.825s] copying launch/bringup.launch.py -> /home/nyu-rdt/Delivery-Bot/install/robot_bringup/share/robot_bringup/launch
[0.825s] running install_egg_info
[0.839s] removing '/home/nyu-rdt/Delivery-Bot/install/robot_bringup/lib/python3.12/site-packages/robot_bringup-0.0.0-py3.12.egg-info' (and everything under it)
[0.839s] Copying ../../build/robot_bringup/robot_bringup.egg-info to /home/nyu-rdt/Delivery-Bot/install/robot_bringup/lib/python3.12/site-packages/robot_bringup-0.0.0-py3.12.egg-info
[0.840s] running install_scripts
[0.932s] writing list of installed files to '/home/nyu-rdt/Delivery-Bot/build/robot_bringup/install.log'
[0.950s] Invoked command in '/home/nyu-rdt/Delivery-Bot/src/robot_bringup' returned '0': AMENT_PREFIX_PATH=/home/nyu-rdt/Delivery-Bot/install/robot_navigation:/home/nyu-rdt/Delivery-Bot/install/robot_description:/home/nyu-rdt/Delivery-Bot/install/robot_control:/home/nyu-rdt/Delivery-Bot/install/robot_bringup:/home/nyu-rdt/ros2_jazzy/install:/opt/ros/jazzy DEBUGINFOD_URLS=https://debuginfod.ubuntu.com PYTHONPATH=/home/nyu-rdt/Delivery-Bot/build/robot_bringup/prefix_override:/usr/lib/python3/dist-packages/colcon_core/task/python/colcon_distutils_commands:/home/nyu-rdt/Delivery-Bot/install/robot_bringup/lib/python3.12/site-packages:/home/nyu-rdt/Delivery-Bot/install/robot_navigation/lib/python3.12/site-packages:/home/nyu-rdt/Delivery-Bot/install/robot_description/lib/python3.12/site-packages:/home/nyu-rdt/Delivery-Bot/install/robot_control/lib/python3.12/site-packages:/home/nyu-rdt/Delivery-Bot/install/robot_bringup/lib/python3.12/site-packages:/home/nyu-rdt/Delivery-Bot/build/robot_description:/opt/ros/jazzy/lib/python3.12/site-packages:/usr/local/lib /usr/bin/python3 -W ignore:setup.py install is deprecated -W ignore:easy_install command is deprecated setup.py egg_info --egg-base ../../build/robot_bringup build --build-base /home/nyu-rdt/Delivery-Bot/build/robot_bringup/build install --record /home/nyu-rdt/Delivery-Bot/build/robot_bringup/install.log --single-version-externally-managed install_data
