running develop
/usr/lib/python3/dist-packages/setuptools/command/easy_install.py:363: UserWarning: Unbuilt egg for pytest-repeat [unknown version] (/usr/lib/python3/dist-packages)
  self.local_index = Environment(self.shadow_path + sys.path)
running egg_info
writing robot_description.egg-info/PKG-INFO
writing dependency_links to robot_description.egg-info/dependency_links.txt
writing requirements to robot_description.egg-info/requires.txt
writing top-level names to robot_description.egg-info/top_level.txt
reading manifest file 'robot_description.egg-info/SOURCES.txt'
writing manifest file 'robot_description.egg-info/SOURCES.txt'
running build_ext
Creating /home/mandy/Delivery-Bot/install/robot_description/lib/python3.12/site-packages/robot-description.egg-link (link to .)

Installed /home/mandy/Delivery-Bot/build/robot_description
running symlink_data
symbolically linking /home/mandy/Delivery-Bot/build/robot_description/resource/robot_description -> /home/mandy/Delivery-Bot/install/robot_description/share/ament_index/resource_index/packages
symbolically linking /home/mandy/Delivery-Bot/build/robot_description/package.xml -> /home/mandy/Delivery-Bot/install/robot_description/share/robot_description
symbolically linking /home/mandy/Delivery-Bot/build/robot_description/description/robot_description.urdf -> /home/mandy/Delivery-Bot/install/robot_description/share/robot_description/description
symbolically linking /home/mandy/Delivery-Bot/build/robot_description/description/robot_description.sdf -> /home/mandy/Delivery-Bot/install/robot_description/share/robot_description/description
symbolically linking /home/mandy/Delivery-Bot/build/robot_description/launch/display.launch.py -> /home/mandy/Delivery-Bot/install/robot_description/share/robot_description/launch
symbolically linking /home/mandy/Delivery-Bot/build/robot_description/meshes/body_v2.STL -> /home/mandy/Delivery-Bot/install/robot_description/share/robot_description/meshes
symbolically linking /home/mandy/Delivery-Bot/build/robot_description/meshes/head_v1.STL -> /home/mandy/Delivery-Bot/install/robot_description/share/robot_description/meshes
symbolically linking /home/mandy/Delivery-Bot/build/robot_description/rviz/config.rviz -> /home/mandy/Delivery-Bot/install/robot_description/share/robot_description/rviz
