[5.996s] Invoking command in '/home/mandy/Delivery-Bot/build/robot_control': DEBUGINFOD_URLS=https://debuginfod.ubuntu.com PYTHONPATH=/home/mandy/Delivery-Bot/build/robot_control/prefix_override:/usr/lib/python3/dist-packages/colcon_core/task/python/colcon_distutils_commands:/home/mandy/Delivery-Bot/install/robot_control/lib/python3.12/site-packages:/home/mandy/Delivery-Bot/install/robot_interfaces/lib/python3.12/site-packages:/home/mandy/Delivery-Bot/build/robot_bringup:/home/mandy/Delivery-Bot/install/robot_bringup/lib/python3.12/site-packages:/home/mandy/Delivery-Bot/build/robot_vision:/home/mandy/Delivery-Bot/install/robot_vision/lib/python3.12/site-packages:/home/mandy/Delivery-Bot/build/robot_navigation:/home/mandy/Delivery-Bot/install/robot_navigation/lib/python3.12/site-packages:/home/mandy/Delivery-Bot/build/robot_control:/home/mandy/Delivery-Bot/install/robot_control/lib/python3.12/site-packages:/home/mandy/Delivery-Bot/build/robot_description:/home/mandy/Delivery-Bot/install/robot_description/lib/python3.12/site-packages:/opt/ros/jazzy/lib/python3.12/site-packages /usr/bin/python3 -W ignore:setup.py install is deprecated -W ignore:easy_install command is deprecated setup.py develop --editable --build-directory /home/mandy/Delivery-Bot/build/robot_control/build --no-deps symlink_data
[7.806s] running develop
[8.879s] running egg_info
[8.880s] creating robot_control.egg-info
[8.971s] writing robot_control.egg-info/PKG-INFO
[8.973s] writing dependency_links to robot_control.egg-info/dependency_links.txt
[8.973s] writing entry points to robot_control.egg-info/entry_points.txt
[8.974s] writing requirements to robot_control.egg-info/requires.txt
[8.975s] writing top-level names to robot_control.egg-info/top_level.txt
[8.975s] writing manifest file 'robot_control.egg-info/SOURCES.txt'
[9.165s] reading manifest file 'robot_control.egg-info/SOURCES.txt'
[9.168s] writing manifest file 'robot_control.egg-info/SOURCES.txt'
[9.263s] running build_ext
[9.264s] Creating /home/mandy/Delivery-Bot/install/robot_control/lib/python3.12/site-packages/robot-control.egg-link (link to .)
[9.268s] Installing odom_publisher script to /home/mandy/Delivery-Bot/install/robot_control/lib/robot_control
[9.269s] Installing serial_comm script to /home/mandy/Delivery-Bot/install/robot_control/lib/robot_control
[9.270s] 
[9.271s] Installed /home/mandy/Delivery-Bot/build/robot_control
[9.271s] running symlink_data
[9.272s] creating /home/mandy/Delivery-Bot/install/robot_control/share/ament_index
[9.272s] creating /home/mandy/Delivery-Bot/install/robot_control/share/ament_index/resource_index
[9.273s] creating /home/mandy/Delivery-Bot/install/robot_control/share/ament_index/resource_index/packages
[9.273s] symbolically linking /home/mandy/Delivery-Bot/build/robot_control/resource/robot_control -> /home/mandy/Delivery-Bot/install/robot_control/share/ament_index/resource_index/packages
[9.274s] symbolically linking /home/mandy/Delivery-Bot/build/robot_control/package.xml -> /home/mandy/Delivery-Bot/install/robot_control/share/robot_control
[9.275s] creating /home/mandy/Delivery-Bot/install/robot_control/share/robot_control/launch
[9.276s] symbolically linking /home/mandy/Delivery-Bot/build/robot_control/launch/control.launch.py -> /home/mandy/Delivery-Bot/install/robot_control/share/robot_control/launch
[9.439s] Invoked command in '/home/mandy/Delivery-Bot/build/robot_control' returned '0': DEBUGINFOD_URLS=https://debuginfod.ubuntu.com PYTHONPATH=/home/mandy/Delivery-Bot/build/robot_control/prefix_override:/usr/lib/python3/dist-packages/colcon_core/task/python/colcon_distutils_commands:/home/mandy/Delivery-Bot/install/robot_control/lib/python3.12/site-packages:/home/mandy/Delivery-Bot/install/robot_interfaces/lib/python3.12/site-packages:/home/mandy/Delivery-Bot/build/robot_bringup:/home/mandy/Delivery-Bot/install/robot_bringup/lib/python3.12/site-packages:/home/mandy/Delivery-Bot/build/robot_vision:/home/mandy/Delivery-Bot/install/robot_vision/lib/python3.12/site-packages:/home/mandy/Delivery-Bot/build/robot_navigation:/home/mandy/Delivery-Bot/install/robot_navigation/lib/python3.12/site-packages:/home/mandy/Delivery-Bot/build/robot_control:/home/mandy/Delivery-Bot/install/robot_control/lib/python3.12/site-packages:/home/mandy/Delivery-Bot/build/robot_description:/home/mandy/Delivery-Bot/install/robot_description/lib/python3.12/site-packages:/opt/ros/jazzy/lib/python3.12/site-packages /usr/bin/python3 -W ignore:setup.py install is deprecated -W ignore:easy_install command is deprecated setup.py develop --editable --build-directory /home/mandy/Delivery-Bot/build/robot_control/build --no-deps symlink_data
