[0.639s] Invoking command in '/home/nyu-rdt/Delivery-Bot/src/robot_bringup': AMENT_PREFIX_PATH=/home/nyu-rdt/Delivery-Bot/install/robot_navigation:/home/nyu-rdt/Delivery-Bot/install/robot_description:/home/nyu-rdt/Delivery-Bot/install/robot_control:/home/nyu-rdt/ros2_jazzy/install:/opt/ros/jazzy DEBUGINFOD_URLS=https://debuginfod.ubuntu.com PYTHONPATH=/home/nyu-rdt/Delivery-Bot/build/robot_bringup/prefix_override:/usr/lib/python3/dist-packages/colcon_core/task/python/colcon_distutils_commands:/home/nyu-rdt/Delivery-Bot/install/robot_bringup/lib/python3.12/site-packages:/home/nyu-rdt/Delivery-Bot/install/robot_navigation/lib/python3.12/site-packages:/home/nyu-rdt/Delivery-Bot/install/robot_description/lib/python3.12/site-packages:/home/nyu-rdt/Delivery-Bot/install/robot_control/lib/python3.12/site-packages:/home/nyu-rdt/Delivery-Bot/build/robot_description:/opt/ros/jazzy/lib/python3.12/site-packages:/usr/local/lib /usr/bin/python3 -W ignore:setup.py install is deprecated -W ignore:easy_install command is deprecated setup.py egg_info --egg-base ../../build/robot_bringup build --build-base /home/nyu-rdt/Delivery-Bot/build/robot_bringup/build install --record /home/nyu-rdt/Delivery-Bot/build/robot_bringup/install.log --single-version-externally-managed install_data
[0.851s] running egg_info
[0.851s] creating ../../build/robot_bringup/robot_bringup.egg-info
[0.865s] writing ../../build/robot_bringup/robot_bringup.egg-info/PKG-INFO
[0.865s] writing dependency_links to ../../build/robot_bringup/robot_bringup.egg-info/dependency_links.txt
[0.865s] writing requirements to ../../build/robot_bringup/robot_bringup.egg-info/requires.txt
[0.865s] writing top-level names to ../../build/robot_bringup/robot_bringup.egg-info/top_level.txt
[0.865s] writing manifest file '../../build/robot_bringup/robot_bringup.egg-info/SOURCES.txt'
[0.893s] reading manifest file '../../build/robot_bringup/robot_bringup.egg-info/SOURCES.txt'
[0.894s] writing manifest file '../../build/robot_bringup/robot_bringup.egg-info/SOURCES.txt'
[0.894s] running build
[0.894s] running build_py
[0.894s] creating /home/nyu-rdt/Delivery-Bot/build/robot_bringup/build
[0.894s] creating /home/nyu-rdt/Delivery-Bot/build/robot_bringup/build/lib
[0.894s] creating /home/nyu-rdt/Delivery-Bot/build/robot_bringup/build/lib/robot_bringup
[0.894s] copying robot_bringup/__init__.py -> /home/nyu-rdt/Delivery-Bot/build/robot_bringup/build/lib/robot_bringup
[0.894s] running install
[0.898s] running install_lib
[0.911s] creating /home/nyu-rdt/Delivery-Bot/install/robot_bringup/lib/python3.12/site-packages/robot_bringup
[0.912s] copying /home/nyu-rdt/Delivery-Bot/build/robot_bringup/build/lib/robot_bringup/__init__.py -> /home/nyu-rdt/Delivery-Bot/install/robot_bringup/lib/python3.12/site-packages/robot_bringup
[0.912s] byte-compiling /home/nyu-rdt/Delivery-Bot/install/robot_bringup/lib/python3.12/site-packages/robot_bringup/__init__.py to __init__.cpython-312.pyc
[0.912s] running install_data
[0.912s] creating /home/nyu-rdt/Delivery-Bot/install/robot_bringup/share/ament_index
[0.912s] creating /home/nyu-rdt/Delivery-Bot/install/robot_bringup/share/ament_index/resource_index
[0.912s] creating /home/nyu-rdt/Delivery-Bot/install/robot_bringup/share/ament_index/resource_index/packages
[0.912s] copying resource/robot_bringup -> /home/nyu-rdt/Delivery-Bot/install/robot_bringup/share/ament_index/resource_index/packages
[0.912s] copying package.xml -> /home/nyu-rdt/Delivery-Bot/install/robot_bringup/share/robot_bringup
[0.912s] creating /home/nyu-rdt/Delivery-Bot/install/robot_bringup/share/robot_bringup/launch
[0.912s] copying launch/bringup.launch.py -> /home/nyu-rdt/Delivery-Bot/install/robot_bringup/share/robot_bringup/launch
[0.912s] running install_egg_info
[0.927s] Copying ../../build/robot_bringup/robot_bringup.egg-info to /home/nyu-rdt/Delivery-Bot/install/robot_bringup/lib/python3.12/site-packages/robot_bringup-0.0.0-py3.12.egg-info
[0.927s] running install_scripts
[1.018s] writing list of installed files to '/home/nyu-rdt/Delivery-Bot/build/robot_bringup/install.log'
[1.034s] Invoked command in '/home/nyu-rdt/Delivery-Bot/src/robot_bringup' returned '0': AMENT_PREFIX_PATH=/home/nyu-rdt/Delivery-Bot/install/robot_navigation:/home/nyu-rdt/Delivery-Bot/install/robot_description:/home/nyu-rdt/Delivery-Bot/install/robot_control:/home/nyu-rdt/ros2_jazzy/install:/opt/ros/jazzy DEBUGINFOD_URLS=https://debuginfod.ubuntu.com PYTHONPATH=/home/nyu-rdt/Delivery-Bot/build/robot_bringup/prefix_override:/usr/lib/python3/dist-packages/colcon_core/task/python/colcon_distutils_commands:/home/nyu-rdt/Delivery-Bot/install/robot_bringup/lib/python3.12/site-packages:/home/nyu-rdt/Delivery-Bot/install/robot_navigation/lib/python3.12/site-packages:/home/nyu-rdt/Delivery-Bot/install/robot_description/lib/python3.12/site-packages:/home/nyu-rdt/Delivery-Bot/install/robot_control/lib/python3.12/site-packages:/home/nyu-rdt/Delivery-Bot/build/robot_description:/opt/ros/jazzy/lib/python3.12/site-packages:/usr/local/lib /usr/bin/python3 -W ignore:setup.py install is deprecated -W ignore:easy_install command is deprecated setup.py egg_info --egg-base ../../build/robot_bringup build --build-base /home/nyu-rdt/Delivery-Bot/build/robot_bringup/build install --record /home/nyu-rdt/Delivery-Bot/build/robot_bringup/install.log --single-version-externally-managed install_data
