[3.427s] Invoking command in '/home/mandy/Delivery-Bot/build/robot_description': DEBUGINFOD_URLS=https://debuginfod.ubuntu.com PYTHONPATH=/home/mandy/Delivery-Bot/build/robot_description/prefix_override:/usr/lib/python3/dist-packages/colcon_core/task/python/colcon_distutils_commands:/home/mandy/Delivery-Bot/install/robot_description/lib/python3.12/site-packages:${PYTHONPATH} /usr/bin/python3 -W ignore:setup.py install is deprecated -W ignore:easy_install command is deprecated setup.py develop --uninstall --editable --build-directory /home/mandy/Delivery-Bot/build/robot_description/build
[4.481s] running develop
[5.208s] /usr/lib/python3/dist-packages/setuptools/command/easy_install.py:363: UserWarning: Unbuilt egg for pytest-repeat [unknown version] (/usr/lib/python3/dist-packages)
[5.208s]   self.local_index = Environment(self.shadow_path + sys.path)
[5.314s] Removing /home/mandy/Delivery-Bot/install/robot_description/lib/python3.12/site-packages/robot-description.egg-link (link to .)
[5.449s] Invoked command in '/home/mandy/Delivery-Bot/build/robot_description' returned '0': DEBUGINFOD_URLS=https://debuginfod.ubuntu.com PYTHONPATH=/home/mandy/Delivery-Bot/build/robot_description/prefix_override:/usr/lib/python3/dist-packages/colcon_core/task/python/colcon_distutils_commands:/home/mandy/Delivery-Bot/install/robot_description/lib/python3.12/site-packages:${PYTHONPATH} /usr/bin/python3 -W ignore:setup.py install is deprecated -W ignore:easy_install command is deprecated setup.py develop --uninstall --editable --build-directory /home/mandy/Delivery-Bot/build/robot_description/build
[5.450s] Invoking command in '/home/mandy/Delivery-Bot/src/robot_description': DEBUGINFOD_URLS=https://debuginfod.ubuntu.com PYTHONPATH=/home/mandy/Delivery-Bot/build/robot_description/prefix_override:/usr/lib/python3/dist-packages/colcon_core/task/python/colcon_distutils_commands:/home/mandy/Delivery-Bot/install/robot_description/lib/python3.12/site-packages:${PYTHONPATH} /usr/bin/python3 -W ignore:setup.py install is deprecated -W ignore:easy_install command is deprecated setup.py egg_info --egg-base ../../build/robot_description build --build-base /home/mandy/Delivery-Bot/build/robot_description/build install --record /home/mandy/Delivery-Bot/build/robot_description/install.log --single-version-externally-managed install_data --force
[6.474s] running egg_info
[6.542s] writing ../../build/robot_description/robot_description.egg-info/PKG-INFO
[6.542s] writing dependency_links to ../../build/robot_description/robot_description.egg-info/dependency_links.txt
[6.542s] writing requirements to ../../build/robot_description/robot_description.egg-info/requires.txt
[6.542s] writing top-level names to ../../build/robot_description/robot_description.egg-info/top_level.txt
[6.666s] reading manifest file '../../build/robot_description/robot_description.egg-info/SOURCES.txt'
[6.674s] writing manifest file '../../build/robot_description/robot_description.egg-info/SOURCES.txt'
[6.674s] running build
[6.674s] running build_py
[6.675s] running install
[6.691s] running install_lib
[6.734s] creating /home/mandy/Delivery-Bot/install/robot_description/lib/python3.12/site-packages/robot_description
[6.734s] copying /home/mandy/Delivery-Bot/build/robot_description/build/lib/robot_description/__init__.py -> /home/mandy/Delivery-Bot/install/robot_description/lib/python3.12/site-packages/robot_description
[6.736s] byte-compiling /home/mandy/Delivery-Bot/install/robot_description/lib/python3.12/site-packages/robot_description/__init__.py to __init__.cpython-312.pyc
[6.736s] running install_data
[6.736s] copying resource/robot_description -> /home/mandy/Delivery-Bot/install/robot_description/share/ament_index/resource_index/packages
[6.741s] copying package.xml -> /home/mandy/Delivery-Bot/install/robot_description/share/robot_description
[6.741s] copying description/robot_description.urdf -> /home/mandy/Delivery-Bot/install/robot_description/share/robot_description/description
[6.742s] copying description/robot_description.sdf -> /home/mandy/Delivery-Bot/install/robot_description/share/robot_description/description
[6.743s] copying launch/display.launch.py -> /home/mandy/Delivery-Bot/install/robot_description/share/robot_description/launch
[6.744s] copying meshes/body_v2.STL -> /home/mandy/Delivery-Bot/install/robot_description/share/robot_description/meshes
[6.754s] copying meshes/head_v1.STL -> /home/mandy/Delivery-Bot/install/robot_description/share/robot_description/meshes
[6.766s] copying rviz/config.rviz -> /home/mandy/Delivery-Bot/install/robot_description/share/robot_description/rviz
[6.768s] running install_egg_info
[6.818s] Copying ../../build/robot_description/robot_description.egg-info to /home/mandy/Delivery-Bot/install/robot_description/lib/python3.12/site-packages/robot_description-0.0.0-py3.12.egg-info
[6.826s] running install_scripts
[7.424s] writing list of installed files to '/home/mandy/Delivery-Bot/build/robot_description/install.log'
[7.551s] Invoked command in '/home/mandy/Delivery-Bot/src/robot_description' returned '0': DEBUGINFOD_URLS=https://debuginfod.ubuntu.com PYTHONPATH=/home/mandy/Delivery-Bot/build/robot_description/prefix_override:/usr/lib/python3/dist-packages/colcon_core/task/python/colcon_distutils_commands:/home/mandy/Delivery-Bot/install/robot_description/lib/python3.12/site-packages:${PYTHONPATH} /usr/bin/python3 -W ignore:setup.py install is deprecated -W ignore:easy_install command is deprecated setup.py egg_info --egg-base ../../build/robot_description build --build-base /home/mandy/Delivery-Bot/build/robot_description/build install --record /home/mandy/Delivery-Bot/build/robot_description/install.log --single-version-externally-managed install_data --force
