running egg_info
creating ../../build/robot_control/robot_control.egg-info
writing ../../build/robot_control/robot_control.egg-info/PKG-INFO
writing dependency_links to ../../build/robot_control/robot_control.egg-info/dependency_links.txt
writing entry points to ../../build/robot_control/robot_control.egg-info/entry_points.txt
writing requirements to ../../build/robot_control/robot_control.egg-info/requires.txt
writing top-level names to ../../build/robot_control/robot_control.egg-info/top_level.txt
writing manifest file '../../build/robot_control/robot_control.egg-info/SOURCES.txt'
reading manifest file '../../build/robot_control/robot_control.egg-info/SOURCES.txt'
writing manifest file '../../build/robot_control/robot_control.egg-info/SOURCES.txt'
running build
running build_py
creating /home/mandy/Delivery-Bot/build/robot_control/build
creating /home/mandy/Delivery-Bot/build/robot_control/build/lib
creating /home/mandy/Delivery-Bot/build/robot_control/build/lib/robot_control
copying robot_control/__init__.py -> /home/mandy/Delivery-Bot/build/robot_control/build/lib/robot_control
copying robot_control/odom_publisher.py -> /home/mandy/Delivery-Bot/build/robot_control/build/lib/robot_control
copying robot_control/serial_test.py -> /home/mandy/Delivery-Bot/build/robot_control/build/lib/robot_control
copying robot_control/serial_comm.py -> /home/mandy/Delivery-Bot/build/robot_control/build/lib/robot_control
running install
running install_lib
creating /home/mandy/Delivery-Bot/install/robot_control/lib/python3.12/site-packages/robot_control
copying /home/mandy/Delivery-Bot/build/robot_control/build/lib/robot_control/__init__.py -> /home/mandy/Delivery-Bot/install/robot_control/lib/python3.12/site-packages/robot_control
copying /home/mandy/Delivery-Bot/build/robot_control/build/lib/robot_control/odom_publisher.py -> /home/mandy/Delivery-Bot/install/robot_control/lib/python3.12/site-packages/robot_control
copying /home/mandy/Delivery-Bot/build/robot_control/build/lib/robot_control/serial_test.py -> /home/mandy/Delivery-Bot/install/robot_control/lib/python3.12/site-packages/robot_control
copying /home/mandy/Delivery-Bot/build/robot_control/build/lib/robot_control/serial_comm.py -> /home/mandy/Delivery-Bot/install/robot_control/lib/python3.12/site-packages/robot_control
byte-compiling /home/mandy/Delivery-Bot/install/robot_control/lib/python3.12/site-packages/robot_control/__init__.py to __init__.cpython-312.pyc
byte-compiling /home/mandy/Delivery-Bot/install/robot_control/lib/python3.12/site-packages/robot_control/odom_publisher.py to odom_publisher.cpython-312.pyc
byte-compiling /home/mandy/Delivery-Bot/install/robot_control/lib/python3.12/site-packages/robot_control/serial_test.py to serial_test.cpython-312.pyc
byte-compiling /home/mandy/Delivery-Bot/install/robot_control/lib/python3.12/site-packages/robot_control/serial_comm.py to serial_comm.cpython-312.pyc
running install_data
creating /home/mandy/Delivery-Bot/install/robot_control/share/ament_index
creating /home/mandy/Delivery-Bot/install/robot_control/share/ament_index/resource_index
creating /home/mandy/Delivery-Bot/install/robot_control/share/ament_index/resource_index/packages
copying resource/robot_control -> /home/mandy/Delivery-Bot/install/robot_control/share/ament_index/resource_index/packages
copying package.xml -> /home/mandy/Delivery-Bot/install/robot_control/share/robot_control
copying launch/control.launch.py -> /home/mandy/Delivery-Bot/install/robot_control/share/robot_control
running install_egg_info
Copying ../../build/robot_control/robot_control.egg-info to /home/mandy/Delivery-Bot/install/robot_control/lib/python3.12/site-packages/robot_control-0.0.0-py3.12.egg-info
running install_scripts
Installing odom_publisher script to /home/mandy/Delivery-Bot/install/robot_control/lib/robot_control
Installing serial_comm script to /home/mandy/Delivery-Bot/install/robot_control/lib/robot_control
writing list of installed files to '/home/mandy/Delivery-Bot/build/robot_control/install.log'
