[4.592s] Invoking command in '/home/mandy/Delivery-Bot/src/robot_control': DEBUGINFOD_URLS=https://debuginfod.ubuntu.com PS1=(myenv) \[\e]0;\u@\h: \w\a\]${debian_chroot:+($debian_chroot)}\[\033[01;32m\]\u@\h\[\033[00m\]:\[\033[01;34m\]\w\[\033[00m\]\$ PYTHONPATH=/home/mandy/Delivery-Bot/build/robot_control/prefix_override:/usr/lib/python3/dist-packages/colcon_core/task/python/colcon_distutils_commands:/home/mandy/Delivery-Bot/install/robot_control/lib/python3.12/site-packages:${PYTHONPATH} VIRTUAL_ENV_PROMPT=(myenv) /usr/bin/python3 -W ignore:setup.py install is deprecated -W ignore:easy_install command is deprecated setup.py egg_info --egg-base ../../build/robot_control build --build-base /home/mandy/Delivery-Bot/build/robot_control/build install --record /home/mandy/Delivery-Bot/build/robot_control/install.log --install-scripts $base/lib/robot_control --single-version-externally-managed install_data
[5.751s] running egg_info
[5.752s] creating ../../build/robot_control/robot_control.egg-info
[5.829s] writing ../../build/robot_control/robot_control.egg-info/PKG-INFO
[5.831s] writing dependency_links to ../../build/robot_control/robot_control.egg-info/dependency_links.txt
[5.832s] writing entry points to ../../build/robot_control/robot_control.egg-info/entry_points.txt
[5.836s] writing requirements to ../../build/robot_control/robot_control.egg-info/requires.txt
[5.836s] writing top-level names to ../../build/robot_control/robot_control.egg-info/top_level.txt
[5.837s] writing manifest file '../../build/robot_control/robot_control.egg-info/SOURCES.txt'
[6.014s] reading manifest file '../../build/robot_control/robot_control.egg-info/SOURCES.txt'
[6.017s] writing manifest file '../../build/robot_control/robot_control.egg-info/SOURCES.txt'
[6.018s] running build
[6.018s] running build_py
[6.019s] creating /home/mandy/Delivery-Bot/build/robot_control/build
[6.019s] creating /home/mandy/Delivery-Bot/build/robot_control/build/lib
[6.020s] creating /home/mandy/Delivery-Bot/build/robot_control/build/lib/robot_control
[6.021s] copying robot_control/__init__.py -> /home/mandy/Delivery-Bot/build/robot_control/build/lib/robot_control
[6.021s] copying robot_control/odom_publisher.py -> /home/mandy/Delivery-Bot/build/robot_control/build/lib/robot_control
[6.022s] copying robot_control/serial_test.py -> /home/mandy/Delivery-Bot/build/robot_control/build/lib/robot_control
[6.023s] copying robot_control/serial_comm.py -> /home/mandy/Delivery-Bot/build/robot_control/build/lib/robot_control
[6.024s] running install
[6.053s] running install_lib
[6.132s] creating /home/mandy/Delivery-Bot/install/robot_control/lib/python3.12/site-packages/robot_control
[6.132s] copying /home/mandy/Delivery-Bot/build/robot_control/build/lib/robot_control/__init__.py -> /home/mandy/Delivery-Bot/install/robot_control/lib/python3.12/site-packages/robot_control
[6.133s] copying /home/mandy/Delivery-Bot/build/robot_control/build/lib/robot_control/odom_publisher.py -> /home/mandy/Delivery-Bot/install/robot_control/lib/python3.12/site-packages/robot_control
[6.134s] copying /home/mandy/Delivery-Bot/build/robot_control/build/lib/robot_control/serial_test.py -> /home/mandy/Delivery-Bot/install/robot_control/lib/python3.12/site-packages/robot_control
[6.135s] copying /home/mandy/Delivery-Bot/build/robot_control/build/lib/robot_control/serial_comm.py -> /home/mandy/Delivery-Bot/install/robot_control/lib/python3.12/site-packages/robot_control
[6.139s] byte-compiling /home/mandy/Delivery-Bot/install/robot_control/lib/python3.12/site-packages/robot_control/__init__.py to __init__.cpython-312.pyc
[6.142s] byte-compiling /home/mandy/Delivery-Bot/install/robot_control/lib/python3.12/site-packages/robot_control/odom_publisher.py to odom_publisher.cpython-312.pyc
[6.147s] byte-compiling /home/mandy/Delivery-Bot/install/robot_control/lib/python3.12/site-packages/robot_control/serial_test.py to serial_test.cpython-312.pyc
[6.149s] byte-compiling /home/mandy/Delivery-Bot/install/robot_control/lib/python3.12/site-packages/robot_control/serial_comm.py to serial_comm.cpython-312.pyc
[6.153s] running install_data
[6.154s] creating /home/mandy/Delivery-Bot/install/robot_control/share/ament_index
[6.154s] creating /home/mandy/Delivery-Bot/install/robot_control/share/ament_index/resource_index
[6.155s] creating /home/mandy/Delivery-Bot/install/robot_control/share/ament_index/resource_index/packages
[6.156s] copying resource/robot_control -> /home/mandy/Delivery-Bot/install/robot_control/share/ament_index/resource_index/packages
[6.156s] copying package.xml -> /home/mandy/Delivery-Bot/install/robot_control/share/robot_control
[6.157s] copying launch/control.launch.py -> /home/mandy/Delivery-Bot/install/robot_control/share/robot_control
[6.157s] running install_egg_info
[6.247s] Copying ../../build/robot_control/robot_control.egg-info to /home/mandy/Delivery-Bot/install/robot_control/lib/python3.12/site-packages/robot_control-0.0.0-py3.12.egg-info
[6.252s] running install_scripts
[6.887s] Installing odom_publisher script to /home/mandy/Delivery-Bot/install/robot_control/lib/robot_control
[6.888s] Installing serial_comm script to /home/mandy/Delivery-Bot/install/robot_control/lib/robot_control
[6.890s] writing list of installed files to '/home/mandy/Delivery-Bot/build/robot_control/install.log'
[7.033s] Invoked command in '/home/mandy/Delivery-Bot/src/robot_control' returned '0': DEBUGINFOD_URLS=https://debuginfod.ubuntu.com PS1=(myenv) \[\e]0;\u@\h: \w\a\]${debian_chroot:+($debian_chroot)}\[\033[01;32m\]\u@\h\[\033[00m\]:\[\033[01;34m\]\w\[\033[00m\]\$ PYTHONPATH=/home/mandy/Delivery-Bot/build/robot_control/prefix_override:/usr/lib/python3/dist-packages/colcon_core/task/python/colcon_distutils_commands:/home/mandy/Delivery-Bot/install/robot_control/lib/python3.12/site-packages:${PYTHONPATH} VIRTUAL_ENV_PROMPT=(myenv) /usr/bin/python3 -W ignore:setup.py install is deprecated -W ignore:easy_install command is deprecated setup.py egg_info --egg-base ../../build/robot_control build --build-base /home/mandy/Delivery-Bot/build/robot_control/build install --record /home/mandy/Delivery-Bot/build/robot_control/install.log --install-scripts $base/lib/robot_control --single-version-externally-managed install_data
