running develop
running egg_info
creating robot_bringup.egg-info
writing robot_bringup.egg-info/PKG-INFO
writing dependency_links to robot_bringup.egg-info/dependency_links.txt
writing requirements to robot_bringup.egg-info/requires.txt
writing top-level names to robot_bringup.egg-info/top_level.txt
writing manifest file 'robot_bringup.egg-info/SOURCES.txt'
reading manifest file 'robot_bringup.egg-info/SOURCES.txt'
writing manifest file 'robot_bringup.egg-info/SOURCES.txt'
running build_ext
Creating /home/mandy/Delivery-Bot/install/robot_bringup/lib/python3.12/site-packages/robot-bringup.egg-link (link to .)

Installed /home/mandy/Delivery-Bot/build/robot_bringup
running symlink_data
creating /home/mandy/Delivery-Bot/install/robot_bringup/share/ament_index
creating /home/mandy/Delivery-Bot/install/robot_bringup/share/ament_index/resource_index
creating /home/mandy/Delivery-Bot/install/robot_bringup/share/ament_index/resource_index/packages
symbolically linking /home/mandy/Delivery-Bot/build/robot_bringup/resource/robot_bringup -> /home/mandy/Delivery-Bot/install/robot_bringup/share/ament_index/resource_index/packages
symbolically linking /home/mandy/Delivery-Bot/build/robot_bringup/package.xml -> /home/mandy/Delivery-Bot/install/robot_bringup/share/robot_bringup
creating /home/mandy/Delivery-Bot/install/robot_bringup/share/robot_bringup/launch
symbolically linking /home/mandy/Delivery-Bot/build/robot_bringup/launch/bringup.launch.py -> /home/mandy/Delivery-Bot/install/robot_bringup/share/robot_bringup/launch
