[5.980s] Invoking command in '/home/mandy/Delivery-Bot/build/robot_bringup': AMENT_PREFIX_PATH=/home/mandy/Delivery-Bot/install/robot_control:/home/mandy/Delivery-Bot/install/robot_vision:/home/mandy/Delivery-Bot/install/robot_navigation:/home/mandy/Delivery-Bot/install/robot_description:/home/mandy/Delivery-Bot/install/robot_bringup:/home/mandy/Delivery-Bot/install/robot_interfaces:/opt/ros/jazzy DEBUGINFOD_URLS=https://debuginfod.ubuntu.com PYTHONPATH=/home/mandy/Delivery-Bot/build/robot_bringup/prefix_override:/usr/lib/python3/dist-packages/colcon_core/task/python/colcon_distutils_commands:/home/mandy/Delivery-Bot/install/robot_bringup/lib/python3.12/site-packages:/home/mandy/Delivery-Bot/build/robot_control:/home/mandy/Delivery-Bot/install/robot_control/lib/python3.12/site-packages:/home/mandy/Delivery-Bot/build/robot_vision:/home/mandy/Delivery-Bot/install/robot_vision/lib/python3.12/site-packages:/home/mandy/Delivery-Bot/build/robot_navigation:/home/mandy/Delivery-Bot/install/robot_navigation/lib/python3.12/site-packages:/home/mandy/Delivery-Bot/install/robot_interfaces/lib/python3.12/site-packages:/home/mandy/Delivery-Bot/build/robot_description:/home/mandy/Delivery-Bot/install/robot_description/lib/python3.12/site-packages:/home/mandy/Delivery-Bot/build/robot_bringup:/home/mandy/Delivery-Bot/install/robot_bringup/lib/python3.12/site-packages:/opt/ros/jazzy/lib/python3.12/site-packages /usr/bin/python3 -W ignore:setup.py install is deprecated -W ignore:easy_install command is deprecated setup.py develop --editable --build-directory /home/mandy/Delivery-Bot/build/robot_bringup/build --no-deps symlink_data
[7.697s] running develop
[8.913s] running egg_info
[8.914s] creating robot_bringup.egg-info
[9.006s] writing robot_bringup.egg-info/PKG-INFO
[9.008s] writing dependency_links to robot_bringup.egg-info/dependency_links.txt
[9.009s] writing requirements to robot_bringup.egg-info/requires.txt
[9.009s] writing top-level names to robot_bringup.egg-info/top_level.txt
[9.010s] writing manifest file 'robot_bringup.egg-info/SOURCES.txt'
[9.204s] reading manifest file 'robot_bringup.egg-info/SOURCES.txt'
[9.206s] writing manifest file 'robot_bringup.egg-info/SOURCES.txt'
[9.308s] running build_ext
[9.308s] Creating /home/mandy/Delivery-Bot/install/robot_bringup/lib/python3.12/site-packages/robot-bringup.egg-link (link to .)
[9.310s] 
[9.311s] Installed /home/mandy/Delivery-Bot/build/robot_bringup
[9.312s] running symlink_data
[9.312s] creating /home/mandy/Delivery-Bot/install/robot_bringup/share/ament_index
[9.313s] creating /home/mandy/Delivery-Bot/install/robot_bringup/share/ament_index/resource_index
[9.313s] creating /home/mandy/Delivery-Bot/install/robot_bringup/share/ament_index/resource_index/packages
[9.314s] symbolically linking /home/mandy/Delivery-Bot/build/robot_bringup/resource/robot_bringup -> /home/mandy/Delivery-Bot/install/robot_bringup/share/ament_index/resource_index/packages
[9.314s] symbolically linking /home/mandy/Delivery-Bot/build/robot_bringup/package.xml -> /home/mandy/Delivery-Bot/install/robot_bringup/share/robot_bringup
[9.315s] creating /home/mandy/Delivery-Bot/install/robot_bringup/share/robot_bringup/launch
[9.316s] symbolically linking /home/mandy/Delivery-Bot/build/robot_bringup/launch/bringup.launch.py -> /home/mandy/Delivery-Bot/install/robot_bringup/share/robot_bringup/launch
[9.483s] Invoked command in '/home/mandy/Delivery-Bot/build/robot_bringup' returned '0': AMENT_PREFIX_PATH=/home/mandy/Delivery-Bot/install/robot_control:/home/mandy/Delivery-Bot/install/robot_vision:/home/mandy/Delivery-Bot/install/robot_navigation:/home/mandy/Delivery-Bot/install/robot_description:/home/mandy/Delivery-Bot/install/robot_bringup:/home/mandy/Delivery-Bot/install/robot_interfaces:/opt/ros/jazzy DEBUGINFOD_URLS=https://debuginfod.ubuntu.com PYTHONPATH=/home/mandy/Delivery-Bot/build/robot_bringup/prefix_override:/usr/lib/python3/dist-packages/colcon_core/task/python/colcon_distutils_commands:/home/mandy/Delivery-Bot/install/robot_bringup/lib/python3.12/site-packages:/home/mandy/Delivery-Bot/build/robot_control:/home/mandy/Delivery-Bot/install/robot_control/lib/python3.12/site-packages:/home/mandy/Delivery-Bot/build/robot_vision:/home/mandy/Delivery-Bot/install/robot_vision/lib/python3.12/site-packages:/home/mandy/Delivery-Bot/build/robot_navigation:/home/mandy/Delivery-Bot/install/robot_navigation/lib/python3.12/site-packages:/home/mandy/Delivery-Bot/install/robot_interfaces/lib/python3.12/site-packages:/home/mandy/Delivery-Bot/build/robot_description:/home/mandy/Delivery-Bot/install/robot_description/lib/python3.12/site-packages:/home/mandy/Delivery-Bot/build/robot_bringup:/home/mandy/Delivery-Bot/install/robot_bringup/lib/python3.12/site-packages:/opt/ros/jazzy/lib/python3.12/site-packages /usr/bin/python3 -W ignore:setup.py install is deprecated -W ignore:easy_install command is deprecated setup.py develop --editable --build-directory /home/mandy/Delivery-Bot/build/robot_bringup/build --no-deps symlink_data
