running develop
running egg_info
creating robot_navigation.egg-info
writing robot_navigation.egg-info/PKG-INFO
writing dependency_links to robot_navigation.egg-info/dependency_links.txt
writing requirements to robot_navigation.egg-info/requires.txt
writing top-level names to robot_navigation.egg-info/top_level.txt
writing manifest file 'robot_navigation.egg-info/SOURCES.txt'
reading manifest file 'robot_navigation.egg-info/SOURCES.txt'
writing manifest file 'robot_navigation.egg-info/SOURCES.txt'
running build_ext
Creating /home/mandy/Delivery-Bot/install/robot_navigation/lib/python3.12/site-packages/robot-navigation.egg-link (link to .)

Installed /home/mandy/Delivery-Bot/build/robot_navigation
running symlink_data
creating /home/mandy/Delivery-Bot/install/robot_navigation/share/ament_index
creating /home/mandy/Delivery-Bot/install/robot_navigation/share/ament_index/resource_index
creating /home/mandy/Delivery-Bot/install/robot_navigation/share/ament_index/resource_index/packages
symbolically linking /home/mandy/Delivery-Bot/build/robot_navigation/resource/robot_navigation -> /home/mandy/Delivery-Bot/install/robot_navigation/share/ament_index/resource_index/packages
symbolically linking /home/mandy/Delivery-Bot/build/robot_navigation/package.xml -> /home/mandy/Delivery-Bot/install/robot_navigation/share/robot_navigation
creating /home/mandy/Delivery-Bot/install/robot_navigation/share/robot_navigation/launch
symbolically linking /home/mandy/Delivery-Bot/build/robot_navigation/launch/navigation.launch.py -> /home/mandy/Delivery-Bot/install/robot_navigation/share/robot_navigation/launch
creating /home/mandy/Delivery-Bot/install/robot_navigation/share/robot_navigation/config
symbolically linking /home/mandy/Delivery-Bot/build/robot_navigation/config/nav2_params.yaml -> /home/mandy/Delivery-Bot/install/robot_navigation/share/robot_navigation/config
symbolically linking /home/mandy/Delivery-Bot/build/robot_navigation/config/ekf.yaml -> /home/mandy/Delivery-Bot/install/robot_navigation/share/robot_navigation/config
symbolically linking /home/mandy/Delivery-Bot/build/robot_navigation/config/slam_params.yaml -> /home/mandy/Delivery-Bot/install/robot_navigation/share/robot_navigation/config
creating /home/mandy/Delivery-Bot/install/robot_navigation/share/robot_navigation/maps
