[11.644s] Invoking command in '/home/mandy/Delivery-Bot/build/robot_navigation': DEBUGINFOD_URLS=https://debuginfod.ubuntu.com PYTHONPATH=/home/mandy/Delivery-Bot/build/robot_navigation/prefix_override:/usr/lib/python3/dist-packages/colcon_core/task/python/colcon_distutils_commands:/home/mandy/Delivery-Bot/install/robot_navigation/lib/python3.12/site-packages:${PYTHONPATH} /usr/bin/python3 -W ignore:setup.py install is deprecated -W ignore:easy_install command is deprecated setup.py develop --editable --build-directory /home/mandy/Delivery-Bot/build/robot_navigation/build --no-deps symlink_data
[14.360s] running develop
[16.565s] running egg_info
[16.566s] creating robot_navigation.egg-info
[16.719s] writing robot_navigation.egg-info/PKG-INFO
[16.722s] writing dependency_links to robot_navigation.egg-info/dependency_links.txt
[16.726s] writing requirements to robot_navigation.egg-info/requires.txt
[16.726s] writing top-level names to robot_navigation.egg-info/top_level.txt
[16.727s] writing manifest file 'robot_navigation.egg-info/SOURCES.txt'
[17.023s] reading manifest file 'robot_navigation.egg-info/SOURCES.txt'
[17.026s] writing manifest file 'robot_navigation.egg-info/SOURCES.txt'
[17.191s] running build_ext
[17.194s] Creating /home/mandy/Delivery-Bot/install/robot_navigation/lib/python3.12/site-packages/robot-navigation.egg-link (link to .)
[17.195s] 
[17.197s] Installed /home/mandy/Delivery-Bot/build/robot_navigation
[17.198s] running symlink_data
[17.200s] creating /home/mandy/Delivery-Bot/install/robot_navigation/share/ament_index
[17.203s] creating /home/mandy/Delivery-Bot/install/robot_navigation/share/ament_index/resource_index
[17.206s] creating /home/mandy/Delivery-Bot/install/robot_navigation/share/ament_index/resource_index/packages
[17.210s] symbolically linking /home/mandy/Delivery-Bot/build/robot_navigation/resource/robot_navigation -> /home/mandy/Delivery-Bot/install/robot_navigation/share/ament_index/resource_index/packages
[17.214s] symbolically linking /home/mandy/Delivery-Bot/build/robot_navigation/package.xml -> /home/mandy/Delivery-Bot/install/robot_navigation/share/robot_navigation
[17.217s] creating /home/mandy/Delivery-Bot/install/robot_navigation/share/robot_navigation/launch
[17.224s] symbolically linking /home/mandy/Delivery-Bot/build/robot_navigation/launch/navigation.launch.py -> /home/mandy/Delivery-Bot/install/robot_navigation/share/robot_navigation/launch
[17.226s] creating /home/mandy/Delivery-Bot/install/robot_navigation/share/robot_navigation/config
[17.231s] symbolically linking /home/mandy/Delivery-Bot/build/robot_navigation/config/nav2_params.yaml -> /home/mandy/Delivery-Bot/install/robot_navigation/share/robot_navigation/config
[17.233s] symbolically linking /home/mandy/Delivery-Bot/build/robot_navigation/config/ekf.yaml -> /home/mandy/Delivery-Bot/install/robot_navigation/share/robot_navigation/config
[17.234s] symbolically linking /home/mandy/Delivery-Bot/build/robot_navigation/config/slam_params.yaml -> /home/mandy/Delivery-Bot/install/robot_navigation/share/robot_navigation/config
[17.241s] creating /home/mandy/Delivery-Bot/install/robot_navigation/share/robot_navigation/maps
[17.497s] Invoked command in '/home/mandy/Delivery-Bot/build/robot_navigation' returned '0': DEBUGINFOD_URLS=https://debuginfod.ubuntu.com PYTHONPATH=/home/mandy/Delivery-Bot/build/robot_navigation/prefix_override:/usr/lib/python3/dist-packages/colcon_core/task/python/colcon_distutils_commands:/home/mandy/Delivery-Bot/install/robot_navigation/lib/python3.12/site-packages:${PYTHONPATH} /usr/bin/python3 -W ignore:setup.py install is deprecated -W ignore:easy_install command is deprecated setup.py develop --editable --build-directory /home/mandy/Delivery-Bot/build/robot_navigation/build --no-deps symlink_data
