[4.766s] Invoking command in '/home/mandy/Delivery-Bot/src/robot_control': DEBUGINFOD_URLS=https://debuginfod.ubuntu.com PS1=(myenv) \[\e]0;\u@\h: \w\a\]${debian_chroot:+($debian_chroot)}\[\033[01;32m\]\u@\h\[\033[00m\]:\[\033[01;34m\]\w\[\033[00m\]\$ PYTHONPATH=/home/mandy/Delivery-Bot/build/robot_control/prefix_override:/usr/lib/python3/dist-packages/colcon_core/task/python/colcon_distutils_commands:/home/mandy/Delivery-Bot/install/robot_control/lib/python3.12/site-packages:${PYTHONPATH} VIRTUAL_ENV_PROMPT=(myenv) /usr/bin/python3 -W ignore:setup.py install is deprecated -W ignore:easy_install command is deprecated setup.py egg_info --egg-base ../../build/robot_control build --build-base /home/mandy/Delivery-Bot/build/robot_control/build install --record /home/mandy/Delivery-Bot/build/robot_control/install.log --install-scripts $base/lib/robot_control --single-version-externally-managed install_data
[5.976s] running egg_info
[6.062s] writing ../../build/robot_control/robot_control.egg-info/PKG-INFO
[6.063s] writing dependency_links to ../../build/robot_control/robot_control.egg-info/dependency_links.txt
[6.066s] writing entry points to ../../build/robot_control/robot_control.egg-info/entry_points.txt
[6.068s] writing requirements to ../../build/robot_control/robot_control.egg-info/requires.txt
[6.071s] writing top-level names to ../../build/robot_control/robot_control.egg-info/top_level.txt
[6.260s] reading manifest file '../../build/robot_control/robot_control.egg-info/SOURCES.txt'
[6.265s] writing manifest file '../../build/robot_control/robot_control.egg-info/SOURCES.txt'
[6.265s] running build
[6.266s] running build_py
[6.267s] copying robot_control/serial_test.py -> /home/mandy/Delivery-Bot/build/robot_control/build/lib/robot_control
[6.269s] running install
[6.294s] running install_lib
[6.382s] copying /home/mandy/Delivery-Bot/build/robot_control/build/lib/robot_control/serial_test.py -> /home/mandy/Delivery-Bot/install/robot_control/lib/python3.12/site-packages/robot_control
[6.385s] byte-compiling /home/mandy/Delivery-Bot/install/robot_control/lib/python3.12/site-packages/robot_control/serial_test.py to serial_test.cpython-312.pyc
[6.388s] running install_data
[6.389s] running install_egg_info
[6.479s] removing '/home/mandy/Delivery-Bot/install/robot_control/lib/python3.12/site-packages/robot_control-0.0.0-py3.12.egg-info' (and everything under it)
[6.481s] Copying ../../build/robot_control/robot_control.egg-info to /home/mandy/Delivery-Bot/install/robot_control/lib/python3.12/site-packages/robot_control-0.0.0-py3.12.egg-info
[6.488s] running install_scripts
[7.155s] Installing odom_publisher script to /home/mandy/Delivery-Bot/install/robot_control/lib/robot_control
[7.156s] Installing serial_comm script to /home/mandy/Delivery-Bot/install/robot_control/lib/robot_control
[7.159s] writing list of installed files to '/home/mandy/Delivery-Bot/build/robot_control/install.log'
[7.303s] Invoked command in '/home/mandy/Delivery-Bot/src/robot_control' returned '0': DEBUGINFOD_URLS=https://debuginfod.ubuntu.com PS1=(myenv) \[\e]0;\u@\h: \w\a\]${debian_chroot:+($debian_chroot)}\[\033[01;32m\]\u@\h\[\033[00m\]:\[\033[01;34m\]\w\[\033[00m\]\$ PYTHONPATH=/home/mandy/Delivery-Bot/build/robot_control/prefix_override:/usr/lib/python3/dist-packages/colcon_core/task/python/colcon_distutils_commands:/home/mandy/Delivery-Bot/install/robot_control/lib/python3.12/site-packages:${PYTHONPATH} VIRTUAL_ENV_PROMPT=(myenv) /usr/bin/python3 -W ignore:setup.py install is deprecated -W ignore:easy_install command is deprecated setup.py egg_info --egg-base ../../build/robot_control build --build-base /home/mandy/Delivery-Bot/build/robot_control/build install --record /home/mandy/Delivery-Bot/build/robot_control/install.log --install-scripts $base/lib/robot_control --single-version-externally-managed install_data
