[1.139s] Invoking command in '/home/nyu-rdt/Delivery-Bot/src/robot_description': DEBUGINFOD_URLS=https://debuginfod.ubuntu.com PYTHONPATH=/home/nyu-rdt/Delivery-Bot/build/robot_description/prefix_override:/usr/lib/python3/dist-packages/colcon_core/task/python/colcon_distutils_commands:/home/nyu-rdt/Delivery-Bot/install/robot_description/lib/python3.12/site-packages:${PYTHONPATH} /usr/bin/python3 -W ignore:setup.py install is deprecated -W ignore:easy_install command is deprecated setup.py egg_info --egg-base ../../build/robot_description build --build-base /home/nyu-rdt/Delivery-Bot/build/robot_description/build install --record /home/nyu-rdt/Delivery-Bot/build/robot_description/install.log --single-version-externally-managed install_data
[1.501s] running egg_info
[1.529s] writing ../../build/robot_description/robot_description.egg-info/PKG-INFO
[1.530s] writing dependency_links to ../../build/robot_description/robot_description.egg-info/dependency_links.txt
[1.530s] writing requirements to ../../build/robot_description/robot_description.egg-info/requires.txt
[1.530s] writing top-level names to ../../build/robot_description/robot_description.egg-info/top_level.txt
[1.587s] reading manifest file '../../build/robot_description/robot_description.egg-info/SOURCES.txt'
[1.588s] writing manifest file '../../build/robot_description/robot_description.egg-info/SOURCES.txt'
[1.588s] running build
[1.588s] running build_py
[1.589s] running install
[1.596s] running install_lib
[1.625s] running install_data
[1.625s] copying description/robot_description.urdf -> /home/nyu-rdt/Delivery-Bot/install/robot_description/share/robot_description/description
[1.626s] running install_egg_info
[1.655s] removing '/home/nyu-rdt/Delivery-Bot/install/robot_description/lib/python3.12/site-packages/robot_description-0.0.0-py3.12.egg-info' (and everything under it)
[1.655s] Copying ../../build/robot_description/robot_description.egg-info to /home/nyu-rdt/Delivery-Bot/install/robot_description/lib/python3.12/site-packages/robot_description-0.0.0-py3.12.egg-info
[1.656s] running install_scripts
[1.834s] writing list of installed files to '/home/nyu-rdt/Delivery-Bot/build/robot_description/install.log'
[1.864s] Invoked command in '/home/nyu-rdt/Delivery-Bot/src/robot_description' returned '0': DEBUGINFOD_URLS=https://debuginfod.ubuntu.com PYTHONPATH=/home/nyu-rdt/Delivery-Bot/build/robot_description/prefix_override:/usr/lib/python3/dist-packages/colcon_core/task/python/colcon_distutils_commands:/home/nyu-rdt/Delivery-Bot/install/robot_description/lib/python3.12/site-packages:${PYTHONPATH} /usr/bin/python3 -W ignore:setup.py install is deprecated -W ignore:easy_install command is deprecated setup.py egg_info --egg-base ../../build/robot_description build --build-base /home/nyu-rdt/Delivery-Bot/build/robot_description/build install --record /home/nyu-rdt/Delivery-Bot/build/robot_description/install.log --single-version-externally-managed install_data
