[1.035s] Invoking command in '/home/nyu-rdt/Delivery-Bot/src/robot_control': DEBUGINFOD_URLS=https://debuginfod.ubuntu.com PYTHONPATH=/home/nyu-rdt/Delivery-Bot/build/robot_control/prefix_override:/usr/lib/python3/dist-packages/colcon_core/task/python/colcon_distutils_commands:/home/nyu-rdt/Delivery-Bot/install/robot_control/lib/python3.12/site-packages:${PYTHONPATH} /usr/bin/python3 -W ignore:setup.py install is deprecated -W ignore:easy_install command is deprecated setup.py egg_info --egg-base ../../build/robot_control build --build-base /home/nyu-rdt/Delivery-Bot/build/robot_control/build install --record /home/nyu-rdt/Delivery-Bot/build/robot_control/install.log --single-version-externally-managed install_data
[1.230s] running egg_info
[1.246s] writing ../../build/robot_control/robot_control.egg-info/PKG-INFO
[1.246s] writing dependency_links to ../../build/robot_control/robot_control.egg-info/dependency_links.txt
[1.246s] writing entry points to ../../build/robot_control/robot_control.egg-info/entry_points.txt
[1.246s] writing requirements to ../../build/robot_control/robot_control.egg-info/requires.txt
[1.246s] writing top-level names to ../../build/robot_control/robot_control.egg-info/top_level.txt
[1.276s] reading manifest file '../../build/robot_control/robot_control.egg-info/SOURCES.txt'
[1.277s] writing manifest file '../../build/robot_control/robot_control.egg-info/SOURCES.txt'
[1.277s] running build
[1.277s] running build_py
[1.277s] running install
[1.281s] running install_lib
[1.296s] running install_data
[1.296s] running install_egg_info
[1.312s] removing '/home/nyu-rdt/Delivery-Bot/install/robot_control/lib/python3.12/site-packages/robot_control-0.0.0-py3.12.egg-info' (and everything under it)
[1.312s] Copying ../../build/robot_control/robot_control.egg-info to /home/nyu-rdt/Delivery-Bot/install/robot_control/lib/python3.12/site-packages/robot_control-0.0.0-py3.12.egg-info
[1.312s] running install_scripts
[1.410s] Installing odom_publisher script to /home/nyu-rdt/Delivery-Bot/install/robot_control/lib/robot_control
[1.410s] writing list of installed files to '/home/nyu-rdt/Delivery-Bot/build/robot_control/install.log'
[1.440s] Invoked command in '/home/nyu-rdt/Delivery-Bot/src/robot_control' returned '0': DEBUGINFOD_URLS=https://debuginfod.ubuntu.com PYTHONPATH=/home/nyu-rdt/Delivery-Bot/build/robot_control/prefix_override:/usr/lib/python3/dist-packages/colcon_core/task/python/colcon_distutils_commands:/home/nyu-rdt/Delivery-Bot/install/robot_control/lib/python3.12/site-packages:${PYTHONPATH} /usr/bin/python3 -W ignore:setup.py install is deprecated -W ignore:easy_install command is deprecated setup.py egg_info --egg-base ../../build/robot_control build --build-base /home/nyu-rdt/Delivery-Bot/build/robot_control/build install --record /home/nyu-rdt/Delivery-Bot/build/robot_control/install.log --single-version-externally-managed install_data
