[1.294s] DEBUG:colcon:Command line arguments: ['/usr/bin/colcon', 'build', '--packages-select', 'robot_audio']
[1.294s] DEBUG:colcon:Parsed command line arguments: Namespace(log_base=None, log_level=None, verb_name='build', build_base='build', install_base='install', merge_install=False, symlink_install=False, test_result_base=None, continue_on_error=False, executor='parallel', parallel_workers=4, event_handlers=None, ignore_user_meta=False, metas=['./colcon.meta'], base_paths=['.'], packages_ignore=None, packages_ignore_regex=None, paths=None, packages_up_to=None, packages_up_to_regex=None, packages_above=None, packages_above_and_dependencies=None, packages_above_depth=None, packages_select_by_dep=None, packages_skip_by_dep=None, packages_skip_up_to=None, packages_select_build_failed=False, packages_skip_build_finished=False, packages_select_test_failures=False, packages_skip_test_passed=False, packages_select=['robot_audio'], packages_skip=None, packages_select_regex=None, packages_skip_regex=None, packages_start=None, packages_end=None, cmake_args=None, cmake_target=None, cmake_target_skip_unavailable=False, cmake_clean_cache=False, cmake_clean_first=False, cmake_force_configure=False, ament_cmake_args=None, catkin_cmake_args=None, catkin_skip_building_tests=False, verb_parser=<colcon_defaults.argument_parser.defaults.DefaultArgumentsDecorator object at 0xffff83e08b30>, verb_extension=<colcon_core.verb.build.BuildVerb object at 0xffff83ff1310>, main=<bound method BuildVerb.main of <colcon_core.verb.build.BuildVerb object at 0xffff83ff1310>>)
[1.615s] Level 1:colcon.colcon_core.package_discovery:discover_packages(colcon_meta) check parameters
[1.615s] Level 1:colcon.colcon_core.package_discovery:discover_packages(recursive) check parameters
[1.616s] Level 1:colcon.colcon_core.package_discovery:discover_packages(ignore) check parameters
[1.616s] Level 1:colcon.colcon_core.package_discovery:discover_packages(path) check parameters
[1.616s] Level 1:colcon.colcon_core.package_discovery:discover_packages(colcon_meta) discover
[1.616s] Level 1:colcon.colcon_core.package_discovery:discover_packages(recursive) discover
[1.616s] INFO:colcon.colcon_core.package_discovery:Crawling recursively for packages in '/home/mandy/Delivery-Bot'
[1.617s] Level 1:colcon.colcon_core.package_identification:_identify(.) by extensions ['ignore', 'ignore_ament_install']
[1.617s] Level 1:colcon.colcon_core.package_identification:_identify(.) by extension 'ignore'
[1.618s] Level 1:colcon.colcon_core.package_identification:_identify(.) by extension 'ignore_ament_install'
[1.618s] Level 1:colcon.colcon_core.package_identification:_identify(.) by extensions ['colcon_pkg']
[1.618s] Level 1:colcon.colcon_core.package_identification:_identify(.) by extension 'colcon_pkg'
[1.618s] Level 1:colcon.colcon_core.package_identification:_identify(.) by extensions ['colcon_meta']
[1.618s] Level 1:colcon.colcon_core.package_identification:_identify(.) by extension 'colcon_meta'
[1.618s] Level 1:colcon.colcon_core.package_identification:_identify(.) by extensions ['ros']
[1.619s] Level 1:colcon.colcon_core.package_identification:_identify(.) by extension 'ros'
[1.784s] Level 1:colcon.colcon_core.package_identification:_identify(.) by extensions ['cmake', 'python']
[1.784s] Level 1:colcon.colcon_core.package_identification:_identify(.) by extension 'cmake'
[1.784s] Level 1:colcon.colcon_core.package_identification:_identify(.) by extension 'python'
[1.784s] Level 1:colcon.colcon_core.package_identification:_identify(.) by extensions ['python_setup_py']
[1.784s] Level 1:colcon.colcon_core.package_identification:_identify(.) by extension 'python_setup_py'
[1.785s] Level 1:colcon.colcon_core.package_identification:_identify(build) by extensions ['ignore', 'ignore_ament_install']
[1.785s] Level 1:colcon.colcon_core.package_identification:_identify(build) by extension 'ignore'
[1.786s] Level 1:colcon.colcon_core.package_identification:_identify(build) ignored
[1.786s] Level 1:colcon.colcon_core.package_identification:_identify(install) by extensions ['ignore', 'ignore_ament_install']
[1.786s] Level 1:colcon.colcon_core.package_identification:_identify(install) by extension 'ignore'
[1.787s] Level 1:colcon.colcon_core.package_identification:_identify(install) ignored
[1.787s] Level 1:colcon.colcon_core.package_identification:_identify(log) by extensions ['ignore', 'ignore_ament_install']
[1.787s] Level 1:colcon.colcon_core.package_identification:_identify(log) by extension 'ignore'
[1.787s] Level 1:colcon.colcon_core.package_identification:_identify(log) ignored
[1.788s] Level 1:colcon.colcon_core.package_identification:_identify(src) by extensions ['ignore', 'ignore_ament_install']
[1.788s] Level 1:colcon.colcon_core.package_identification:_identify(src) by extension 'ignore'
[1.788s] Level 1:colcon.colcon_core.package_identification:_identify(src) by extension 'ignore_ament_install'
[1.789s] Level 1:colcon.colcon_core.package_identification:_identify(src) by extensions ['colcon_pkg']
[1.789s] Level 1:colcon.colcon_core.package_identification:_identify(src) by extension 'colcon_pkg'
[1.789s] Level 1:colcon.colcon_core.package_identification:_identify(src) by extensions ['colcon_meta']
[1.789s] Level 1:colcon.colcon_core.package_identification:_identify(src) by extension 'colcon_meta'
[1.789s] Level 1:colcon.colcon_core.package_identification:_identify(src) by extensions ['ros']
[1.789s] Level 1:colcon.colcon_core.package_identification:_identify(src) by extension 'ros'
[1.790s] Level 1:colcon.colcon_core.package_identification:_identify(src) by extensions ['cmake', 'python']
[1.790s] Level 1:colcon.colcon_core.package_identification:_identify(src) by extension 'cmake'
[1.790s] Level 1:colcon.colcon_core.package_identification:_identify(src) by extension 'python'
[1.790s] Level 1:colcon.colcon_core.package_identification:_identify(src) by extensions ['python_setup_py']
[1.790s] Level 1:colcon.colcon_core.package_identification:_identify(src) by extension 'python_setup_py'
[1.791s] Level 1:colcon.colcon_core.package_identification:_identify(src/robot_audio) by extensions ['ignore', 'ignore_ament_install']
[1.791s] Level 1:colcon.colcon_core.package_identification:_identify(src/robot_audio) by extension 'ignore'
[1.791s] Level 1:colcon.colcon_core.package_identification:_identify(src/robot_audio) by extension 'ignore_ament_install'
[1.792s] Level 1:colcon.colcon_core.package_identification:_identify(src/robot_audio) by extensions ['colcon_pkg']
[1.792s] Level 1:colcon.colcon_core.package_identification:_identify(src/robot_audio) by extension 'colcon_pkg'
[1.792s] Level 1:colcon.colcon_core.package_identification:_identify(src/robot_audio) by extensions ['colcon_meta']
[1.792s] Level 1:colcon.colcon_core.package_identification:_identify(src/robot_audio) by extension 'colcon_meta'
[1.792s] Level 1:colcon.colcon_core.package_identification:_identify(src/robot_audio) by extensions ['ros']
[1.792s] Level 1:colcon.colcon_core.package_identification:_identify(src/robot_audio) by extension 'ros'
[1.804s] DEBUG:colcon.colcon_core.package_identification:Package 'src/robot_audio' with type 'ros.ament_python' and name 'robot_audio'
[1.805s] Level 1:colcon.colcon_core.package_identification:_identify(src/robot_bringup) by extensions ['ignore', 'ignore_ament_install']
[1.805s] Level 1:colcon.colcon_core.package_identification:_identify(src/robot_bringup) by extension 'ignore'
[1.806s] Level 1:colcon.colcon_core.package_identification:_identify(src/robot_bringup) by extension 'ignore_ament_install'
[1.806s] Level 1:colcon.colcon_core.package_identification:_identify(src/robot_bringup) by extensions ['colcon_pkg']
[1.806s] Level 1:colcon.colcon_core.package_identification:_identify(src/robot_bringup) by extension 'colcon_pkg'
[1.806s] Level 1:colcon.colcon_core.package_identification:_identify(src/robot_bringup) by extensions ['colcon_meta']
[1.807s] Level 1:colcon.colcon_core.package_identification:_identify(src/robot_bringup) by extension 'colcon_meta'
[1.807s] Level 1:colcon.colcon_core.package_identification:_identify(src/robot_bringup) by extensions ['ros']
[1.807s] Level 1:colcon.colcon_core.package_identification:_identify(src/robot_bringup) by extension 'ros'
[1.810s] DEBUG:colcon.colcon_core.package_identification:Package 'src/robot_bringup' with type 'ros.ament_python' and name 'robot_bringup'
[1.811s] Level 1:colcon.colcon_core.package_identification:_identify(src/robot_control) by extensions ['ignore', 'ignore_ament_install']
[1.811s] Level 1:colcon.colcon_core.package_identification:_identify(src/robot_control) by extension 'ignore'
[1.812s] Level 1:colcon.colcon_core.package_identification:_identify(src/robot_control) by extension 'ignore_ament_install'
[1.812s] Level 1:colcon.colcon_core.package_identification:_identify(src/robot_control) by extensions ['colcon_pkg']
[1.812s] Level 1:colcon.colcon_core.package_identification:_identify(src/robot_control) by extension 'colcon_pkg'
[1.812s] Level 1:colcon.colcon_core.package_identification:_identify(src/robot_control) by extensions ['colcon_meta']
[1.812s] Level 1:colcon.colcon_core.package_identification:_identify(src/robot_control) by extension 'colcon_meta'
[1.813s] Level 1:colcon.colcon_core.package_identification:_identify(src/robot_control) by extensions ['ros']
[1.813s] Level 1:colcon.colcon_core.package_identification:_identify(src/robot_control) by extension 'ros'
[1.818s] DEBUG:colcon.colcon_core.package_identification:Package 'src/robot_control' with type 'ros.ament_python' and name 'robot_control'
[1.818s] Level 1:colcon.colcon_core.package_identification:_identify(src/robot_description) by extensions ['ignore', 'ignore_ament_install']
[1.819s] Level 1:colcon.colcon_core.package_identification:_identify(src/robot_description) by extension 'ignore'
[1.819s] Level 1:colcon.colcon_core.package_identification:_identify(src/robot_description) by extension 'ignore_ament_install'
[1.819s] Level 1:colcon.colcon_core.package_identification:_identify(src/robot_description) by extensions ['colcon_pkg']
[1.819s] Level 1:colcon.colcon_core.package_identification:_identify(src/robot_description) by extension 'colcon_pkg'
[1.819s] Level 1:colcon.colcon_core.package_identification:_identify(src/robot_description) by extensions ['colcon_meta']
[1.820s] Level 1:colcon.colcon_core.package_identification:_identify(src/robot_description) by extension 'colcon_meta'
[1.820s] Level 1:colcon.colcon_core.package_identification:_identify(src/robot_description) by extensions ['ros']
[1.820s] Level 1:colcon.colcon_core.package_identification:_identify(src/robot_description) by extension 'ros'
[1.827s] DEBUG:colcon.colcon_core.package_identification:Package 'src/robot_description' with type 'ros.ament_python' and name 'robot_description'
[1.828s] Level 1:colcon.colcon_core.package_identification:_identify(src/robot_interfaces) by extensions ['ignore', 'ignore_ament_install']
[1.828s] Level 1:colcon.colcon_core.package_identification:_identify(src/robot_interfaces) by extension 'ignore'
[1.828s] Level 1:colcon.colcon_core.package_identification:_identify(src/robot_interfaces) by extension 'ignore_ament_install'
[1.828s] Level 1:colcon.colcon_core.package_identification:_identify(src/robot_interfaces) by extensions ['colcon_pkg']
[1.829s] Level 1:colcon.colcon_core.package_identification:_identify(src/robot_interfaces) by extension 'colcon_pkg'
[1.829s] Level 1:colcon.colcon_core.package_identification:_identify(src/robot_interfaces) by extensions ['colcon_meta']
[1.829s] Level 1:colcon.colcon_core.package_identification:_identify(src/robot_interfaces) by extension 'colcon_meta'
[1.829s] Level 1:colcon.colcon_core.package_identification:_identify(src/robot_interfaces) by extensions ['ros']
[1.829s] Level 1:colcon.colcon_core.package_identification:_identify(src/robot_interfaces) by extension 'ros'
[1.832s] DEBUG:colcon.colcon_core.package_identification:Package 'src/robot_interfaces' with type 'ros.ament_cmake' and name 'robot_interfaces'
[1.833s] Level 1:colcon.colcon_core.package_identification:_identify(src/robot_navigation) by extensions ['ignore', 'ignore_ament_install']
[1.833s] Level 1:colcon.colcon_core.package_identification:_identify(src/robot_navigation) by extension 'ignore'
[1.833s] Level 1:colcon.colcon_core.package_identification:_identify(src/robot_navigation) by extension 'ignore_ament_install'
[1.833s] Level 1:colcon.colcon_core.package_identification:_identify(src/robot_navigation) by extensions ['colcon_pkg']
[1.834s] Level 1:colcon.colcon_core.package_identification:_identify(src/robot_navigation) by extension 'colcon_pkg'
[1.834s] Level 1:colcon.colcon_core.package_identification:_identify(src/robot_navigation) by extensions ['colcon_meta']
[1.834s] Level 1:colcon.colcon_core.package_identification:_identify(src/robot_navigation) by extension 'colcon_meta'
[1.834s] Level 1:colcon.colcon_core.package_identification:_identify(src/robot_navigation) by extensions ['ros']
[1.834s] Level 1:colcon.colcon_core.package_identification:_identify(src/robot_navigation) by extension 'ros'
[1.837s] DEBUG:colcon.colcon_core.package_identification:Package 'src/robot_navigation' with type 'ros.ament_python' and name 'robot_navigation'
[1.837s] Level 1:colcon.colcon_core.package_identification:_identify(src/robot_vision) by extensions ['ignore', 'ignore_ament_install']
[1.838s] Level 1:colcon.colcon_core.package_identification:_identify(src/robot_vision) by extension 'ignore'
[1.838s] Level 1:colcon.colcon_core.package_identification:_identify(src/robot_vision) by extension 'ignore_ament_install'
[1.838s] Level 1:colcon.colcon_core.package_identification:_identify(src/robot_vision) by extensions ['colcon_pkg']
[1.838s] Level 1:colcon.colcon_core.package_identification:_identify(src/robot_vision) by extension 'colcon_pkg'
[1.839s] Level 1:colcon.colcon_core.package_identification:_identify(src/robot_vision) by extensions ['colcon_meta']
[1.839s] Level 1:colcon.colcon_core.package_identification:_identify(src/robot_vision) by extension 'colcon_meta'
[1.839s] Level 1:colcon.colcon_core.package_identification:_identify(src/robot_vision) by extensions ['ros']
[1.839s] Level 1:colcon.colcon_core.package_identification:_identify(src/robot_vision) by extension 'ros'
[1.842s] DEBUG:colcon.colcon_core.package_identification:Package 'src/robot_vision' with type 'ros.ament_python' and name 'robot_vision'
[1.842s] Level 1:colcon.colcon_core.package_discovery:discover_packages(recursive) using defaults
[1.842s] Level 1:colcon.colcon_core.package_discovery:discover_packages(ignore) discover
[1.842s] Level 1:colcon.colcon_core.package_discovery:discover_packages(ignore) using defaults
[1.842s] Level 1:colcon.colcon_core.package_discovery:discover_packages(path) discover
[1.842s] Level 1:colcon.colcon_core.package_discovery:discover_packages(path) using defaults
[1.990s] INFO:colcon.colcon_core.package_selection:Skipping not selected package 'robot_description' in 'src/robot_description'
[1.990s] INFO:colcon.colcon_core.package_selection:Skipping not selected package 'robot_interfaces' in 'src/robot_interfaces'
[1.990s] INFO:colcon.colcon_core.package_selection:Skipping not selected package 'robot_navigation' in 'src/robot_navigation'
[1.991s] INFO:colcon.colcon_core.package_selection:Skipping not selected package 'robot_vision' in 'src/robot_vision'
[1.991s] INFO:colcon.colcon_core.package_selection:Skipping not selected package 'robot_control' in 'src/robot_control'
[1.991s] INFO:colcon.colcon_core.package_selection:Skipping not selected package 'robot_bringup' in 'src/robot_bringup'
[1.992s] Level 5:colcon.colcon_core.verb:set package 'robot_audio' build argument 'cmake_args' from command line to 'None'
[1.993s] Level 5:colcon.colcon_core.verb:set package 'robot_audio' build argument 'cmake_target' from command line to 'None'
[1.993s] Level 5:colcon.colcon_core.verb:set package 'robot_audio' build argument 'cmake_target_skip_unavailable' from command line to 'False'
[1.993s] Level 5:colcon.colcon_core.verb:set package 'robot_audio' build argument 'cmake_clean_cache' from command line to 'False'
[1.993s] Level 5:colcon.colcon_core.verb:set package 'robot_audio' build argument 'cmake_clean_first' from command line to 'False'
[1.993s] Level 5:colcon.colcon_core.verb:set package 'robot_audio' build argument 'cmake_force_configure' from command line to 'False'
[1.993s] Level 5:colcon.colcon_core.verb:set package 'robot_audio' build argument 'ament_cmake_args' from command line to 'None'
[1.994s] Level 5:colcon.colcon_core.verb:set package 'robot_audio' build argument 'catkin_cmake_args' from command line to 'None'
[1.994s] Level 5:colcon.colcon_core.verb:set package 'robot_audio' build argument 'catkin_skip_building_tests' from command line to 'False'
[1.994s] DEBUG:colcon.colcon_core.verb:Building package 'robot_audio' with the following arguments: {'ament_cmake_args': None, 'build_base': '/home/mandy/Delivery-Bot/build/robot_audio', 'catkin_cmake_args': None, 'catkin_skip_building_tests': False, 'cmake_args': None, 'cmake_clean_cache': False, 'cmake_clean_first': False, 'cmake_force_configure': False, 'cmake_target': None, 'cmake_target_skip_unavailable': False, 'install_base': '/home/mandy/Delivery-Bot/install/robot_audio', 'merge_install': False, 'path': '/home/mandy/Delivery-Bot/src/robot_audio', 'symlink_install': False, 'test_result_base': None}
[1.995s] INFO:colcon.colcon_core.executor:Executing jobs using 'parallel' executor
[1.999s] DEBUG:colcon.colcon_parallel_executor.executor.parallel:run_until_complete
[2.000s] INFO:colcon.colcon_ros.task.ament_python.build:Building ROS package in '/home/mandy/Delivery-Bot/src/robot_audio' with build type 'ament_python'
[2.001s] Level 1:colcon.colcon_core.shell:create_environment_hook('robot_audio', 'ament_prefix_path')
[2.030s] INFO:colcon.colcon_core.plugin_system:Skipping extension 'colcon_core.shell.bat': Not used on non-Windows systems
[2.031s] INFO:colcon.colcon_core.shell:Creating environment descriptor '/home/mandy/Delivery-Bot/install/robot_audio/share/robot_audio/hook/ament_prefix_path.dsv'
[2.034s] INFO:colcon.colcon_core.shell:Creating environment hook '/home/mandy/Delivery-Bot/install/robot_audio/share/robot_audio/hook/ament_prefix_path.sh'
[2.038s] DEBUG:colcon.colcon_core.shell:Skip shell extension 'dsv' for command environment
[3.105s] INFO:colcon.colcon_core.task.python.build:Building Python package in '/home/mandy/Delivery-Bot/src/robot_audio'
[3.106s] DEBUG:colcon.colcon_core.shell:Skip shell extension 'dsv' for command environment
[7.015s] DEBUG:colcon.colcon_core.task.python.build:Available setuptools commands: rotate, bdist, check, compile_catalog, bdist_dumb, easy_install, symlink_data, build_ext, install_scripts, extract_messages, bdist_rpm, setopt, build_clib, build, dist_info, install_lib, egg_info, bdist_wheel, build_scripts, develop, upload_docs, install_data, saveopts, clean, alias, register, update_catalog, build_py, sdist, install, bdist_egg, test, init_catalog, upload, install_egg_info, install_headers, editable_wheel
[7.021s] DEBUG:colcon.colcon_core.event_handler.log_command:Invoking command in '/home/mandy/Delivery-Bot/src/robot_audio': DEBUGINFOD_URLS=https://debuginfod.ubuntu.com PYTHONPATH=/home/mandy/Delivery-Bot/build/robot_audio/prefix_override:/usr/lib/python3/dist-packages/colcon_core/task/python/colcon_distutils_commands:/home/mandy/Delivery-Bot/install/robot_audio/lib/python3.12/site-packages:${PYTHONPATH} /usr/bin/python3 -W ignore:setup.py install is deprecated -W ignore:easy_install command is deprecated setup.py egg_info --egg-base ../../build/robot_audio build --build-base /home/mandy/Delivery-Bot/build/robot_audio/build install --record /home/mandy/Delivery-Bot/build/robot_audio/install.log --install-scripts $base/lib/robot_audio --single-version-externally-managed install_data
[9.752s] DEBUG:colcon.colcon_core.event_handler.log_command:Invoked command in '/home/mandy/Delivery-Bot/src/robot_audio' returned '0': DEBUGINFOD_URLS=https://debuginfod.ubuntu.com PYTHONPATH=/home/mandy/Delivery-Bot/build/robot_audio/prefix_override:/usr/lib/python3/dist-packages/colcon_core/task/python/colcon_distutils_commands:/home/mandy/Delivery-Bot/install/robot_audio/lib/python3.12/site-packages:${PYTHONPATH} /usr/bin/python3 -W ignore:setup.py install is deprecated -W ignore:easy_install command is deprecated setup.py egg_info --egg-base ../../build/robot_audio build --build-base /home/mandy/Delivery-Bot/build/robot_audio/build install --record /home/mandy/Delivery-Bot/build/robot_audio/install.log --install-scripts $base/lib/robot_audio --single-version-externally-managed install_data
[9.781s] Level 1:colcon.colcon_core.environment:checking '/home/mandy/Delivery-Bot/install/robot_audio' for CMake module files
[9.783s] Level 1:colcon.colcon_core.environment:checking '/home/mandy/Delivery-Bot/install/robot_audio' for CMake config files
[9.787s] Level 1:colcon.colcon_core.environment:checking '/home/mandy/Delivery-Bot/install/robot_audio/lib'
[9.788s] Level 1:colcon.colcon_core.environment:checking '/home/mandy/Delivery-Bot/install/robot_audio/bin'
[9.788s] Level 1:colcon.colcon_core.environment:checking '/home/mandy/Delivery-Bot/install/robot_audio/lib/pkgconfig/robot_audio.pc'
[9.789s] Level 1:colcon.colcon_core.environment:checking '/home/mandy/Delivery-Bot/install/robot_audio/lib/python3.12/site-packages'
[9.790s] Level 1:colcon.colcon_core.shell:create_environment_hook('robot_audio', 'pythonpath')
[9.791s] INFO:colcon.colcon_core.shell:Creating environment descriptor '/home/mandy/Delivery-Bot/install/robot_audio/share/robot_audio/hook/pythonpath.dsv'
[9.792s] INFO:colcon.colcon_core.shell:Creating environment hook '/home/mandy/Delivery-Bot/install/robot_audio/share/robot_audio/hook/pythonpath.sh'
[9.795s] Level 1:colcon.colcon_core.environment:checking '/home/mandy/Delivery-Bot/install/robot_audio/bin'
[9.796s] Level 1:colcon.colcon_core.environment:create_environment_scripts_only(robot_audio)
[9.796s] INFO:colcon.colcon_core.shell:Creating package descriptor '/home/mandy/Delivery-Bot/install/robot_audio/share/robot_audio/package.dsv'
[9.799s] INFO:colcon.colcon_core.shell:Creating package script '/home/mandy/Delivery-Bot/install/robot_audio/share/robot_audio/package.sh'
[9.803s] INFO:colcon.colcon_core.shell:Creating package script '/home/mandy/Delivery-Bot/install/robot_audio/share/robot_audio/package.bash'
[9.807s] INFO:colcon.colcon_core.shell:Creating package script '/home/mandy/Delivery-Bot/install/robot_audio/share/robot_audio/package.zsh'
[9.811s] Level 1:colcon.colcon_core.environment:create_file_with_runtime_dependencies(/home/mandy/Delivery-Bot/install/robot_audio/share/colcon-core/packages/robot_audio)
[9.812s] DEBUG:colcon.colcon_parallel_executor.executor.parallel:closing loop
[9.814s] DEBUG:colcon.colcon_parallel_executor.executor.parallel:loop closed
[9.814s] DEBUG:colcon.colcon_parallel_executor.executor.parallel:run_until_complete finished with '0'
[9.814s] DEBUG:colcon.colcon_core.event_reactor:joining thread
[9.879s] INFO:colcon.colcon_core.plugin_system:Skipping extension 'colcon_notification.desktop_notification.terminal_notifier': Not used on non-Darwin systems
[9.879s] INFO:colcon.colcon_core.plugin_system:Skipping extension 'colcon_notification.desktop_notification.win32': Not used on non-Windows systems
[9.880s] INFO:colcon.colcon_notification.desktop_notification:Sending desktop notification using 'notify2'
[10.353s] DEBUG:colcon.colcon_core.event_reactor:joined thread
[10.354s] INFO:colcon.colcon_core.shell:Creating prefix script '/home/mandy/Delivery-Bot/install/local_setup.sh'
[10.359s] INFO:colcon.colcon_core.shell:Creating prefix util module '/home/mandy/Delivery-Bot/install/_local_setup_util_sh.py'
[10.367s] INFO:colcon.colcon_core.shell:Creating prefix chain script '/home/mandy/Delivery-Bot/install/setup.sh'
[10.374s] INFO:colcon.colcon_core.shell:Creating prefix script '/home/mandy/Delivery-Bot/install/local_setup.bash'
[10.378s] INFO:colcon.colcon_core.shell:Creating prefix chain script '/home/mandy/Delivery-Bot/install/setup.bash'
[10.384s] INFO:colcon.colcon_core.shell:Creating prefix script '/home/mandy/Delivery-Bot/install/local_setup.zsh'
[10.388s] INFO:colcon.colcon_core.shell:Creating prefix chain script '/home/mandy/Delivery-Bot/install/setup.zsh'
