[0.690s] DEBUG:colcon:Command line arguments: ['/usr/bin/colcon', 'build', '--symlink-install']
[0.690s] DEBUG:colcon:Parsed command line arguments: Namespace(log_base=None, log_level=None, verb_name='build', build_base='build', install_base='install', merge_install=False, symlink_install=True, test_result_base=None, continue_on_error=False, executor='parallel', parallel_workers=4, event_handlers=None, ignore_user_meta=False, metas=['./colcon.meta'], base_paths=['.'], packages_ignore=None, packages_ignore_regex=None, paths=None, packages_up_to=None, packages_up_to_regex=None, packages_above=None, packages_above_and_dependencies=None, packages_above_depth=None, packages_select_by_dep=None, packages_skip_by_dep=None, packages_skip_up_to=None, packages_select_build_failed=False, packages_skip_build_finished=False, packages_select_test_failures=False, packages_skip_test_passed=False, packages_select=None, packages_skip=None, packages_select_regex=None, packages_skip_regex=None, packages_start=None, packages_end=None, cmake_args=None, cmake_target=None, cmake_target_skip_unavailable=False, cmake_clean_cache=False, cmake_clean_first=False, cmake_force_configure=False, ament_cmake_args=None, catkin_cmake_args=None, catkin_skip_building_tests=False, verb_parser=<colcon_defaults.argument_parser.defaults.DefaultArgumentsDecorator object at 0xffff922e8e60>, verb_extension=<colcon_core.verb.build.BuildVerb object at 0xffff92eecb00>, main=<bound method BuildVerb.main of <colcon_core.verb.build.BuildVerb object at 0xffff92eecb00>>)
[0.991s] Level 1:colcon.colcon_core.package_discovery:discover_packages(colcon_meta) check parameters
[0.991s] Level 1:colcon.colcon_core.package_discovery:discover_packages(recursive) check parameters
[0.992s] Level 1:colcon.colcon_core.package_discovery:discover_packages(ignore) check parameters
[0.992s] Level 1:colcon.colcon_core.package_discovery:discover_packages(path) check parameters
[0.992s] Level 1:colcon.colcon_core.package_discovery:discover_packages(colcon_meta) discover
[0.992s] Level 1:colcon.colcon_core.package_discovery:discover_packages(recursive) discover
[0.992s] INFO:colcon.colcon_core.package_discovery:Crawling recursively for packages in '/home/mandy/Delivery-Bot'
[0.993s] Level 1:colcon.colcon_core.package_identification:_identify(.) by extensions ['ignore', 'ignore_ament_install']
[0.993s] Level 1:colcon.colcon_core.package_identification:_identify(.) by extension 'ignore'
[0.994s] Level 1:colcon.colcon_core.package_identification:_identify(.) by extension 'ignore_ament_install'
[0.994s] Level 1:colcon.colcon_core.package_identification:_identify(.) by extensions ['colcon_pkg']
[0.994s] Level 1:colcon.colcon_core.package_identification:_identify(.) by extension 'colcon_pkg'
[0.995s] Level 1:colcon.colcon_core.package_identification:_identify(.) by extensions ['colcon_meta']
[0.995s] Level 1:colcon.colcon_core.package_identification:_identify(.) by extension 'colcon_meta'
[0.995s] Level 1:colcon.colcon_core.package_identification:_identify(.) by extensions ['ros']
[0.995s] Level 1:colcon.colcon_core.package_identification:_identify(.) by extension 'ros'
[1.101s] Level 1:colcon.colcon_core.package_identification:_identify(.) by extensions ['cmake', 'python']
[1.101s] Level 1:colcon.colcon_core.package_identification:_identify(.) by extension 'cmake'
[1.101s] Level 1:colcon.colcon_core.package_identification:_identify(.) by extension 'python'
[1.102s] Level 1:colcon.colcon_core.package_identification:_identify(.) by extensions ['python_setup_py']
[1.102s] Level 1:colcon.colcon_core.package_identification:_identify(.) by extension 'python_setup_py'
[1.102s] Level 1:colcon.colcon_core.package_identification:_identify(build) by extensions ['ignore', 'ignore_ament_install']
[1.103s] Level 1:colcon.colcon_core.package_identification:_identify(build) by extension 'ignore'
[1.103s] Level 1:colcon.colcon_core.package_identification:_identify(build) ignored
[1.104s] Level 1:colcon.colcon_core.package_identification:_identify(install) by extensions ['ignore', 'ignore_ament_install']
[1.104s] Level 1:colcon.colcon_core.package_identification:_identify(install) by extension 'ignore'
[1.104s] Level 1:colcon.colcon_core.package_identification:_identify(install) ignored
[1.105s] Level 1:colcon.colcon_core.package_identification:_identify(log) by extensions ['ignore', 'ignore_ament_install']
[1.105s] Level 1:colcon.colcon_core.package_identification:_identify(log) by extension 'ignore'
[1.105s] Level 1:colcon.colcon_core.package_identification:_identify(log) ignored
[1.106s] Level 1:colcon.colcon_core.package_identification:_identify(src) by extensions ['ignore', 'ignore_ament_install']
[1.106s] Level 1:colcon.colcon_core.package_identification:_identify(src) by extension 'ignore'
[1.106s] Level 1:colcon.colcon_core.package_identification:_identify(src) by extension 'ignore_ament_install'
[1.107s] Level 1:colcon.colcon_core.package_identification:_identify(src) by extensions ['colcon_pkg']
[1.107s] Level 1:colcon.colcon_core.package_identification:_identify(src) by extension 'colcon_pkg'
[1.107s] Level 1:colcon.colcon_core.package_identification:_identify(src) by extensions ['colcon_meta']
[1.107s] Level 1:colcon.colcon_core.package_identification:_identify(src) by extension 'colcon_meta'
[1.107s] Level 1:colcon.colcon_core.package_identification:_identify(src) by extensions ['ros']
[1.107s] Level 1:colcon.colcon_core.package_identification:_identify(src) by extension 'ros'
[1.108s] Level 1:colcon.colcon_core.package_identification:_identify(src) by extensions ['cmake', 'python']
[1.108s] Level 1:colcon.colcon_core.package_identification:_identify(src) by extension 'cmake'
[1.108s] Level 1:colcon.colcon_core.package_identification:_identify(src) by extension 'python'
[1.108s] Level 1:colcon.colcon_core.package_identification:_identify(src) by extensions ['python_setup_py']
[1.109s] Level 1:colcon.colcon_core.package_identification:_identify(src) by extension 'python_setup_py'
[1.109s] Level 1:colcon.colcon_core.package_identification:_identify(src/robot_bringup) by extensions ['ignore', 'ignore_ament_install']
[1.109s] Level 1:colcon.colcon_core.package_identification:_identify(src/robot_bringup) by extension 'ignore'
[1.110s] Level 1:colcon.colcon_core.package_identification:_identify(src/robot_bringup) by extension 'ignore_ament_install'
[1.110s] Level 1:colcon.colcon_core.package_identification:_identify(src/robot_bringup) by extensions ['colcon_pkg']
[1.110s] Level 1:colcon.colcon_core.package_identification:_identify(src/robot_bringup) by extension 'colcon_pkg'
[1.110s] Level 1:colcon.colcon_core.package_identification:_identify(src/robot_bringup) by extensions ['colcon_meta']
[1.110s] Level 1:colcon.colcon_core.package_identification:_identify(src/robot_bringup) by extension 'colcon_meta'
[1.111s] Level 1:colcon.colcon_core.package_identification:_identify(src/robot_bringup) by extensions ['ros']
[1.111s] Level 1:colcon.colcon_core.package_identification:_identify(src/robot_bringup) by extension 'ros'
[1.122s] DEBUG:colcon.colcon_core.package_identification:Package 'src/robot_bringup' with type 'ros.ament_python' and name 'robot_bringup'
[1.123s] Level 1:colcon.colcon_core.package_identification:_identify(src/robot_control) by extensions ['ignore', 'ignore_ament_install']
[1.123s] Level 1:colcon.colcon_core.package_identification:_identify(src/robot_control) by extension 'ignore'
[1.123s] Level 1:colcon.colcon_core.package_identification:_identify(src/robot_control) by extension 'ignore_ament_install'
[1.124s] Level 1:colcon.colcon_core.package_identification:_identify(src/robot_control) by extensions ['colcon_pkg']
[1.124s] Level 1:colcon.colcon_core.package_identification:_identify(src/robot_control) by extension 'colcon_pkg'
[1.125s] Level 1:colcon.colcon_core.package_identification:_identify(src/robot_control) by extensions ['colcon_meta']
[1.125s] Level 1:colcon.colcon_core.package_identification:_identify(src/robot_control) by extension 'colcon_meta'
[1.125s] Level 1:colcon.colcon_core.package_identification:_identify(src/robot_control) by extensions ['ros']
[1.125s] Level 1:colcon.colcon_core.package_identification:_identify(src/robot_control) by extension 'ros'
[1.130s] DEBUG:colcon.colcon_core.package_identification:Package 'src/robot_control' with type 'ros.ament_python' and name 'robot_control'
[1.130s] Level 1:colcon.colcon_core.package_identification:_identify(src/robot_description) by extensions ['ignore', 'ignore_ament_install']
[1.131s] Level 1:colcon.colcon_core.package_identification:_identify(src/robot_description) by extension 'ignore'
[1.131s] Level 1:colcon.colcon_core.package_identification:_identify(src/robot_description) by extension 'ignore_ament_install'
[1.131s] Level 1:colcon.colcon_core.package_identification:_identify(src/robot_description) by extensions ['colcon_pkg']
[1.132s] Level 1:colcon.colcon_core.package_identification:_identify(src/robot_description) by extension 'colcon_pkg'
[1.132s] Level 1:colcon.colcon_core.package_identification:_identify(src/robot_description) by extensions ['colcon_meta']
[1.132s] Level 1:colcon.colcon_core.package_identification:_identify(src/robot_description) by extension 'colcon_meta'
[1.132s] Level 1:colcon.colcon_core.package_identification:_identify(src/robot_description) by extensions ['ros']
[1.132s] Level 1:colcon.colcon_core.package_identification:_identify(src/robot_description) by extension 'ros'
[1.135s] DEBUG:colcon.colcon_core.package_identification:Package 'src/robot_description' with type 'ros.ament_python' and name 'robot_description'
[1.136s] Level 1:colcon.colcon_core.package_identification:_identify(src/robot_interfaces) by extensions ['ignore', 'ignore_ament_install']
[1.136s] Level 1:colcon.colcon_core.package_identification:_identify(src/robot_interfaces) by extension 'ignore'
[1.136s] Level 1:colcon.colcon_core.package_identification:_identify(src/robot_interfaces) by extension 'ignore_ament_install'
[1.137s] Level 1:colcon.colcon_core.package_identification:_identify(src/robot_interfaces) by extensions ['colcon_pkg']
[1.137s] Level 1:colcon.colcon_core.package_identification:_identify(src/robot_interfaces) by extension 'colcon_pkg'
[1.137s] Level 1:colcon.colcon_core.package_identification:_identify(src/robot_interfaces) by extensions ['colcon_meta']
[1.137s] Level 1:colcon.colcon_core.package_identification:_identify(src/robot_interfaces) by extension 'colcon_meta'
[1.137s] Level 1:colcon.colcon_core.package_identification:_identify(src/robot_interfaces) by extensions ['ros']
[1.138s] Level 1:colcon.colcon_core.package_identification:_identify(src/robot_interfaces) by extension 'ros'
[1.145s] DEBUG:colcon.colcon_core.package_identification:Package 'src/robot_interfaces' with type 'ros.ament_cmake' and name 'robot_interfaces'
[1.146s] Level 1:colcon.colcon_core.package_identification:_identify(src/robot_navigation) by extensions ['ignore', 'ignore_ament_install']
[1.146s] Level 1:colcon.colcon_core.package_identification:_identify(src/robot_navigation) by extension 'ignore'
[1.146s] Level 1:colcon.colcon_core.package_identification:_identify(src/robot_navigation) by extension 'ignore_ament_install'
[1.147s] Level 1:colcon.colcon_core.package_identification:_identify(src/robot_navigation) by extensions ['colcon_pkg']
[1.147s] Level 1:colcon.colcon_core.package_identification:_identify(src/robot_navigation) by extension 'colcon_pkg'
[1.147s] Level 1:colcon.colcon_core.package_identification:_identify(src/robot_navigation) by extensions ['colcon_meta']
[1.147s] Level 1:colcon.colcon_core.package_identification:_identify(src/robot_navigation) by extension 'colcon_meta'
[1.147s] Level 1:colcon.colcon_core.package_identification:_identify(src/robot_navigation) by extensions ['ros']
[1.148s] Level 1:colcon.colcon_core.package_identification:_identify(src/robot_navigation) by extension 'ros'
[1.150s] DEBUG:colcon.colcon_core.package_identification:Package 'src/robot_navigation' with type 'ros.ament_python' and name 'robot_navigation'
[1.151s] Level 1:colcon.colcon_core.package_identification:_identify(src/robot_vision) by extensions ['ignore', 'ignore_ament_install']
[1.151s] Level 1:colcon.colcon_core.package_identification:_identify(src/robot_vision) by extension 'ignore'
[1.152s] Level 1:colcon.colcon_core.package_identification:_identify(src/robot_vision) by extension 'ignore_ament_install'
[1.152s] Level 1:colcon.colcon_core.package_identification:_identify(src/robot_vision) by extensions ['colcon_pkg']
[1.152s] Level 1:colcon.colcon_core.package_identification:_identify(src/robot_vision) by extension 'colcon_pkg'
[1.152s] Level 1:colcon.colcon_core.package_identification:_identify(src/robot_vision) by extensions ['colcon_meta']
[1.153s] Level 1:colcon.colcon_core.package_identification:_identify(src/robot_vision) by extension 'colcon_meta'
[1.153s] Level 1:colcon.colcon_core.package_identification:_identify(src/robot_vision) by extensions ['ros']
[1.153s] Level 1:colcon.colcon_core.package_identification:_identify(src/robot_vision) by extension 'ros'
[1.156s] DEBUG:colcon.colcon_core.package_identification:Package 'src/robot_vision' with type 'ros.ament_python' and name 'robot_vision'
[1.156s] Level 1:colcon.colcon_core.package_discovery:discover_packages(recursive) using defaults
[1.156s] Level 1:colcon.colcon_core.package_discovery:discover_packages(ignore) discover
[1.157s] Level 1:colcon.colcon_core.package_discovery:discover_packages(ignore) using defaults
[1.157s] Level 1:colcon.colcon_core.package_discovery:discover_packages(path) discover
[1.157s] Level 1:colcon.colcon_core.package_discovery:discover_packages(path) using defaults
[1.283s] Level 5:colcon.colcon_core.verb:set package 'robot_description' build argument 'cmake_args' from command line to 'None'
[1.283s] Level 5:colcon.colcon_core.verb:set package 'robot_description' build argument 'cmake_target' from command line to 'None'
[1.283s] Level 5:colcon.colcon_core.verb:set package 'robot_description' build argument 'cmake_target_skip_unavailable' from command line to 'False'
[1.283s] Level 5:colcon.colcon_core.verb:set package 'robot_description' build argument 'cmake_clean_cache' from command line to 'False'
[1.284s] Level 5:colcon.colcon_core.verb:set package 'robot_description' build argument 'cmake_clean_first' from command line to 'False'
[1.284s] Level 5:colcon.colcon_core.verb:set package 'robot_description' build argument 'cmake_force_configure' from command line to 'False'
[1.284s] Level 5:colcon.colcon_core.verb:set package 'robot_description' build argument 'ament_cmake_args' from command line to 'None'
[1.284s] Level 5:colcon.colcon_core.verb:set package 'robot_description' build argument 'catkin_cmake_args' from command line to 'None'
[1.284s] Level 5:colcon.colcon_core.verb:set package 'robot_description' build argument 'catkin_skip_building_tests' from command line to 'False'
[1.285s] DEBUG:colcon.colcon_core.verb:Building package 'robot_description' with the following arguments: {'ament_cmake_args': None, 'build_base': '/home/mandy/Delivery-Bot/build/robot_description', 'catkin_cmake_args': None, 'catkin_skip_building_tests': False, 'cmake_args': None, 'cmake_clean_cache': False, 'cmake_clean_first': False, 'cmake_force_configure': False, 'cmake_target': None, 'cmake_target_skip_unavailable': False, 'install_base': '/home/mandy/Delivery-Bot/install/robot_description', 'merge_install': False, 'path': '/home/mandy/Delivery-Bot/src/robot_description', 'symlink_install': True, 'test_result_base': None}
[1.286s] Level 5:colcon.colcon_core.verb:set package 'robot_interfaces' build argument 'cmake_args' from command line to 'None'
[1.287s] Level 5:colcon.colcon_core.verb:set package 'robot_interfaces' build argument 'cmake_target' from command line to 'None'
[1.287s] Level 5:colcon.colcon_core.verb:set package 'robot_interfaces' build argument 'cmake_target_skip_unavailable' from command line to 'False'
[1.287s] Level 5:colcon.colcon_core.verb:set package 'robot_interfaces' build argument 'cmake_clean_cache' from command line to 'False'
[1.287s] Level 5:colcon.colcon_core.verb:set package 'robot_interfaces' build argument 'cmake_clean_first' from command line to 'False'
[1.287s] Level 5:colcon.colcon_core.verb:set package 'robot_interfaces' build argument 'cmake_force_configure' from command line to 'False'
[1.287s] Level 5:colcon.colcon_core.verb:set package 'robot_interfaces' build argument 'ament_cmake_args' from command line to 'None'
[1.287s] Level 5:colcon.colcon_core.verb:set package 'robot_interfaces' build argument 'catkin_cmake_args' from command line to 'None'
[1.288s] Level 5:colcon.colcon_core.verb:set package 'robot_interfaces' build argument 'catkin_skip_building_tests' from command line to 'False'
[1.288s] DEBUG:colcon.colcon_core.verb:Building package 'robot_interfaces' with the following arguments: {'ament_cmake_args': None, 'build_base': '/home/mandy/Delivery-Bot/build/robot_interfaces', 'catkin_cmake_args': None, 'catkin_skip_building_tests': False, 'cmake_args': None, 'cmake_clean_cache': False, 'cmake_clean_first': False, 'cmake_force_configure': False, 'cmake_target': None, 'cmake_target_skip_unavailable': False, 'install_base': '/home/mandy/Delivery-Bot/install/robot_interfaces', 'merge_install': False, 'path': '/home/mandy/Delivery-Bot/src/robot_interfaces', 'symlink_install': True, 'test_result_base': None}
[1.289s] Level 5:colcon.colcon_core.verb:set package 'robot_navigation' build argument 'cmake_args' from command line to 'None'
[1.289s] Level 5:colcon.colcon_core.verb:set package 'robot_navigation' build argument 'cmake_target' from command line to 'None'
[1.290s] Level 5:colcon.colcon_core.verb:set package 'robot_navigation' build argument 'cmake_target_skip_unavailable' from command line to 'False'
[1.290s] Level 5:colcon.colcon_core.verb:set package 'robot_navigation' build argument 'cmake_clean_cache' from command line to 'False'
[1.290s] Level 5:colcon.colcon_core.verb:set package 'robot_navigation' build argument 'cmake_clean_first' from command line to 'False'
[1.290s] Level 5:colcon.colcon_core.verb:set package 'robot_navigation' build argument 'cmake_force_configure' from command line to 'False'
[1.290s] Level 5:colcon.colcon_core.verb:set package 'robot_navigation' build argument 'ament_cmake_args' from command line to 'None'
[1.290s] Level 5:colcon.colcon_core.verb:set package 'robot_navigation' build argument 'catkin_cmake_args' from command line to 'None'
[1.290s] Level 5:colcon.colcon_core.verb:set package 'robot_navigation' build argument 'catkin_skip_building_tests' from command line to 'False'
[1.290s] DEBUG:colcon.colcon_core.verb:Building package 'robot_navigation' with the following arguments: {'ament_cmake_args': None, 'build_base': '/home/mandy/Delivery-Bot/build/robot_navigation', 'catkin_cmake_args': None, 'catkin_skip_building_tests': False, 'cmake_args': None, 'cmake_clean_cache': False, 'cmake_clean_first': False, 'cmake_force_configure': False, 'cmake_target': None, 'cmake_target_skip_unavailable': False, 'install_base': '/home/mandy/Delivery-Bot/install/robot_navigation', 'merge_install': False, 'path': '/home/mandy/Delivery-Bot/src/robot_navigation', 'symlink_install': True, 'test_result_base': None}
[1.292s] Level 5:colcon.colcon_core.verb:set package 'robot_vision' build argument 'cmake_args' from command line to 'None'
[1.292s] Level 5:colcon.colcon_core.verb:set package 'robot_vision' build argument 'cmake_target' from command line to 'None'
[1.292s] Level 5:colcon.colcon_core.verb:set package 'robot_vision' build argument 'cmake_target_skip_unavailable' from command line to 'False'
[1.292s] Level 5:colcon.colcon_core.verb:set package 'robot_vision' build argument 'cmake_clean_cache' from command line to 'False'
[1.292s] Level 5:colcon.colcon_core.verb:set package 'robot_vision' build argument 'cmake_clean_first' from command line to 'False'
[1.292s] Level 5:colcon.colcon_core.verb:set package 'robot_vision' build argument 'cmake_force_configure' from command line to 'False'
[1.292s] Level 5:colcon.colcon_core.verb:set package 'robot_vision' build argument 'ament_cmake_args' from command line to 'None'
[1.292s] Level 5:colcon.colcon_core.verb:set package 'robot_vision' build argument 'catkin_cmake_args' from command line to 'None'
[1.293s] Level 5:colcon.colcon_core.verb:set package 'robot_vision' build argument 'catkin_skip_building_tests' from command line to 'False'
[1.293s] DEBUG:colcon.colcon_core.verb:Building package 'robot_vision' with the following arguments: {'ament_cmake_args': None, 'build_base': '/home/mandy/Delivery-Bot/build/robot_vision', 'catkin_cmake_args': None, 'catkin_skip_building_tests': False, 'cmake_args': None, 'cmake_clean_cache': False, 'cmake_clean_first': False, 'cmake_force_configure': False, 'cmake_target': None, 'cmake_target_skip_unavailable': False, 'install_base': '/home/mandy/Delivery-Bot/install/robot_vision', 'merge_install': False, 'path': '/home/mandy/Delivery-Bot/src/robot_vision', 'symlink_install': True, 'test_result_base': None}
[1.294s] Level 5:colcon.colcon_core.verb:set package 'robot_control' build argument 'cmake_args' from command line to 'None'
[1.294s] Level 5:colcon.colcon_core.verb:set package 'robot_control' build argument 'cmake_target' from command line to 'None'
[1.294s] Level 5:colcon.colcon_core.verb:set package 'robot_control' build argument 'cmake_target_skip_unavailable' from command line to 'False'
[1.294s] Level 5:colcon.colcon_core.verb:set package 'robot_control' build argument 'cmake_clean_cache' from command line to 'False'
[1.295s] Level 5:colcon.colcon_core.verb:set package 'robot_control' build argument 'cmake_clean_first' from command line to 'False'
[1.295s] Level 5:colcon.colcon_core.verb:set package 'robot_control' build argument 'cmake_force_configure' from command line to 'False'
[1.295s] Level 5:colcon.colcon_core.verb:set package 'robot_control' build argument 'ament_cmake_args' from command line to 'None'
[1.295s] Level 5:colcon.colcon_core.verb:set package 'robot_control' build argument 'catkin_cmake_args' from command line to 'None'
[1.295s] Level 5:colcon.colcon_core.verb:set package 'robot_control' build argument 'catkin_skip_building_tests' from command line to 'False'
[1.295s] DEBUG:colcon.colcon_core.verb:Building package 'robot_control' with the following arguments: {'ament_cmake_args': None, 'build_base': '/home/mandy/Delivery-Bot/build/robot_control', 'catkin_cmake_args': None, 'catkin_skip_building_tests': False, 'cmake_args': None, 'cmake_clean_cache': False, 'cmake_clean_first': False, 'cmake_force_configure': False, 'cmake_target': None, 'cmake_target_skip_unavailable': False, 'install_base': '/home/mandy/Delivery-Bot/install/robot_control', 'merge_install': False, 'path': '/home/mandy/Delivery-Bot/src/robot_control', 'symlink_install': True, 'test_result_base': None}
[1.296s] Level 5:colcon.colcon_core.verb:set package 'robot_bringup' build argument 'cmake_args' from command line to 'None'
[1.297s] Level 5:colcon.colcon_core.verb:set package 'robot_bringup' build argument 'cmake_target' from command line to 'None'
[1.297s] Level 5:colcon.colcon_core.verb:set package 'robot_bringup' build argument 'cmake_target_skip_unavailable' from command line to 'False'
[1.297s] Level 5:colcon.colcon_core.verb:set package 'robot_bringup' build argument 'cmake_clean_cache' from command line to 'False'
[1.297s] Level 5:colcon.colcon_core.verb:set package 'robot_bringup' build argument 'cmake_clean_first' from command line to 'False'
[1.297s] Level 5:colcon.colcon_core.verb:set package 'robot_bringup' build argument 'cmake_force_configure' from command line to 'False'
[1.297s] Level 5:colcon.colcon_core.verb:set package 'robot_bringup' build argument 'ament_cmake_args' from command line to 'None'
[1.297s] Level 5:colcon.colcon_core.verb:set package 'robot_bringup' build argument 'catkin_cmake_args' from command line to 'None'
[1.297s] Level 5:colcon.colcon_core.verb:set package 'robot_bringup' build argument 'catkin_skip_building_tests' from command line to 'False'
[1.298s] DEBUG:colcon.colcon_core.verb:Building package 'robot_bringup' with the following arguments: {'ament_cmake_args': None, 'build_base': '/home/mandy/Delivery-Bot/build/robot_bringup', 'catkin_cmake_args': None, 'catkin_skip_building_tests': False, 'cmake_args': None, 'cmake_clean_cache': False, 'cmake_clean_first': False, 'cmake_force_configure': False, 'cmake_target': None, 'cmake_target_skip_unavailable': False, 'install_base': '/home/mandy/Delivery-Bot/install/robot_bringup', 'merge_install': False, 'path': '/home/mandy/Delivery-Bot/src/robot_bringup', 'symlink_install': True, 'test_result_base': None}
[1.298s] INFO:colcon.colcon_core.executor:Executing jobs using 'parallel' executor
[1.302s] DEBUG:colcon.colcon_parallel_executor.executor.parallel:run_until_complete
[1.304s] INFO:colcon.colcon_ros.task.ament_cmake.build:Building ROS package in '/home/mandy/Delivery-Bot/src/robot_interfaces' with build type 'ament_cmake'
[1.304s] INFO:colcon.colcon_cmake.task.cmake.build:Building CMake package in '/home/mandy/Delivery-Bot/src/robot_interfaces'
[1.334s] INFO:colcon.colcon_core.plugin_system:Skipping extension 'colcon_core.shell.bat': Not used on non-Windows systems
[1.335s] DEBUG:colcon.colcon_core.shell:Skip shell extension 'dsv' for command environment
[1.375s] INFO:colcon.colcon_ros.task.ament_python.build:Building ROS package in '/home/mandy/Delivery-Bot/src/robot_description' with build type 'ament_python'
[1.375s] Level 1:colcon.colcon_core.shell:create_environment_hook('robot_description', 'ament_prefix_path')
[1.376s] INFO:colcon.colcon_core.shell:Creating environment descriptor '/home/mandy/Delivery-Bot/install/robot_description/share/robot_description/hook/ament_prefix_path.dsv'
[1.380s] INFO:colcon.colcon_core.shell:Creating environment hook '/home/mandy/Delivery-Bot/install/robot_description/share/robot_description/hook/ament_prefix_path.sh'
[1.385s] DEBUG:colcon.colcon_core.shell:Skip shell extension 'dsv' for command environment
[1.411s] INFO:colcon.colcon_ros.task.ament_python.build:Building ROS package in '/home/mandy/Delivery-Bot/src/robot_navigation' with build type 'ament_python'
[1.411s] Level 1:colcon.colcon_core.shell:create_environment_hook('robot_navigation', 'ament_prefix_path')
[1.412s] INFO:colcon.colcon_core.shell:Creating environment descriptor '/home/mandy/Delivery-Bot/install/robot_navigation/share/robot_navigation/hook/ament_prefix_path.dsv'
[1.415s] INFO:colcon.colcon_core.shell:Creating environment hook '/home/mandy/Delivery-Bot/install/robot_navigation/share/robot_navigation/hook/ament_prefix_path.sh'
[1.418s] DEBUG:colcon.colcon_core.shell:Skip shell extension 'dsv' for command environment
[1.444s] INFO:colcon.colcon_ros.task.ament_python.build:Building ROS package in '/home/mandy/Delivery-Bot/src/robot_vision' with build type 'ament_python'
[1.445s] Level 1:colcon.colcon_core.shell:create_environment_hook('robot_vision', 'ament_prefix_path')
[1.446s] INFO:colcon.colcon_core.shell:Creating environment descriptor '/home/mandy/Delivery-Bot/install/robot_vision/share/robot_vision/hook/ament_prefix_path.dsv'
[1.450s] INFO:colcon.colcon_core.shell:Creating environment hook '/home/mandy/Delivery-Bot/install/robot_vision/share/robot_vision/hook/ament_prefix_path.sh'
[1.457s] DEBUG:colcon.colcon_core.shell:Skip shell extension 'dsv' for command environment
[1.504s] DEBUG:colcon.colcon_core.event_handler.log_command:Invoking command in '/home/mandy/Delivery-Bot/build/robot_interfaces': CMAKE_PREFIX_PATH=${CMAKE_PREFIX_PATH}:/opt/ros/jazzy DEBUGINFOD_URLS=https://debuginfod.ubuntu.com /usr/bin/cmake --build /home/mandy/Delivery-Bot/build/robot_interfaces -- -j4 -l4
[3.123s] INFO:colcon.colcon_core.task.python.build:Building Python package in '/home/mandy/Delivery-Bot/src/robot_description'
[3.123s] DEBUG:colcon.colcon_core.shell:Skip shell extension 'dsv' for command environment
[4.503s] INFO:colcon.colcon_core.task.python.build:Building Python package in '/home/mandy/Delivery-Bot/src/robot_navigation'
[4.504s] DEBUG:colcon.colcon_core.shell:Skip shell extension 'dsv' for command environment
[5.559s] INFO:colcon.colcon_core.task.python.build:Building Python package in '/home/mandy/Delivery-Bot/src/robot_vision'
[5.560s] DEBUG:colcon.colcon_core.shell:Skip shell extension 'dsv' for command environment
[5.622s] DEBUG:colcon.colcon_core.event_handler.log_command:Invoked command in '/home/mandy/Delivery-Bot/build/robot_interfaces' returned '0': CMAKE_PREFIX_PATH=${CMAKE_PREFIX_PATH}:/opt/ros/jazzy DEBUGINFOD_URLS=https://debuginfod.ubuntu.com /usr/bin/cmake --build /home/mandy/Delivery-Bot/build/robot_interfaces -- -j4 -l4
[5.717s] DEBUG:colcon.colcon_core.event_handler.log_command:Invoking command in '/home/mandy/Delivery-Bot/build/robot_interfaces': CMAKE_PREFIX_PATH=${CMAKE_PREFIX_PATH}:/opt/ros/jazzy DEBUGINFOD_URLS=https://debuginfod.ubuntu.com /usr/bin/cmake --install /home/mandy/Delivery-Bot/build/robot_interfaces
[6.563s] Level 1:colcon.colcon_core.environment:create_environment_scripts_only(robot_interfaces)
[6.568s] DEBUG:colcon.colcon_core.event_handler.log_command:Invoked command in '/home/mandy/Delivery-Bot/build/robot_interfaces' returned '0': CMAKE_PREFIX_PATH=${CMAKE_PREFIX_PATH}:/opt/ros/jazzy DEBUGINFOD_URLS=https://debuginfod.ubuntu.com /usr/bin/cmake --install /home/mandy/Delivery-Bot/build/robot_interfaces
[6.607s] Level 1:colcon.colcon_core.environment:checking '/home/mandy/Delivery-Bot/install/robot_interfaces' for CMake module files
[6.613s] Level 1:colcon.colcon_core.environment:checking '/home/mandy/Delivery-Bot/install/robot_interfaces' for CMake config files
[6.618s] Level 1:colcon.colcon_core.shell:create_environment_hook('robot_interfaces', 'cmake_prefix_path')
[6.619s] INFO:colcon.colcon_core.shell:Creating environment descriptor '/home/mandy/Delivery-Bot/install/robot_interfaces/share/robot_interfaces/hook/cmake_prefix_path.dsv'
[6.623s] INFO:colcon.colcon_core.shell:Creating environment hook '/home/mandy/Delivery-Bot/install/robot_interfaces/share/robot_interfaces/hook/cmake_prefix_path.sh'
[6.628s] Level 1:colcon.colcon_core.environment:checking '/home/mandy/Delivery-Bot/install/robot_interfaces/lib'
[6.629s] Level 1:colcon.colcon_core.shell:create_environment_hook('robot_interfaces', 'ld_library_path_lib')
[6.630s] INFO:colcon.colcon_core.shell:Creating environment descriptor '/home/mandy/Delivery-Bot/install/robot_interfaces/share/robot_interfaces/hook/ld_library_path_lib.dsv'
[6.634s] INFO:colcon.colcon_core.shell:Creating environment hook '/home/mandy/Delivery-Bot/install/robot_interfaces/share/robot_interfaces/hook/ld_library_path_lib.sh'
[6.637s] Level 1:colcon.colcon_core.environment:checking '/home/mandy/Delivery-Bot/install/robot_interfaces/bin'
[6.638s] Level 1:colcon.colcon_core.environment:checking '/home/mandy/Delivery-Bot/install/robot_interfaces/lib/pkgconfig/robot_interfaces.pc'
[6.640s] Level 1:colcon.colcon_core.environment:checking '/home/mandy/Delivery-Bot/install/robot_interfaces/lib/python3.12/site-packages'
[6.641s] Level 1:colcon.colcon_core.shell:create_environment_hook('robot_interfaces', 'pythonpath')
[6.642s] INFO:colcon.colcon_core.shell:Creating environment descriptor '/home/mandy/Delivery-Bot/install/robot_interfaces/share/robot_interfaces/hook/pythonpath.dsv'
[6.645s] INFO:colcon.colcon_core.shell:Creating environment hook '/home/mandy/Delivery-Bot/install/robot_interfaces/share/robot_interfaces/hook/pythonpath.sh'
[6.651s] Level 1:colcon.colcon_core.environment:checking '/home/mandy/Delivery-Bot/install/robot_interfaces/bin'
[6.652s] INFO:colcon.colcon_core.shell:Creating package descriptor '/home/mandy/Delivery-Bot/install/robot_interfaces/share/robot_interfaces/package.dsv'
[6.658s] INFO:colcon.colcon_core.shell:Creating package script '/home/mandy/Delivery-Bot/install/robot_interfaces/share/robot_interfaces/package.sh'
[6.663s] INFO:colcon.colcon_core.shell:Creating package script '/home/mandy/Delivery-Bot/install/robot_interfaces/share/robot_interfaces/package.bash'
[6.669s] INFO:colcon.colcon_core.shell:Creating package script '/home/mandy/Delivery-Bot/install/robot_interfaces/share/robot_interfaces/package.zsh'
[6.675s] Level 1:colcon.colcon_core.environment:create_file_with_runtime_dependencies(/home/mandy/Delivery-Bot/install/robot_interfaces/share/colcon-core/packages/robot_interfaces)
[6.680s] Level 1:colcon.colcon_core.environment:create_environment_scripts_only(robot_interfaces)
[6.681s] Level 1:colcon.colcon_core.environment:checking '/home/mandy/Delivery-Bot/install/robot_interfaces' for CMake module files
[6.698s] Level 1:colcon.colcon_core.environment:checking '/home/mandy/Delivery-Bot/install/robot_interfaces' for CMake config files
[6.702s] Level 1:colcon.colcon_core.shell:create_environment_hook('robot_interfaces', 'cmake_prefix_path')
[6.704s] INFO:colcon.colcon_core.shell:Creating environment descriptor '/home/mandy/Delivery-Bot/install/robot_interfaces/share/robot_interfaces/hook/cmake_prefix_path.dsv'
[6.707s] INFO:colcon.colcon_core.shell:Creating environment hook '/home/mandy/Delivery-Bot/install/robot_interfaces/share/robot_interfaces/hook/cmake_prefix_path.sh'
[6.711s] Level 1:colcon.colcon_core.environment:checking '/home/mandy/Delivery-Bot/install/robot_interfaces/lib'
[6.712s] Level 1:colcon.colcon_core.shell:create_environment_hook('robot_interfaces', 'ld_library_path_lib')
[6.714s] INFO:colcon.colcon_core.shell:Creating environment descriptor '/home/mandy/Delivery-Bot/install/robot_interfaces/share/robot_interfaces/hook/ld_library_path_lib.dsv'
[6.717s] INFO:colcon.colcon_core.shell:Creating environment hook '/home/mandy/Delivery-Bot/install/robot_interfaces/share/robot_interfaces/hook/ld_library_path_lib.sh'
[6.721s] Level 1:colcon.colcon_core.environment:checking '/home/mandy/Delivery-Bot/install/robot_interfaces/bin'
[6.722s] Level 1:colcon.colcon_core.environment:checking '/home/mandy/Delivery-Bot/install/robot_interfaces/lib/pkgconfig/robot_interfaces.pc'
[6.723s] Level 1:colcon.colcon_core.environment:checking '/home/mandy/Delivery-Bot/install/robot_interfaces/lib/python3.12/site-packages'
[6.724s] Level 1:colcon.colcon_core.shell:create_environment_hook('robot_interfaces', 'pythonpath')
[6.726s] INFO:colcon.colcon_core.shell:Creating environment descriptor '/home/mandy/Delivery-Bot/install/robot_interfaces/share/robot_interfaces/hook/pythonpath.dsv'
[6.729s] INFO:colcon.colcon_core.shell:Creating environment hook '/home/mandy/Delivery-Bot/install/robot_interfaces/share/robot_interfaces/hook/pythonpath.sh'
[6.734s] Level 1:colcon.colcon_core.environment:checking '/home/mandy/Delivery-Bot/install/robot_interfaces/bin'
[6.735s] INFO:colcon.colcon_core.shell:Creating package descriptor '/home/mandy/Delivery-Bot/install/robot_interfaces/share/robot_interfaces/package.dsv'
[6.740s] INFO:colcon.colcon_core.shell:Creating package script '/home/mandy/Delivery-Bot/install/robot_interfaces/share/robot_interfaces/package.sh'
[6.744s] INFO:colcon.colcon_core.shell:Creating package script '/home/mandy/Delivery-Bot/install/robot_interfaces/share/robot_interfaces/package.bash'
[6.747s] INFO:colcon.colcon_core.shell:Creating package script '/home/mandy/Delivery-Bot/install/robot_interfaces/share/robot_interfaces/package.zsh'
[6.751s] Level 1:colcon.colcon_core.environment:create_file_with_runtime_dependencies(/home/mandy/Delivery-Bot/install/robot_interfaces/share/colcon-core/packages/robot_interfaces)
[6.756s] INFO:colcon.colcon_ros.task.ament_python.build:Building ROS package in '/home/mandy/Delivery-Bot/src/robot_control' with build type 'ament_python'
[6.758s] Level 1:colcon.colcon_core.shell:create_environment_hook('robot_control', 'ament_prefix_path')
[6.760s] INFO:colcon.colcon_core.shell:Creating environment descriptor '/home/mandy/Delivery-Bot/install/robot_control/share/robot_control/hook/ament_prefix_path.dsv'
[6.764s] INFO:colcon.colcon_core.shell:Creating environment hook '/home/mandy/Delivery-Bot/install/robot_control/share/robot_control/hook/ament_prefix_path.sh'
[6.770s] DEBUG:colcon.colcon_core.shell:Skip shell extension 'dsv' for command environment
[8.382s] INFO:colcon.colcon_core.task.python.build:Building Python package in '/home/mandy/Delivery-Bot/src/robot_control'
[8.382s] DEBUG:colcon.colcon_core.shell:Skip shell extension 'dsv' for command environment
[11.168s] DEBUG:colcon.colcon_core.task.python.build:Available setuptools commands: dist_info, bdist_rpm, install_egg_info, egg_info, install, compile_catalog, upload_docs, alias, saveopts, setopt, update_catalog, rotate, check, build_scripts, install_data, sdist, bdist_egg, extract_messages, build_py, build, symlink_data, develop, install_lib, build_ext, bdist_dumb, build_clib, upload, install_scripts, test, bdist_wheel, easy_install, bdist, init_catalog, install_headers, editable_wheel, register, clean
[11.176s] DEBUG:colcon.colcon_core.task.python.build:Available setuptools commands: dist_info, bdist_rpm, install_egg_info, egg_info, install, compile_catalog, upload_docs, alias, saveopts, setopt, update_catalog, rotate, check, build_scripts, install_data, sdist, bdist_egg, extract_messages, build_py, build, symlink_data, develop, install_lib, build_ext, bdist_dumb, build_clib, upload, install_scripts, test, bdist_wheel, easy_install, bdist, init_catalog, install_headers, editable_wheel, register, clean
[11.245s] DEBUG:colcon.colcon_core.task.python.build:Available setuptools commands: dist_info, bdist_rpm, install_egg_info, egg_info, install, compile_catalog, upload_docs, alias, saveopts, setopt, update_catalog, rotate, check, build_scripts, install_data, sdist, bdist_egg, extract_messages, build_py, build, symlink_data, develop, install_lib, build_ext, bdist_dumb, build_clib, upload, install_scripts, test, bdist_wheel, easy_install, bdist, init_catalog, install_headers, editable_wheel, register, clean
[13.415s] DEBUG:colcon.colcon_core.task.python.build:Available setuptools commands: dist_info, bdist_rpm, install_egg_info, egg_info, install, compile_catalog, upload_docs, alias, saveopts, setopt, update_catalog, rotate, check, build_scripts, install_data, sdist, bdist_egg, extract_messages, build_py, build, symlink_data, develop, install_lib, build_ext, bdist_dumb, build_clib, upload, install_scripts, test, bdist_wheel, easy_install, bdist, init_catalog, install_headers, editable_wheel, register, clean
[13.802s] DEBUG:colcon.colcon_core.task.python.build:Available setuptools 'develop' options: --install-layout, --record, --version, --help, --multi-version, --verbose, --allow-hosts, --always-unzip, --find-links, --editable, --upgrade, --no-deps, --install-dir, --always-copy, --build-directory, --uninstall, --no-user-cfg, --index-url, --exclude-scripts, --quiet, --egg-path, --optimize, --no-find-links, --dry-run, --user, --force-installation-into-system-dir, --zip-ok, --script-dir, --prefix, --site-dirs, --local-snapshots-ok
[13.839s] DEBUG:colcon.colcon_core.event_handler.log_command:Invoking command in '/home/mandy/Delivery-Bot/build/robot_description': DEBUGINFOD_URLS=https://debuginfod.ubuntu.com PYTHONPATH=/home/mandy/Delivery-Bot/build/robot_description/prefix_override:/usr/lib/python3/dist-packages/colcon_core/task/python/colcon_distutils_commands:/home/mandy/Delivery-Bot/install/robot_description/lib/python3.12/site-packages:${PYTHONPATH} /usr/bin/python3 -W ignore:setup.py install is deprecated -W ignore:easy_install command is deprecated setup.py develop --editable --build-directory /home/mandy/Delivery-Bot/build/robot_description/build --no-deps symlink_data
[13.921s] DEBUG:colcon.colcon_core.task.python.build:Available setuptools 'develop' options: --install-layout, --record, --version, --help, --multi-version, --verbose, --allow-hosts, --always-unzip, --find-links, --editable, --upgrade, --no-deps, --install-dir, --always-copy, --build-directory, --uninstall, --no-user-cfg, --index-url, --exclude-scripts, --quiet, --egg-path, --optimize, --no-find-links, --dry-run, --user, --force-installation-into-system-dir, --zip-ok, --script-dir, --prefix, --site-dirs, --local-snapshots-ok
[13.949s] DEBUG:colcon.colcon_core.event_handler.log_command:Invoking command in '/home/mandy/Delivery-Bot/build/robot_navigation': DEBUGINFOD_URLS=https://debuginfod.ubuntu.com PYTHONPATH=/home/mandy/Delivery-Bot/build/robot_navigation/prefix_override:/usr/lib/python3/dist-packages/colcon_core/task/python/colcon_distutils_commands:/home/mandy/Delivery-Bot/install/robot_navigation/lib/python3.12/site-packages:${PYTHONPATH} /usr/bin/python3 -W ignore:setup.py install is deprecated -W ignore:easy_install command is deprecated setup.py develop --editable --build-directory /home/mandy/Delivery-Bot/build/robot_navigation/build --no-deps symlink_data
[14.133s] DEBUG:colcon.colcon_core.task.python.build:Available setuptools 'develop' options: --install-layout, --record, --version, --help, --multi-version, --verbose, --allow-hosts, --always-unzip, --find-links, --editable, --upgrade, --no-deps, --install-dir, --always-copy, --build-directory, --uninstall, --no-user-cfg, --index-url, --exclude-scripts, --quiet, --egg-path, --optimize, --no-find-links, --dry-run, --user, --force-installation-into-system-dir, --zip-ok, --script-dir, --prefix, --site-dirs, --local-snapshots-ok
[14.151s] DEBUG:colcon.colcon_core.event_handler.log_command:Invoking command in '/home/mandy/Delivery-Bot/build/robot_vision': DEBUGINFOD_URLS=https://debuginfod.ubuntu.com PYTHONPATH=/home/mandy/Delivery-Bot/build/robot_vision/prefix_override:/usr/lib/python3/dist-packages/colcon_core/task/python/colcon_distutils_commands:/home/mandy/Delivery-Bot/install/robot_vision/lib/python3.12/site-packages:${PYTHONPATH} /usr/bin/python3 -W ignore:setup.py install is deprecated -W ignore:easy_install command is deprecated setup.py develop --editable --build-directory /home/mandy/Delivery-Bot/build/robot_vision/build --no-deps symlink_data
[16.392s] DEBUG:colcon.colcon_core.task.python.build:Available setuptools 'develop' options: --install-layout, --record, --version, --help, --multi-version, --verbose, --allow-hosts, --always-unzip, --find-links, --editable, --upgrade, --no-deps, --install-dir, --always-copy, --build-directory, --uninstall, --no-user-cfg, --index-url, --exclude-scripts, --quiet, --egg-path, --optimize, --no-find-links, --dry-run, --user, --force-installation-into-system-dir, --zip-ok, --script-dir, --prefix, --site-dirs, --local-snapshots-ok
[16.425s] DEBUG:colcon.colcon_core.event_handler.log_command:Invoking command in '/home/mandy/Delivery-Bot/build/robot_control': AMENT_PREFIX_PATH=/home/mandy/Delivery-Bot/install/robot_interfaces:${AMENT_PREFIX_PATH} CMAKE_PREFIX_PATH=/home/mandy/Delivery-Bot/install/robot_interfaces:${CMAKE_PREFIX_PATH} DEBUGINFOD_URLS=https://debuginfod.ubuntu.com LD_LIBRARY_PATH=/home/mandy/Delivery-Bot/install/robot_interfaces/lib:${LD_LIBRARY_PATH} PYTHONPATH=/home/mandy/Delivery-Bot/build/robot_control/prefix_override:/usr/lib/python3/dist-packages/colcon_core/task/python/colcon_distutils_commands:/home/mandy/Delivery-Bot/install/robot_control/lib/python3.12/site-packages:/home/mandy/Delivery-Bot/install/robot_interfaces/lib/python3.12/site-packages:${PYTHONPATH} /usr/bin/python3 -W ignore:setup.py install is deprecated -W ignore:easy_install command is deprecated setup.py develop --editable --build-directory /home/mandy/Delivery-Bot/build/robot_control/build --no-deps symlink_data
[19.094s] Level 1:colcon.colcon_core.shell:create_environment_hook('robot_description', 'pythonpath_develop')
[19.095s] INFO:colcon.colcon_core.shell:Creating environment descriptor '/home/mandy/Delivery-Bot/build/robot_description/share/robot_description/hook/pythonpath_develop.dsv'
[19.097s] DEBUG:colcon.colcon_core.event_handler.log_command:Invoked command in '/home/mandy/Delivery-Bot/build/robot_description' returned '0': DEBUGINFOD_URLS=https://debuginfod.ubuntu.com PYTHONPATH=/home/mandy/Delivery-Bot/build/robot_description/prefix_override:/usr/lib/python3/dist-packages/colcon_core/task/python/colcon_distutils_commands:/home/mandy/Delivery-Bot/install/robot_description/lib/python3.12/site-packages:${PYTHONPATH} /usr/bin/python3 -W ignore:setup.py install is deprecated -W ignore:easy_install command is deprecated setup.py develop --editable --build-directory /home/mandy/Delivery-Bot/build/robot_description/build --no-deps symlink_data
[19.101s] INFO:colcon.colcon_core.shell:Creating environment hook '/home/mandy/Delivery-Bot/build/robot_description/share/robot_description/hook/pythonpath_develop.sh'
[19.107s] Level 1:colcon.colcon_core.environment:checking '/home/mandy/Delivery-Bot/install/robot_description' for CMake module files
[19.111s] Level 1:colcon.colcon_core.environment:checking '/home/mandy/Delivery-Bot/install/robot_description' for CMake config files
[19.118s] Level 1:colcon.colcon_core.environment:checking '/home/mandy/Delivery-Bot/install/robot_description/lib'
[19.120s] Level 1:colcon.colcon_core.environment:checking '/home/mandy/Delivery-Bot/install/robot_description/bin'
[19.123s] Level 1:colcon.colcon_core.environment:checking '/home/mandy/Delivery-Bot/install/robot_description/lib/pkgconfig/robot_description.pc'
[19.124s] Level 1:colcon.colcon_core.environment:checking '/home/mandy/Delivery-Bot/install/robot_description/lib/python3.12/site-packages'
[19.125s] Level 1:colcon.colcon_core.shell:create_environment_hook('robot_description', 'pythonpath')
[19.126s] INFO:colcon.colcon_core.shell:Creating environment descriptor '/home/mandy/Delivery-Bot/install/robot_description/share/robot_description/hook/pythonpath.dsv'
[19.129s] INFO:colcon.colcon_core.shell:Creating environment hook '/home/mandy/Delivery-Bot/install/robot_description/share/robot_description/hook/pythonpath.sh'
[19.134s] Level 1:colcon.colcon_core.environment:checking '/home/mandy/Delivery-Bot/install/robot_description/bin'
[19.134s] Level 1:colcon.colcon_core.environment:create_environment_scripts_only(robot_description)
[19.136s] INFO:colcon.colcon_core.shell:Creating package descriptor '/home/mandy/Delivery-Bot/install/robot_description/share/robot_description/package.dsv'
[19.143s] INFO:colcon.colcon_core.shell:Creating package script '/home/mandy/Delivery-Bot/install/robot_description/share/robot_description/package.sh'
[19.149s] INFO:colcon.colcon_core.shell:Creating package script '/home/mandy/Delivery-Bot/install/robot_description/share/robot_description/package.bash'
[19.157s] INFO:colcon.colcon_core.shell:Creating package script '/home/mandy/Delivery-Bot/install/robot_description/share/robot_description/package.zsh'
[19.160s] Level 1:colcon.colcon_core.environment:create_file_with_runtime_dependencies(/home/mandy/Delivery-Bot/install/robot_description/share/colcon-core/packages/robot_description)
[19.370s] Level 1:colcon.colcon_core.shell:create_environment_hook('robot_navigation', 'pythonpath_develop')
[19.371s] INFO:colcon.colcon_core.shell:Creating environment descriptor '/home/mandy/Delivery-Bot/build/robot_navigation/share/robot_navigation/hook/pythonpath_develop.dsv'
[19.374s] INFO:colcon.colcon_core.shell:Creating environment hook '/home/mandy/Delivery-Bot/build/robot_navigation/share/robot_navigation/hook/pythonpath_develop.sh'
[19.377s] Level 1:colcon.colcon_core.environment:checking '/home/mandy/Delivery-Bot/install/robot_navigation' for CMake module files
[19.378s] DEBUG:colcon.colcon_core.event_handler.log_command:Invoked command in '/home/mandy/Delivery-Bot/build/robot_navigation' returned '0': DEBUGINFOD_URLS=https://debuginfod.ubuntu.com PYTHONPATH=/home/mandy/Delivery-Bot/build/robot_navigation/prefix_override:/usr/lib/python3/dist-packages/colcon_core/task/python/colcon_distutils_commands:/home/mandy/Delivery-Bot/install/robot_navigation/lib/python3.12/site-packages:${PYTHONPATH} /usr/bin/python3 -W ignore:setup.py install is deprecated -W ignore:easy_install command is deprecated setup.py develop --editable --build-directory /home/mandy/Delivery-Bot/build/robot_navigation/build --no-deps symlink_data
[19.381s] Level 1:colcon.colcon_core.environment:checking '/home/mandy/Delivery-Bot/install/robot_navigation' for CMake config files
[19.385s] Level 1:colcon.colcon_core.environment:checking '/home/mandy/Delivery-Bot/install/robot_navigation/lib'
[19.386s] Level 1:colcon.colcon_core.environment:checking '/home/mandy/Delivery-Bot/install/robot_navigation/bin'
[19.386s] Level 1:colcon.colcon_core.environment:checking '/home/mandy/Delivery-Bot/install/robot_navigation/lib/pkgconfig/robot_navigation.pc'
[19.388s] Level 1:colcon.colcon_core.environment:checking '/home/mandy/Delivery-Bot/install/robot_navigation/lib/python3.12/site-packages'
[19.388s] Level 1:colcon.colcon_core.shell:create_environment_hook('robot_navigation', 'pythonpath')
[19.389s] INFO:colcon.colcon_core.shell:Creating environment descriptor '/home/mandy/Delivery-Bot/install/robot_navigation/share/robot_navigation/hook/pythonpath.dsv'
[19.391s] INFO:colcon.colcon_core.shell:Creating environment hook '/home/mandy/Delivery-Bot/install/robot_navigation/share/robot_navigation/hook/pythonpath.sh'
[19.395s] Level 1:colcon.colcon_core.environment:checking '/home/mandy/Delivery-Bot/install/robot_navigation/bin'
[19.395s] Level 1:colcon.colcon_core.environment:create_environment_scripts_only(robot_navigation)
[19.396s] INFO:colcon.colcon_core.shell:Creating package descriptor '/home/mandy/Delivery-Bot/install/robot_navigation/share/robot_navigation/package.dsv'
[19.399s] INFO:colcon.colcon_core.shell:Creating package script '/home/mandy/Delivery-Bot/install/robot_navigation/share/robot_navigation/package.sh'
[19.401s] INFO:colcon.colcon_core.shell:Creating package script '/home/mandy/Delivery-Bot/install/robot_navigation/share/robot_navigation/package.bash'
[19.404s] INFO:colcon.colcon_core.shell:Creating package script '/home/mandy/Delivery-Bot/install/robot_navigation/share/robot_navigation/package.zsh'
[19.407s] Level 1:colcon.colcon_core.environment:create_file_with_runtime_dependencies(/home/mandy/Delivery-Bot/install/robot_navigation/share/colcon-core/packages/robot_navigation)
[19.682s] Level 1:colcon.colcon_core.shell:create_environment_hook('robot_vision', 'pythonpath_develop')
[19.683s] INFO:colcon.colcon_core.shell:Creating environment descriptor '/home/mandy/Delivery-Bot/build/robot_vision/share/robot_vision/hook/pythonpath_develop.dsv'
[19.685s] DEBUG:colcon.colcon_core.event_handler.log_command:Invoked command in '/home/mandy/Delivery-Bot/build/robot_vision' returned '0': DEBUGINFOD_URLS=https://debuginfod.ubuntu.com PYTHONPATH=/home/mandy/Delivery-Bot/build/robot_vision/prefix_override:/usr/lib/python3/dist-packages/colcon_core/task/python/colcon_distutils_commands:/home/mandy/Delivery-Bot/install/robot_vision/lib/python3.12/site-packages:${PYTHONPATH} /usr/bin/python3 -W ignore:setup.py install is deprecated -W ignore:easy_install command is deprecated setup.py develop --editable --build-directory /home/mandy/Delivery-Bot/build/robot_vision/build --no-deps symlink_data
[19.687s] INFO:colcon.colcon_core.shell:Creating environment hook '/home/mandy/Delivery-Bot/build/robot_vision/share/robot_vision/hook/pythonpath_develop.sh'
[19.689s] Level 1:colcon.colcon_core.environment:checking '/home/mandy/Delivery-Bot/install/robot_vision' for CMake module files
[19.692s] Level 1:colcon.colcon_core.environment:checking '/home/mandy/Delivery-Bot/install/robot_vision' for CMake config files
[19.695s] Level 1:colcon.colcon_core.environment:checking '/home/mandy/Delivery-Bot/install/robot_vision/lib'
[19.695s] Level 1:colcon.colcon_core.environment:checking '/home/mandy/Delivery-Bot/install/robot_vision/bin'
[19.696s] Level 1:colcon.colcon_core.environment:checking '/home/mandy/Delivery-Bot/install/robot_vision/lib/pkgconfig/robot_vision.pc'
[19.697s] Level 1:colcon.colcon_core.environment:checking '/home/mandy/Delivery-Bot/install/robot_vision/lib/python3.12/site-packages'
[19.697s] Level 1:colcon.colcon_core.shell:create_environment_hook('robot_vision', 'pythonpath')
[19.698s] INFO:colcon.colcon_core.shell:Creating environment descriptor '/home/mandy/Delivery-Bot/install/robot_vision/share/robot_vision/hook/pythonpath.dsv'
[19.700s] INFO:colcon.colcon_core.shell:Creating environment hook '/home/mandy/Delivery-Bot/install/robot_vision/share/robot_vision/hook/pythonpath.sh'
[19.704s] Level 1:colcon.colcon_core.environment:checking '/home/mandy/Delivery-Bot/install/robot_vision/bin'
[19.704s] Level 1:colcon.colcon_core.environment:create_environment_scripts_only(robot_vision)
[19.705s] INFO:colcon.colcon_core.shell:Creating package descriptor '/home/mandy/Delivery-Bot/install/robot_vision/share/robot_vision/package.dsv'
[19.707s] INFO:colcon.colcon_core.shell:Creating package script '/home/mandy/Delivery-Bot/install/robot_vision/share/robot_vision/package.sh'
[19.710s] INFO:colcon.colcon_core.shell:Creating package script '/home/mandy/Delivery-Bot/install/robot_vision/share/robot_vision/package.bash'
[19.715s] INFO:colcon.colcon_core.shell:Creating package script '/home/mandy/Delivery-Bot/install/robot_vision/share/robot_vision/package.zsh'
[19.718s] Level 1:colcon.colcon_core.environment:create_file_with_runtime_dependencies(/home/mandy/Delivery-Bot/install/robot_vision/share/colcon-core/packages/robot_vision)
[21.057s] Level 1:colcon.colcon_core.shell:create_environment_hook('robot_control', 'pythonpath_develop')
[21.058s] INFO:colcon.colcon_core.shell:Creating environment descriptor '/home/mandy/Delivery-Bot/build/robot_control/share/robot_control/hook/pythonpath_develop.dsv'
[21.059s] DEBUG:colcon.colcon_core.event_handler.log_command:Invoked command in '/home/mandy/Delivery-Bot/build/robot_control' returned '0': AMENT_PREFIX_PATH=/home/mandy/Delivery-Bot/install/robot_interfaces:${AMENT_PREFIX_PATH} CMAKE_PREFIX_PATH=/home/mandy/Delivery-Bot/install/robot_interfaces:${CMAKE_PREFIX_PATH} DEBUGINFOD_URLS=https://debuginfod.ubuntu.com LD_LIBRARY_PATH=/home/mandy/Delivery-Bot/install/robot_interfaces/lib:${LD_LIBRARY_PATH} PYTHONPATH=/home/mandy/Delivery-Bot/build/robot_control/prefix_override:/usr/lib/python3/dist-packages/colcon_core/task/python/colcon_distutils_commands:/home/mandy/Delivery-Bot/install/robot_control/lib/python3.12/site-packages:/home/mandy/Delivery-Bot/install/robot_interfaces/lib/python3.12/site-packages:${PYTHONPATH} /usr/bin/python3 -W ignore:setup.py install is deprecated -W ignore:easy_install command is deprecated setup.py develop --editable --build-directory /home/mandy/Delivery-Bot/build/robot_control/build --no-deps symlink_data
[21.060s] INFO:colcon.colcon_core.shell:Creating environment hook '/home/mandy/Delivery-Bot/build/robot_control/share/robot_control/hook/pythonpath_develop.sh'
[21.063s] Level 1:colcon.colcon_core.environment:checking '/home/mandy/Delivery-Bot/install/robot_control' for CMake module files
[21.066s] Level 1:colcon.colcon_core.environment:checking '/home/mandy/Delivery-Bot/install/robot_control' for CMake config files
[21.071s] Level 1:colcon.colcon_core.environment:checking '/home/mandy/Delivery-Bot/install/robot_control/lib'
[21.072s] Level 1:colcon.colcon_core.environment:checking '/home/mandy/Delivery-Bot/install/robot_control/bin'
[21.073s] Level 1:colcon.colcon_core.environment:checking '/home/mandy/Delivery-Bot/install/robot_control/lib/pkgconfig/robot_control.pc'
[21.074s] Level 1:colcon.colcon_core.environment:checking '/home/mandy/Delivery-Bot/install/robot_control/lib/python3.12/site-packages'
[21.075s] Level 1:colcon.colcon_core.shell:create_environment_hook('robot_control', 'pythonpath')
[21.076s] INFO:colcon.colcon_core.shell:Creating environment descriptor '/home/mandy/Delivery-Bot/install/robot_control/share/robot_control/hook/pythonpath.dsv'
[21.079s] INFO:colcon.colcon_core.shell:Creating environment hook '/home/mandy/Delivery-Bot/install/robot_control/share/robot_control/hook/pythonpath.sh'
[21.083s] Level 1:colcon.colcon_core.environment:checking '/home/mandy/Delivery-Bot/install/robot_control/bin'
[21.083s] Level 1:colcon.colcon_core.environment:create_environment_scripts_only(robot_control)
[21.084s] INFO:colcon.colcon_core.shell:Creating package descriptor '/home/mandy/Delivery-Bot/install/robot_control/share/robot_control/package.dsv'
[21.087s] INFO:colcon.colcon_core.shell:Creating package script '/home/mandy/Delivery-Bot/install/robot_control/share/robot_control/package.sh'
[21.090s] INFO:colcon.colcon_core.shell:Creating package script '/home/mandy/Delivery-Bot/install/robot_control/share/robot_control/package.bash'
[21.092s] INFO:colcon.colcon_core.shell:Creating package script '/home/mandy/Delivery-Bot/install/robot_control/share/robot_control/package.zsh'
[21.093s] Level 1:colcon.colcon_core.environment:create_file_with_runtime_dependencies(/home/mandy/Delivery-Bot/install/robot_control/share/colcon-core/packages/robot_control)
[21.095s] INFO:colcon.colcon_ros.task.ament_python.build:Building ROS package in '/home/mandy/Delivery-Bot/src/robot_bringup' with build type 'ament_python'
[21.095s] Level 1:colcon.colcon_core.shell:create_environment_hook('robot_bringup', 'ament_prefix_path')
[21.097s] INFO:colcon.colcon_core.shell:Creating environment descriptor '/home/mandy/Delivery-Bot/install/robot_bringup/share/robot_bringup/hook/ament_prefix_path.dsv'
[21.100s] INFO:colcon.colcon_core.shell:Creating environment hook '/home/mandy/Delivery-Bot/install/robot_bringup/share/robot_bringup/hook/ament_prefix_path.sh'
[21.106s] DEBUG:colcon.colcon_core.shell:Skip shell extension 'dsv' for command environment
[22.267s] INFO:colcon.colcon_core.task.python.build:Building Python package in '/home/mandy/Delivery-Bot/src/robot_bringup'
[22.267s] DEBUG:colcon.colcon_core.shell:Skip shell extension 'dsv' for command environment
[25.357s] DEBUG:colcon.colcon_core.task.python.build:Available setuptools commands: dist_info, bdist_rpm, install_egg_info, egg_info, install, compile_catalog, upload_docs, alias, saveopts, setopt, update_catalog, rotate, check, build_scripts, install_data, sdist, bdist_egg, extract_messages, build_py, build, symlink_data, develop, install_lib, build_ext, bdist_dumb, build_clib, upload, install_scripts, test, bdist_wheel, easy_install, bdist, init_catalog, install_headers, editable_wheel, register, clean
[27.150s] DEBUG:colcon.colcon_core.task.python.build:Available setuptools 'develop' options: --install-layout, --record, --version, --help, --multi-version, --verbose, --allow-hosts, --always-unzip, --find-links, --editable, --upgrade, --no-deps, --install-dir, --always-copy, --build-directory, --uninstall, --no-user-cfg, --index-url, --exclude-scripts, --quiet, --egg-path, --optimize, --no-find-links, --dry-run, --user, --force-installation-into-system-dir, --zip-ok, --script-dir, --prefix, --site-dirs, --local-snapshots-ok
[27.157s] DEBUG:colcon.colcon_core.event_handler.log_command:Invoking command in '/home/mandy/Delivery-Bot/build/robot_bringup': AMENT_PREFIX_PATH=/home/mandy/Delivery-Bot/install/robot_control:/home/mandy/Delivery-Bot/install/robot_vision:/home/mandy/Delivery-Bot/install/robot_navigation:/home/mandy/Delivery-Bot/install/robot_interfaces:/home/mandy/Delivery-Bot/install/robot_description:${AMENT_PREFIX_PATH} CMAKE_PREFIX_PATH=/home/mandy/Delivery-Bot/install/robot_interfaces:${CMAKE_PREFIX_PATH} DEBUGINFOD_URLS=https://debuginfod.ubuntu.com LD_LIBRARY_PATH=/home/mandy/Delivery-Bot/install/robot_interfaces/lib:${LD_LIBRARY_PATH} PYTHONPATH=/home/mandy/Delivery-Bot/build/robot_bringup/prefix_override:/usr/lib/python3/dist-packages/colcon_core/task/python/colcon_distutils_commands:/home/mandy/Delivery-Bot/install/robot_bringup/lib/python3.12/site-packages:/home/mandy/Delivery-Bot/build/robot_control:/home/mandy/Delivery-Bot/install/robot_control/lib/python3.12/site-packages:/home/mandy/Delivery-Bot/build/robot_vision:/home/mandy/Delivery-Bot/install/robot_vision/lib/python3.12/site-packages:/home/mandy/Delivery-Bot/build/robot_navigation:/home/mandy/Delivery-Bot/install/robot_navigation/lib/python3.12/site-packages:/home/mandy/Delivery-Bot/install/robot_interfaces/lib/python3.12/site-packages:/home/mandy/Delivery-Bot/build/robot_description:/home/mandy/Delivery-Bot/install/robot_description/lib/python3.12/site-packages:${PYTHONPATH} /usr/bin/python3 -W ignore:setup.py install is deprecated -W ignore:easy_install command is deprecated setup.py develop --editable --build-directory /home/mandy/Delivery-Bot/build/robot_bringup/build --no-deps symlink_data
[30.563s] Level 1:colcon.colcon_core.shell:create_environment_hook('robot_bringup', 'pythonpath_develop')
[30.564s] INFO:colcon.colcon_core.shell:Creating environment descriptor '/home/mandy/Delivery-Bot/build/robot_bringup/share/robot_bringup/hook/pythonpath_develop.dsv'
[30.565s] DEBUG:colcon.colcon_core.event_handler.log_command:Invoked command in '/home/mandy/Delivery-Bot/build/robot_bringup' returned '0': AMENT_PREFIX_PATH=/home/mandy/Delivery-Bot/install/robot_control:/home/mandy/Delivery-Bot/install/robot_vision:/home/mandy/Delivery-Bot/install/robot_navigation:/home/mandy/Delivery-Bot/install/robot_interfaces:/home/mandy/Delivery-Bot/install/robot_description:${AMENT_PREFIX_PATH} CMAKE_PREFIX_PATH=/home/mandy/Delivery-Bot/install/robot_interfaces:${CMAKE_PREFIX_PATH} DEBUGINFOD_URLS=https://debuginfod.ubuntu.com LD_LIBRARY_PATH=/home/mandy/Delivery-Bot/install/robot_interfaces/lib:${LD_LIBRARY_PATH} PYTHONPATH=/home/mandy/Delivery-Bot/build/robot_bringup/prefix_override:/usr/lib/python3/dist-packages/colcon_core/task/python/colcon_distutils_commands:/home/mandy/Delivery-Bot/install/robot_bringup/lib/python3.12/site-packages:/home/mandy/Delivery-Bot/build/robot_control:/home/mandy/Delivery-Bot/install/robot_control/lib/python3.12/site-packages:/home/mandy/Delivery-Bot/build/robot_vision:/home/mandy/Delivery-Bot/install/robot_vision/lib/python3.12/site-packages:/home/mandy/Delivery-Bot/build/robot_navigation:/home/mandy/Delivery-Bot/install/robot_navigation/lib/python3.12/site-packages:/home/mandy/Delivery-Bot/install/robot_interfaces/lib/python3.12/site-packages:/home/mandy/Delivery-Bot/build/robot_description:/home/mandy/Delivery-Bot/install/robot_description/lib/python3.12/site-packages:${PYTHONPATH} /usr/bin/python3 -W ignore:setup.py install is deprecated -W ignore:easy_install command is deprecated setup.py develop --editable --build-directory /home/mandy/Delivery-Bot/build/robot_bringup/build --no-deps symlink_data
[30.567s] INFO:colcon.colcon_core.shell:Creating environment hook '/home/mandy/Delivery-Bot/build/robot_bringup/share/robot_bringup/hook/pythonpath_develop.sh'
[30.570s] Level 1:colcon.colcon_core.environment:checking '/home/mandy/Delivery-Bot/install/robot_bringup' for CMake module files
[30.572s] Level 1:colcon.colcon_core.environment:checking '/home/mandy/Delivery-Bot/install/robot_bringup' for CMake config files
[30.576s] Level 1:colcon.colcon_core.environment:checking '/home/mandy/Delivery-Bot/install/robot_bringup/lib'
[30.576s] Level 1:colcon.colcon_core.environment:checking '/home/mandy/Delivery-Bot/install/robot_bringup/bin'
[30.577s] Level 1:colcon.colcon_core.environment:checking '/home/mandy/Delivery-Bot/install/robot_bringup/lib/pkgconfig/robot_bringup.pc'
[30.578s] Level 1:colcon.colcon_core.environment:checking '/home/mandy/Delivery-Bot/install/robot_bringup/lib/python3.12/site-packages'
[30.579s] Level 1:colcon.colcon_core.shell:create_environment_hook('robot_bringup', 'pythonpath')
[30.580s] INFO:colcon.colcon_core.shell:Creating environment descriptor '/home/mandy/Delivery-Bot/install/robot_bringup/share/robot_bringup/hook/pythonpath.dsv'
[30.583s] INFO:colcon.colcon_core.shell:Creating environment hook '/home/mandy/Delivery-Bot/install/robot_bringup/share/robot_bringup/hook/pythonpath.sh'
[30.590s] Level 1:colcon.colcon_core.environment:checking '/home/mandy/Delivery-Bot/install/robot_bringup/bin'
[30.591s] Level 1:colcon.colcon_core.environment:create_environment_scripts_only(robot_bringup)
[30.592s] INFO:colcon.colcon_core.shell:Creating package descriptor '/home/mandy/Delivery-Bot/install/robot_bringup/share/robot_bringup/package.dsv'
[30.595s] INFO:colcon.colcon_core.shell:Creating package script '/home/mandy/Delivery-Bot/install/robot_bringup/share/robot_bringup/package.sh'
[30.600s] INFO:colcon.colcon_core.shell:Creating package script '/home/mandy/Delivery-Bot/install/robot_bringup/share/robot_bringup/package.bash'
[30.603s] INFO:colcon.colcon_core.shell:Creating package script '/home/mandy/Delivery-Bot/install/robot_bringup/share/robot_bringup/package.zsh'
[30.605s] Level 1:colcon.colcon_core.environment:create_file_with_runtime_dependencies(/home/mandy/Delivery-Bot/install/robot_bringup/share/colcon-core/packages/robot_bringup)
[30.606s] DEBUG:colcon.colcon_parallel_executor.executor.parallel:closing loop
[30.608s] DEBUG:colcon.colcon_parallel_executor.executor.parallel:loop closed
[30.608s] DEBUG:colcon.colcon_parallel_executor.executor.parallel:run_until_complete finished with '0'
[30.609s] DEBUG:colcon.colcon_core.event_reactor:joining thread
[30.656s] INFO:colcon.colcon_core.plugin_system:Skipping extension 'colcon_notification.desktop_notification.terminal_notifier': Not used on non-Darwin systems
[30.656s] INFO:colcon.colcon_core.plugin_system:Skipping extension 'colcon_notification.desktop_notification.win32': Not used on non-Windows systems
[30.657s] INFO:colcon.colcon_notification.desktop_notification:Sending desktop notification using 'notify2'
[30.831s] DEBUG:colcon.colcon_core.event_reactor:joined thread
[30.832s] INFO:colcon.colcon_core.shell:Creating prefix script '/home/mandy/Delivery-Bot/install/local_setup.sh'
[30.837s] INFO:colcon.colcon_core.shell:Creating prefix util module '/home/mandy/Delivery-Bot/install/_local_setup_util_sh.py'
[30.845s] INFO:colcon.colcon_core.shell:Creating prefix chain script '/home/mandy/Delivery-Bot/install/setup.sh'
[30.852s] INFO:colcon.colcon_core.shell:Creating prefix script '/home/mandy/Delivery-Bot/install/local_setup.bash'
[30.856s] INFO:colcon.colcon_core.shell:Creating prefix chain script '/home/mandy/Delivery-Bot/install/setup.bash'
[30.863s] INFO:colcon.colcon_core.shell:Creating prefix script '/home/mandy/Delivery-Bot/install/local_setup.zsh'
[30.867s] INFO:colcon.colcon_core.shell:Creating prefix chain script '/home/mandy/Delivery-Bot/install/setup.zsh'
