[5.632s] Invoking command in '/home/mandy/Delivery-Bot/build/robot_audio': DEBUGINFOD_URLS=https://debuginfod.ubuntu.com PYTHONPATH=/home/mandy/Delivery-Bot/build/robot_audio/prefix_override:/usr/lib/python3/dist-packages/colcon_core/task/python/colcon_distutils_commands:/home/mandy/Delivery-Bot/install/robot_audio/lib/python3.12/site-packages:${PYTHONPATH} /usr/bin/python3 -W ignore:setup.py install is deprecated -W ignore:easy_install command is deprecated setup.py develop --editable --build-directory /home/mandy/Delivery-Bot/build/robot_audio/build --no-deps symlink_data --force
[7.257s] running develop
[8.335s] running egg_info
[8.429s] writing robot_audio.egg-info/PKG-INFO
[8.430s] writing dependency_links to robot_audio.egg-info/dependency_links.txt
[8.434s] writing entry points to robot_audio.egg-info/entry_points.txt
[8.436s] writing requirements to robot_audio.egg-info/requires.txt
[8.439s] writing top-level names to robot_audio.egg-info/top_level.txt
[8.646s] reading manifest file 'robot_audio.egg-info/SOURCES.txt'
[8.649s] writing manifest file 'robot_audio.egg-info/SOURCES.txt'
[8.749s] running build_ext
[8.760s] Creating /home/mandy/Delivery-Bot/install/robot_audio/lib/python3.12/site-packages/robot-audio.egg-link (link to .)
[8.764s] Installing audio_process script to /home/mandy/Delivery-Bot/install/robot_audio/lib/robot_audio
[8.766s] Installing mic_audio script to /home/mandy/Delivery-Bot/install/robot_audio/lib/robot_audio
[8.768s] 
[8.769s] Installed /home/mandy/Delivery-Bot/build/robot_audio
[8.770s] running symlink_data
[8.771s] symbolically linking /home/mandy/Delivery-Bot/build/robot_audio/resource/robot_audio -> /home/mandy/Delivery-Bot/install/robot_audio/share/ament_index/resource_index/packages
[8.772s] symbolically linking /home/mandy/Delivery-Bot/build/robot_audio/package.xml -> /home/mandy/Delivery-Bot/install/robot_audio/share/robot_audio
[8.934s] Invoked command in '/home/mandy/Delivery-Bot/build/robot_audio' returned '0': DEBUGINFOD_URLS=https://debuginfod.ubuntu.com PYTHONPATH=/home/mandy/Delivery-Bot/build/robot_audio/prefix_override:/usr/lib/python3/dist-packages/colcon_core/task/python/colcon_distutils_commands:/home/mandy/Delivery-Bot/install/robot_audio/lib/python3.12/site-packages:${PYTHONPATH} /usr/bin/python3 -W ignore:setup.py install is deprecated -W ignore:easy_install command is deprecated setup.py develop --editable --build-directory /home/mandy/Delivery-Bot/build/robot_audio/build --no-deps symlink_data --force
