-- The C compiler identification is GNU 13.3.0
-- The CXX compiler identification is GNU 13.3.0
-- Detecting C compiler ABI info
-- Detecting C compiler ABI info - done
-- Check for working C compiler: /usr/bin/cc - skipped
-- Detecting C compile features
-- Detecting C compile features - done
-- Detecting CXX compiler ABI info
-- Detecting CXX compiler ABI info - done
-- Check for working CXX compiler: /usr/bin/c++ - skipped
-- Detecting CXX compile features
-- Detecting CXX compile features - done
-- Found ament_cmake: 2.5.6 (/opt/ros/jazzy/share/ament_cmake/cmake)
-- Found Python3: /usr/bin/python3 (found version "3.12.3") found components: Interpreter 
-- Override CMake install command with custom implementation using symlinks instead of copying resources
-- Found rosidl_default_generators: 1.6.1 (/opt/ros/jazzy/share/rosidl_default_generators/cmake)
-- Using all available rosidl_typesupport_c: rosidl_typesupport_fastrtps_c;rosidl_typesupport_introspection_c
-- Using all available rosidl_typesupport_cpp: rosidl_typesupport_fastrtps_cpp;rosidl_typesupport_introspection_cpp
-- Found rosidl_adapter: 4.6.9 (/opt/ros/jazzy/share/rosidl_adapter/cmake)
-- Found ament_cmake_ros: 0.12.1 (/opt/ros/jazzy/share/ament_cmake_ros/cmake)
-- Using all available rosidl_typesupport_c: rosidl_typesupport_fastrtps_c;rosidl_typesupport_introspection_c
-- Using all available rosidl_typesupport_cpp: rosidl_typesupport_fastrtps_cpp;rosidl_typesupport_introspection_cpp
-- Found python_cmake_module: 0.11.1 (/opt/ros/jazzy/share/python_cmake_module/cmake)
-- Found PythonExtra: /usr/bin/python3  
-- Found Python3: /usr/bin/python3 (found version "3.12.3") found components: Interpreter Development NumPy Development.Module Development.Embed 
-- Found Python3: /usr/bin/python3 (found version "3.12.3") found components: Interpreter 
-- Found ament_lint_auto: 0.17.5 (/opt/ros/jazzy/share/ament_lint_auto/cmake)
-- Added test 'lint_cmake' to check CMake code style
-- Added test 'xmllint' to check XML markup files
-- Configuring done (24.3s)
-- Generating done (0.2s)
-- Build files have been written to: /home/mandy/Delivery-Bot/build/robot_interfaces
[  2%] [34m[1mGenerating type hashes for ROS interfaces[0m
[  2%] Built target robot_interfaces__rosidl_generator_type_description
[  2%] Built target ament_cmake_python_symlink_robot_interfaces
[  5%] [34m[1mGenerating C++ code for ROS interfaces[0m
[  5%] Built target robot_interfaces__cpp
running egg_info
creating robot_interfaces.egg-info
writing robot_interfaces.egg-info/PKG-INFO
writing dependency_links to robot_interfaces.egg-info/dependency_links.txt
writing top-level names to robot_interfaces.egg-info/top_level.txt
writing manifest file 'robot_interfaces.egg-info/SOURCES.txt'
reading manifest file 'robot_interfaces.egg-info/SOURCES.txt'
writing manifest file 'robot_interfaces.egg-info/SOURCES.txt'
[  5%] Built target ament_cmake_python_build_robot_interfaces_egg
[  8%] [34m[1mGenerating C code for ROS interfaces[0m
[ 11%] [32mBuilding C object CMakeFiles/robot_interfaces__rosidl_generator_c.dir/rosidl_generator_c/robot_interfaces/msg/detail/encoder_speed__description.c.o[0m
[ 14%] [32mBuilding C object CMakeFiles/robot_interfaces__rosidl_generator_c.dir/rosidl_generator_c/robot_interfaces/msg/detail/encoder_speed__type_support.c.o[0m
[ 17%] [32mBuilding C object CMakeFiles/robot_interfaces__rosidl_generator_c.dir/rosidl_generator_c/robot_interfaces/msg/detail/encoder_speed__functions.c.o[0m
[ 20%] [32m[1mLinking C shared library librobot_interfaces__rosidl_generator_c.so[0m
[ 20%] Built target robot_interfaces__rosidl_generator_c
[ 22%] [34m[1mGenerating Rust code for ROS interfaces[0m
[ 22%] Built target robot_interfaces__rs
[ 25%] [34m[1mGenerating C type support dispatch for ROS interfaces[0m
[ 28%] [32mBuilding CXX object CMakeFiles/robot_interfaces__rosidl_typesupport_c.dir/rosidl_typesupport_c/robot_interfaces/msg/encoder_speed__type_support.cpp.o[0m
[ 31%] [32m[1mLinking CXX shared library librobot_interfaces__rosidl_typesupport_c.so[0m
[ 31%] Built target robot_interfaces__rosidl_typesupport_c
[ 34%] [34m[1mGenerating C++ type support for eProsima Fast-RTPS[0m
[ 37%] [32mBuilding CXX object CMakeFiles/robot_interfaces__rosidl_typesupport_fastrtps_cpp.dir/rosidl_typesupport_fastrtps_cpp/robot_interfaces/msg/detail/dds_fastrtps/encoder_speed__type_support.cpp.o[0m
[ 40%] [32m[1mLinking CXX shared library librobot_interfaces__rosidl_typesupport_fastrtps_cpp.so[0m
[ 40%] Built target robot_interfaces__rosidl_typesupport_fastrtps_cpp
[ 42%] [34m[1mGenerating C++ introspection for ROS interfaces[0m
[ 45%] [32mBuilding CXX object CMakeFiles/robot_interfaces__rosidl_typesupport_introspection_cpp.dir/rosidl_typesupport_introspection_cpp/robot_interfaces/msg/detail/encoder_speed__type_support.cpp.o[0m
[ 48%] [32m[1mLinking CXX shared library librobot_interfaces__rosidl_typesupport_introspection_cpp.so[0m
[ 48%] Built target robot_interfaces__rosidl_typesupport_introspection_cpp
[ 51%] [34m[1mGenerating C++ type support dispatch for ROS interfaces[0m
[ 54%] [32mBuilding CXX object CMakeFiles/robot_interfaces__rosidl_typesupport_cpp.dir/rosidl_typesupport_cpp/robot_interfaces/msg/encoder_speed__type_support.cpp.o[0m
[ 57%] [32m[1mLinking CXX shared library librobot_interfaces__rosidl_typesupport_cpp.so[0m
[ 57%] Built target robot_interfaces__rosidl_typesupport_cpp
[ 60%] [34m[1mGenerating C introspection for ROS interfaces[0m
[ 62%] [32mBuilding C object CMakeFiles/robot_interfaces__rosidl_typesupport_introspection_c.dir/rosidl_typesupport_introspection_c/robot_interfaces/msg/detail/encoder_speed__type_support.c.o[0m
[ 65%] [32m[1mLinking C shared library librobot_interfaces__rosidl_typesupport_introspection_c.so[0m
[ 65%] Built target robot_interfaces__rosidl_typesupport_introspection_c
[ 68%] [34m[1mGenerating C type support for eProsima Fast-RTPS[0m
[ 71%] [32mBuilding CXX object CMakeFiles/robot_interfaces__rosidl_typesupport_fastrtps_c.dir/rosidl_typesupport_fastrtps_c/robot_interfaces/msg/detail/encoder_speed__type_support_c.cpp.o[0m
[ 74%] [32m[1mLinking CXX shared library librobot_interfaces__rosidl_typesupport_fastrtps_c.so[0m
[ 74%] Built target robot_interfaces__rosidl_typesupport_fastrtps_c
[ 74%] Built target robot_interfaces
[ 77%] [34m[1mGenerating Python code for ROS interfaces[0m
[ 77%] Built target robot_interfaces__py
[ 80%] [32mBuilding C object CMakeFiles/robot_interfaces__rosidl_generator_py.dir/rosidl_generator_py/robot_interfaces/msg/_encoder_speed_s.c.o[0m
[ 82%] [32m[1mLinking C shared library librobot_interfaces__rosidl_generator_py.so[0m
[ 82%] Built target robot_interfaces__rosidl_generator_py
[ 85%] [32mBuilding C object CMakeFiles/robot_interfaces_s__rosidl_typesupport_fastrtps_c.dir/rosidl_generator_py/robot_interfaces/_robot_interfaces_s.ep.rosidl_typesupport_fastrtps_c.c.o[0m
[ 88%] [32m[1mLinking C shared module rosidl_generator_py/robot_interfaces/robot_interfaces_s__rosidl_typesupport_fastrtps_c.so[0m
[ 88%] Built target robot_interfaces_s__rosidl_typesupport_fastrtps_c
[ 91%] [32mBuilding C object CMakeFiles/robot_interfaces_s__rosidl_typesupport_c.dir/rosidl_generator_py/robot_interfaces/_robot_interfaces_s.ep.rosidl_typesupport_c.c.o[0m
[ 94%] [32m[1mLinking C shared module rosidl_generator_py/robot_interfaces/robot_interfaces_s__rosidl_typesupport_c.so[0m
[ 94%] Built target robot_interfaces_s__rosidl_typesupport_c
[ 97%] [32mBuilding C object CMakeFiles/robot_interfaces_s__rosidl_typesupport_introspection_c.dir/rosidl_generator_py/robot_interfaces/_robot_interfaces_s.ep.rosidl_typesupport_introspection_c.c.o[0m
[100%] [32m[1mLinking C shared module rosidl_generator_py/robot_interfaces/robot_interfaces_s__rosidl_typesupport_introspection_c.so[0m
[100%] Built target robot_interfaces_s__rosidl_typesupport_introspection_c
-- Install configuration: ""
-- Execute custom install script
-- Symlinking: /home/mandy/Delivery-Bot/install/robot_interfaces/share/ament_index/resource_index/rosidl_interfaces/robot_interfaces
-- Symlinking: /home/mandy/Delivery-Bot/install/robot_interfaces/share/robot_interfaces/msg/EncoderSpeed.json
-- Symlinking: /home/mandy/Delivery-Bot/install/robot_interfaces/include/robot_interfaces/robot_interfaces/msg/detail/encoder_speed__functions.h
-- Symlinking: /home/mandy/Delivery-Bot/install/robot_interfaces/include/robot_interfaces/robot_interfaces/msg/detail/encoder_speed__struct.h
-- Symlinking: /home/mandy/Delivery-Bot/install/robot_interfaces/include/robot_interfaces/robot_interfaces/msg/detail/encoder_speed__type_support.h
-- Symlinking: /home/mandy/Delivery-Bot/install/robot_interfaces/include/robot_interfaces/robot_interfaces/msg/encoder_speed.h
-- Symlinking: /home/mandy/Delivery-Bot/install/robot_interfaces/include/robot_interfaces/robot_interfaces/msg/rosidl_generator_c__visibility_control.h
-- Symlinking: /home/mandy/Delivery-Bot/install/robot_interfaces/share/robot_interfaces/environment/library_path.sh
-- Symlinking: /home/mandy/Delivery-Bot/install/robot_interfaces/share/robot_interfaces/environment/library_path.dsv
-- Symlinking: /home/mandy/Delivery-Bot/install/robot_interfaces/include/robot_interfaces/robot_interfaces/msg/detail/encoder_speed__rosidl_typesupport_fastrtps_c.h
-- Symlinking: /home/mandy/Delivery-Bot/install/robot_interfaces/include/robot_interfaces/robot_interfaces/msg/rosidl_typesupport_fastrtps_c__visibility_control.h
-- Symlinking: /home/mandy/Delivery-Bot/install/robot_interfaces/include/robot_interfaces/robot_interfaces/msg/detail/encoder_speed__rosidl_typesupport_introspection_c.h
-- Symlinking: /home/mandy/Delivery-Bot/install/robot_interfaces/include/robot_interfaces/robot_interfaces/msg/rosidl_typesupport_introspection_c__visibility_control.h
-- Symlinking: /home/mandy/Delivery-Bot/install/robot_interfaces/include/robot_interfaces/robot_interfaces/msg/detail/encoder_speed__builder.hpp
-- Symlinking: /home/mandy/Delivery-Bot/install/robot_interfaces/include/robot_interfaces/robot_interfaces/msg/detail/encoder_speed__struct.hpp
-- Symlinking: /home/mandy/Delivery-Bot/install/robot_interfaces/include/robot_interfaces/robot_interfaces/msg/detail/encoder_speed__traits.hpp
-- Symlinking: /home/mandy/Delivery-Bot/install/robot_interfaces/include/robot_interfaces/robot_interfaces/msg/detail/encoder_speed__type_support.hpp
-- Symlinking: /home/mandy/Delivery-Bot/install/robot_interfaces/include/robot_interfaces/robot_interfaces/msg/encoder_speed.hpp
-- Symlinking: /home/mandy/Delivery-Bot/install/robot_interfaces/include/robot_interfaces/robot_interfaces/msg/rosidl_generator_cpp__visibility_control.hpp
-- Symlinking: /home/mandy/Delivery-Bot/install/robot_interfaces/include/robot_interfaces/robot_interfaces/msg/detail/encoder_speed__rosidl_typesupport_fastrtps_cpp.hpp
-- Symlinking: /home/mandy/Delivery-Bot/install/robot_interfaces/include/robot_interfaces/robot_interfaces/msg/rosidl_typesupport_fastrtps_cpp__visibility_control.h
-- Symlinking: /home/mandy/Delivery-Bot/install/robot_interfaces/include/robot_interfaces/robot_interfaces/msg/detail/encoder_speed__rosidl_typesupport_introspection_cpp.hpp
-- Symlinking: /home/mandy/Delivery-Bot/install/robot_interfaces/share/robot_interfaces/environment/pythonpath.sh
-- Symlinking: /home/mandy/Delivery-Bot/install/robot_interfaces/share/robot_interfaces/environment/pythonpath.dsv
-- Symlinking: /home/mandy/Delivery-Bot/install/robot_interfaces/lib/python3.12/site-packages/robot_interfaces-0.0.0-py3.12.egg-info/PKG-INFO
-- Symlinking: /home/mandy/Delivery-Bot/install/robot_interfaces/lib/python3.12/site-packages/robot_interfaces-0.0.0-py3.12.egg-info/SOURCES.txt
-- Symlinking: /home/mandy/Delivery-Bot/install/robot_interfaces/lib/python3.12/site-packages/robot_interfaces-0.0.0-py3.12.egg-info/dependency_links.txt
-- Symlinking: /home/mandy/Delivery-Bot/install/robot_interfaces/lib/python3.12/site-packages/robot_interfaces-0.0.0-py3.12.egg-info/top_level.txt
-- Symlinking: /home/mandy/Delivery-Bot/install/robot_interfaces/lib/python3.12/site-packages/robot_interfaces/__init__.py
-- Symlinking: /home/mandy/Delivery-Bot/install/robot_interfaces/lib/python3.12/site-packages/robot_interfaces/_robot_interfaces_s.ep.rosidl_typesupport_c.c
-- Symlinking: /home/mandy/Delivery-Bot/install/robot_interfaces/lib/python3.12/site-packages/robot_interfaces/_robot_interfaces_s.ep.rosidl_typesupport_fastrtps_c.c
-- Symlinking: /home/mandy/Delivery-Bot/install/robot_interfaces/lib/python3.12/site-packages/robot_interfaces/_robot_interfaces_s.ep.rosidl_typesupport_introspection_c.c
-- Symlinking: /home/mandy/Delivery-Bot/install/robot_interfaces/lib/python3.12/site-packages/robot_interfaces/msg/__init__.py
-- Symlinking: /home/mandy/Delivery-Bot/install/robot_interfaces/lib/python3.12/site-packages/robot_interfaces/msg/_encoder_speed.py
-- Symlinking: /home/mandy/Delivery-Bot/install/robot_interfaces/lib/python3.12/site-packages/robot_interfaces/msg/_encoder_speed_s.c
-- Symlinking: /home/mandy/Delivery-Bot/install/robot_interfaces/lib/python3.12/site-packages/robot_interfaces/robot_interfaces_s__rosidl_typesupport_c.so
-- Symlinking: /home/mandy/Delivery-Bot/install/robot_interfaces/lib/python3.12/site-packages/robot_interfaces/robot_interfaces_s__rosidl_typesupport_fastrtps_c.so
-- Symlinking: /home/mandy/Delivery-Bot/install/robot_interfaces/lib/python3.12/site-packages/robot_interfaces/robot_interfaces_s__rosidl_typesupport_introspection_c.so
-- Up-to-date symlink: /home/mandy/Delivery-Bot/install/robot_interfaces/lib/python3.12/site-packages/robot_interfaces/robot_interfaces_s__rosidl_typesupport_fastrtps_c.so
-- Up-to-date symlink: /home/mandy/Delivery-Bot/install/robot_interfaces/lib/python3.12/site-packages/robot_interfaces/robot_interfaces_s__rosidl_typesupport_introspection_c.so
-- Up-to-date symlink: /home/mandy/Delivery-Bot/install/robot_interfaces/lib/python3.12/site-packages/robot_interfaces/robot_interfaces_s__rosidl_typesupport_c.so
-- Symlinking: /home/mandy/Delivery-Bot/install/robot_interfaces/share/ament_index/resource_index/rust_packages/robot_interfaces
-- Symlinking: /home/mandy/Delivery-Bot/install/robot_interfaces/share/robot_interfaces/rust/Cargo.toml
-- Symlinking: /home/mandy/Delivery-Bot/install/robot_interfaces/share/robot_interfaces/rust/build.rs
-- Symlinking: /home/mandy/Delivery-Bot/install/robot_interfaces/share/robot_interfaces/rust/src/lib.rs
-- Symlinking: /home/mandy/Delivery-Bot/install/robot_interfaces/share/robot_interfaces/rust/src/msg.rs
-- Symlinking: /home/mandy/Delivery-Bot/install/robot_interfaces/share/robot_interfaces/rust/src/msg/rmw.rs
-- Symlinking: /home/mandy/Delivery-Bot/install/robot_interfaces/share/robot_interfaces/msg/EncoderSpeed.idl
-- Symlinking: /home/mandy/Delivery-Bot/install/robot_interfaces/share/robot_interfaces/msg/EncoderSpeed.msg
-- Symlinking: /home/mandy/Delivery-Bot/install/robot_interfaces/share/ament_index/resource_index/package_run_dependencies/robot_interfaces
-- Symlinking: /home/mandy/Delivery-Bot/install/robot_interfaces/share/ament_index/resource_index/parent_prefix_path/robot_interfaces
-- Symlinking: /home/mandy/Delivery-Bot/install/robot_interfaces/share/robot_interfaces/environment/ament_prefix_path.sh
-- Symlinking: /home/mandy/Delivery-Bot/install/robot_interfaces/share/robot_interfaces/environment/ament_prefix_path.dsv
-- Symlinking: /home/mandy/Delivery-Bot/install/robot_interfaces/share/robot_interfaces/environment/path.sh
-- Symlinking: /home/mandy/Delivery-Bot/install/robot_interfaces/share/robot_interfaces/environment/path.dsv
-- Symlinking: /home/mandy/Delivery-Bot/install/robot_interfaces/share/robot_interfaces/local_setup.bash
-- Symlinking: /home/mandy/Delivery-Bot/install/robot_interfaces/share/robot_interfaces/local_setup.sh
-- Symlinking: /home/mandy/Delivery-Bot/install/robot_interfaces/share/robot_interfaces/local_setup.zsh
-- Symlinking: /home/mandy/Delivery-Bot/install/robot_interfaces/share/robot_interfaces/local_setup.dsv
-- Symlinking: /home/mandy/Delivery-Bot/install/robot_interfaces/share/robot_interfaces/package.dsv
-- Symlinking: /home/mandy/Delivery-Bot/install/robot_interfaces/share/ament_index/resource_index/packages/robot_interfaces
-- Symlinking: /home/mandy/Delivery-Bot/install/robot_interfaces/share/robot_interfaces/cmake/rosidl_cmake-extras.cmake
-- Symlinking: /home/mandy/Delivery-Bot/install/robot_interfaces/share/robot_interfaces/cmake/ament_cmake_export_include_directories-extras.cmake
-- Symlinking: /home/mandy/Delivery-Bot/install/robot_interfaces/share/robot_interfaces/cmake/ament_cmake_export_libraries-extras.cmake
-- Symlinking: /home/mandy/Delivery-Bot/install/robot_interfaces/share/robot_interfaces/cmake/ament_cmake_export_targets-extras.cmake
-- Symlinking: /home/mandy/Delivery-Bot/install/robot_interfaces/share/robot_interfaces/cmake/rosidl_cmake_export_typesupport_targets-extras.cmake
-- Symlinking: /home/mandy/Delivery-Bot/install/robot_interfaces/share/robot_interfaces/cmake/ament_cmake_export_dependencies-extras.cmake
-- Symlinking: /home/mandy/Delivery-Bot/install/robot_interfaces/share/robot_interfaces/cmake/rosidl_cmake_export_typesupport_libraries-extras.cmake
-- Symlinking: /home/mandy/Delivery-Bot/install/robot_interfaces/share/robot_interfaces/cmake/rosidl_cmake_aggregate_target-extras.cmake
-- Symlinking: /home/mandy/Delivery-Bot/install/robot_interfaces/share/robot_interfaces/cmake/robot_interfacesConfig.cmake
-- Symlinking: /home/mandy/Delivery-Bot/install/robot_interfaces/share/robot_interfaces/cmake/robot_interfacesConfig-version.cmake
-- Symlinking: /home/mandy/Delivery-Bot/install/robot_interfaces/share/robot_interfaces/package.xml
-- Installing: /home/mandy/Delivery-Bot/install/robot_interfaces/lib/librobot_interfaces__rosidl_generator_c.so
-- Set non-toolchain portion of runtime path of "/home/mandy/Delivery-Bot/install/robot_interfaces/lib/librobot_interfaces__rosidl_generator_c.so" to ""
-- Installing: /home/mandy/Delivery-Bot/install/robot_interfaces/lib/librobot_interfaces__rosidl_typesupport_fastrtps_c.so
-- Set non-toolchain portion of runtime path of "/home/mandy/Delivery-Bot/install/robot_interfaces/lib/librobot_interfaces__rosidl_typesupport_fastrtps_c.so" to ""
-- Installing: /home/mandy/Delivery-Bot/install/robot_interfaces/lib/librobot_interfaces__rosidl_typesupport_introspection_c.so
-- Set non-toolchain portion of runtime path of "/home/mandy/Delivery-Bot/install/robot_interfaces/lib/librobot_interfaces__rosidl_typesupport_introspection_c.so" to ""
-- Installing: /home/mandy/Delivery-Bot/install/robot_interfaces/lib/librobot_interfaces__rosidl_typesupport_c.so
-- Set non-toolchain portion of runtime path of "/home/mandy/Delivery-Bot/install/robot_interfaces/lib/librobot_interfaces__rosidl_typesupport_c.so" to ""
-- Installing: /home/mandy/Delivery-Bot/install/robot_interfaces/lib/librobot_interfaces__rosidl_typesupport_fastrtps_cpp.so
-- Set non-toolchain portion of runtime path of "/home/mandy/Delivery-Bot/install/robot_interfaces/lib/librobot_interfaces__rosidl_typesupport_fastrtps_cpp.so" to ""
-- Installing: /home/mandy/Delivery-Bot/install/robot_interfaces/lib/librobot_interfaces__rosidl_typesupport_introspection_cpp.so
-- Set non-toolchain portion of runtime path of "/home/mandy/Delivery-Bot/install/robot_interfaces/lib/librobot_interfaces__rosidl_typesupport_introspection_cpp.so" to ""
-- Installing: /home/mandy/Delivery-Bot/install/robot_interfaces/lib/librobot_interfaces__rosidl_typesupport_cpp.so
-- Set non-toolchain portion of runtime path of "/home/mandy/Delivery-Bot/install/robot_interfaces/lib/librobot_interfaces__rosidl_typesupport_cpp.so" to ""
Listing '/home/mandy/Delivery-Bot/install/robot_interfaces/lib/python3.12/site-packages/robot_interfaces'...
Compiling '/home/mandy/Delivery-Bot/install/robot_interfaces/lib/python3.12/site-packages/robot_interfaces/__init__.py'...
Listing '/home/mandy/Delivery-Bot/install/robot_interfaces/lib/python3.12/site-packages/robot_interfaces/msg'...
Compiling '/home/mandy/Delivery-Bot/install/robot_interfaces/lib/python3.12/site-packages/robot_interfaces/msg/__init__.py'...
Compiling '/home/mandy/Delivery-Bot/install/robot_interfaces/lib/python3.12/site-packages/robot_interfaces/msg/_encoder_speed.py'...
-- Installing: /home/mandy/Delivery-Bot/install/robot_interfaces/lib/librobot_interfaces__rosidl_generator_py.so
-- Set non-toolchain portion of runtime path of "/home/mandy/Delivery-Bot/install/robot_interfaces/lib/librobot_interfaces__rosidl_generator_py.so" to ""
-- Installing: /home/mandy/Delivery-Bot/install/robot_interfaces/share/robot_interfaces/cmake/export_robot_interfaces__rosidl_generator_cExport.cmake
-- Installing: /home/mandy/Delivery-Bot/install/robot_interfaces/share/robot_interfaces/cmake/export_robot_interfaces__rosidl_generator_cExport-noconfig.cmake
-- Installing: /home/mandy/Delivery-Bot/install/robot_interfaces/share/robot_interfaces/cmake/export_robot_interfaces__rosidl_typesupport_fastrtps_cExport.cmake
-- Installing: /home/mandy/Delivery-Bot/install/robot_interfaces/share/robot_interfaces/cmake/export_robot_interfaces__rosidl_typesupport_fastrtps_cExport-noconfig.cmake
-- Installing: /home/mandy/Delivery-Bot/install/robot_interfaces/share/robot_interfaces/cmake/robot_interfaces__rosidl_typesupport_introspection_cExport.cmake
-- Installing: /home/mandy/Delivery-Bot/install/robot_interfaces/share/robot_interfaces/cmake/robot_interfaces__rosidl_typesupport_introspection_cExport-noconfig.cmake
-- Installing: /home/mandy/Delivery-Bot/install/robot_interfaces/share/robot_interfaces/cmake/robot_interfaces__rosidl_typesupport_cExport.cmake
-- Installing: /home/mandy/Delivery-Bot/install/robot_interfaces/share/robot_interfaces/cmake/robot_interfaces__rosidl_typesupport_cExport-noconfig.cmake
-- Installing: /home/mandy/Delivery-Bot/install/robot_interfaces/share/robot_interfaces/cmake/export_robot_interfaces__rosidl_generator_cppExport.cmake
-- Installing: /home/mandy/Delivery-Bot/install/robot_interfaces/share/robot_interfaces/cmake/export_robot_interfaces__rosidl_typesupport_fastrtps_cppExport.cmake
-- Installing: /home/mandy/Delivery-Bot/install/robot_interfaces/share/robot_interfaces/cmake/export_robot_interfaces__rosidl_typesupport_fastrtps_cppExport-noconfig.cmake
-- Installing: /home/mandy/Delivery-Bot/install/robot_interfaces/share/robot_interfaces/cmake/robot_interfaces__rosidl_typesupport_introspection_cppExport.cmake
-- Installing: /home/mandy/Delivery-Bot/install/robot_interfaces/share/robot_interfaces/cmake/robot_interfaces__rosidl_typesupport_introspection_cppExport-noconfig.cmake
-- Installing: /home/mandy/Delivery-Bot/install/robot_interfaces/share/robot_interfaces/cmake/robot_interfaces__rosidl_typesupport_cppExport.cmake
-- Installing: /home/mandy/Delivery-Bot/install/robot_interfaces/share/robot_interfaces/cmake/robot_interfaces__rosidl_typesupport_cppExport-noconfig.cmake
-- Installing: /home/mandy/Delivery-Bot/install/robot_interfaces/share/robot_interfaces/cmake/export_robot_interfaces__rosidl_generator_pyExport.cmake
-- Installing: /home/mandy/Delivery-Bot/install/robot_interfaces/share/robot_interfaces/cmake/export_robot_interfaces__rosidl_generator_pyExport-noconfig.cmake
