[0.175s] Invoking command in '/home/mandy/Delivery-Bot/build/robot_interfaces': CMAKE_PREFIX_PATH=${CMAKE_PREFIX_PATH}:/home/mandy/Delivery-Bot/install/robot_bringup:/home/mandy/Delivery-Bot/install/robot_vision:/home/mandy/Delivery-Bot/install/robot_navigation:/home/mandy/Delivery-Bot/install/robot_control:/home/mandy/Delivery-Bot/install/robot_description:/opt/ros/jazzy DEBUGINFOD_URLS=https://debuginfod.ubuntu.com /usr/bin/cmake /home/mandy/Delivery-Bot/src/robot_interfaces -DAMENT_CMAKE_SYMLINK_INSTALL=1 -DCMAKE_INSTALL_PREFIX=/home/mandy/Delivery-Bot/install/robot_interfaces
[2.559s] -- The C compiler identification is GNU 13.3.0
[2.561s] -- The CXX compiler identification is GNU 13.3.0
[2.562s] -- Detecting C compiler ABI info
[2.949s] -- Detecting C compiler ABI info - done
[2.986s] -- Check for working C compiler: /usr/bin/cc - skipped
[2.989s] -- Detecting C compile features
[2.991s] -- Detecting C compile features - done
[3.051s] -- Detecting CXX compiler ABI info
[3.718s] -- Detecting CXX compiler ABI info - done
[3.774s] -- Check for working CXX compiler: /usr/bin/c++ - skipped
[3.777s] -- Detecting CXX compile features
[3.780s] -- Detecting CXX compile features - done
[3.955s] -- Found ament_cmake: 2.5.6 (/opt/ros/jazzy/share/ament_cmake/cmake)
[5.281s] -- Found Python3: /usr/bin/python3 (found version "3.12.3") found components: Interpreter 
[5.923s] -- Override CMake install command with custom implementation using symlinks instead of copying resources
[6.957s] -- Found rosidl_default_generators: 1.6.1 (/opt/ros/jazzy/share/rosidl_default_generators/cmake)
[7.122s] -- Using all available rosidl_typesupport_c: rosidl_typesupport_fastrtps_c;rosidl_typesupport_introspection_c
[8.204s] -- Using all available rosidl_typesupport_cpp: rosidl_typesupport_fastrtps_cpp;rosidl_typesupport_introspection_cpp
[9.297s] -- Found rosidl_adapter: 4.6.9 (/opt/ros/jazzy/share/rosidl_adapter/cmake)
[13.787s] -- Found ament_cmake_ros: 0.12.1 (/opt/ros/jazzy/share/ament_cmake_ros/cmake)
[17.225s] -- Using all available rosidl_typesupport_c: rosidl_typesupport_fastrtps_c;rosidl_typesupport_introspection_c
[20.464s] -- Using all available rosidl_typesupport_cpp: rosidl_typesupport_fastrtps_cpp;rosidl_typesupport_introspection_cpp
[20.524s] -- Found python_cmake_module: 0.11.1 (/opt/ros/jazzy/share/python_cmake_module/cmake)
[21.319s] -- Found PythonExtra: /usr/bin/python3  
[23.682s] -- Found Python3: /usr/bin/python3 (found version "3.12.3") found components: Interpreter Development NumPy Development.Module Development.Embed 
[23.994s] -- Found Python3: /usr/bin/python3 (found version "3.12.3") found components: Interpreter 
[24.062s] -- Found ament_lint_auto: 0.17.5 (/opt/ros/jazzy/share/ament_lint_auto/cmake)
[24.523s] -- Added test 'lint_cmake' to check CMake code style
[24.540s] -- Added test 'xmllint' to check XML markup files
[24.577s] -- Configuring done (24.3s)
[24.780s] -- Generating done (0.2s)
[24.838s] -- Build files have been written to: /home/mandy/Delivery-Bot/build/robot_interfaces
[24.863s] Invoked command in '/home/mandy/Delivery-Bot/build/robot_interfaces' returned '0': CMAKE_PREFIX_PATH=${CMAKE_PREFIX_PATH}:/home/mandy/Delivery-Bot/install/robot_bringup:/home/mandy/Delivery-Bot/install/robot_vision:/home/mandy/Delivery-Bot/install/robot_navigation:/home/mandy/Delivery-Bot/install/robot_control:/home/mandy/Delivery-Bot/install/robot_description:/opt/ros/jazzy DEBUGINFOD_URLS=https://debuginfod.ubuntu.com /usr/bin/cmake /home/mandy/Delivery-Bot/src/robot_interfaces -DAMENT_CMAKE_SYMLINK_INSTALL=1 -DCMAKE_INSTALL_PREFIX=/home/mandy/Delivery-Bot/install/robot_interfaces
[24.870s] Invoking command in '/home/mandy/Delivery-Bot/build/robot_interfaces': CMAKE_PREFIX_PATH=${CMAKE_PREFIX_PATH}:/home/mandy/Delivery-Bot/install/robot_bringup:/home/mandy/Delivery-Bot/install/robot_vision:/home/mandy/Delivery-Bot/install/robot_navigation:/home/mandy/Delivery-Bot/install/robot_control:/home/mandy/Delivery-Bot/install/robot_description:/opt/ros/jazzy DEBUGINFOD_URLS=https://debuginfod.ubuntu.com /usr/bin/cmake --build /home/mandy/Delivery-Bot/build/robot_interfaces -- -j4 -l4
[25.229s] [  2%] [34m[1mGenerating type hashes for ROS interfaces[0m
[26.156s] [  2%] Built target robot_interfaces__rosidl_generator_type_description
[26.356s] [  2%] Built target ament_cmake_python_symlink_robot_interfaces
[26.504s] [  5%] [34m[1mGenerating C++ code for ROS interfaces[0m
[27.780s] [  5%] Built target robot_interfaces__cpp
[28.832s] running egg_info
[28.835s] creating robot_interfaces.egg-info
[28.945s] writing robot_interfaces.egg-info/PKG-INFO
[28.946s] writing dependency_links to robot_interfaces.egg-info/dependency_links.txt
[28.947s] writing top-level names to robot_interfaces.egg-info/top_level.txt
[28.949s] writing manifest file 'robot_interfaces.egg-info/SOURCES.txt'
[29.339s] reading manifest file 'robot_interfaces.egg-info/SOURCES.txt'
[29.342s] writing manifest file 'robot_interfaces.egg-info/SOURCES.txt'
[29.526s] [  5%] Built target ament_cmake_python_build_robot_interfaces_egg
[29.601s] [  8%] [34m[1mGenerating C code for ROS interfaces[0m
[31.096s] [ 11%] [32mBuilding C object CMakeFiles/robot_interfaces__rosidl_generator_c.dir/rosidl_generator_c/robot_interfaces/msg/detail/encoder_speed__description.c.o[0m
[31.402s] [ 14%] [32mBuilding C object CMakeFiles/robot_interfaces__rosidl_generator_c.dir/rosidl_generator_c/robot_interfaces/msg/detail/encoder_speed__type_support.c.o[0m
[31.598s] [ 17%] [32mBuilding C object CMakeFiles/robot_interfaces__rosidl_generator_c.dir/rosidl_generator_c/robot_interfaces/msg/detail/encoder_speed__functions.c.o[0m
[31.914s] [ 20%] [32m[1mLinking C shared library librobot_interfaces__rosidl_generator_c.so[0m
[32.165s] [ 20%] Built target robot_interfaces__rosidl_generator_c
[32.314s] [ 22%] [34m[1mGenerating Rust code for ROS interfaces[0m
[33.511s] [ 22%] Built target robot_interfaces__rs
[33.582s] [ 25%] [34m[1mGenerating C type support dispatch for ROS interfaces[0m
[34.690s] [ 28%] [32mBuilding CXX object CMakeFiles/robot_interfaces__rosidl_typesupport_c.dir/rosidl_typesupport_c/robot_interfaces/msg/encoder_speed__type_support.cpp.o[0m
[35.009s] [ 31%] [32m[1mLinking CXX shared library librobot_interfaces__rosidl_typesupport_c.so[0m
[35.244s] [ 31%] Built target robot_interfaces__rosidl_typesupport_c
[35.318s] [ 34%] [34m[1mGenerating C++ type support for eProsima Fast-RTPS[0m
[36.468s] [ 37%] [32mBuilding CXX object CMakeFiles/robot_interfaces__rosidl_typesupport_fastrtps_cpp.dir/rosidl_typesupport_fastrtps_cpp/robot_interfaces/msg/detail/dds_fastrtps/encoder_speed__type_support.cpp.o[0m
[38.891s] [ 40%] [32m[1mLinking CXX shared library librobot_interfaces__rosidl_typesupport_fastrtps_cpp.so[0m
[39.173s] [ 40%] Built target robot_interfaces__rosidl_typesupport_fastrtps_cpp
[39.249s] [ 42%] [34m[1mGenerating C++ introspection for ROS interfaces[0m
[40.426s] [ 45%] [32mBuilding CXX object CMakeFiles/robot_interfaces__rosidl_typesupport_introspection_cpp.dir/rosidl_typesupport_introspection_cpp/robot_interfaces/msg/detail/encoder_speed__type_support.cpp.o[0m
[41.857s] [ 48%] [32m[1mLinking CXX shared library librobot_interfaces__rosidl_typesupport_introspection_cpp.so[0m
[42.103s] [ 48%] Built target robot_interfaces__rosidl_typesupport_introspection_cpp
[42.178s] [ 51%] [34m[1mGenerating C++ type support dispatch for ROS interfaces[0m
[43.185s] [ 54%] [32mBuilding CXX object CMakeFiles/robot_interfaces__rosidl_typesupport_cpp.dir/rosidl_typesupport_cpp/robot_interfaces/msg/encoder_speed__type_support.cpp.o[0m
[44.660s] [ 57%] [32m[1mLinking CXX shared library librobot_interfaces__rosidl_typesupport_cpp.so[0m
[44.946s] [ 57%] Built target robot_interfaces__rosidl_typesupport_cpp
[45.035s] [ 60%] [34m[1mGenerating C introspection for ROS interfaces[0m
[46.136s] [ 62%] [32mBuilding C object CMakeFiles/robot_interfaces__rosidl_typesupport_introspection_c.dir/rosidl_typesupport_introspection_c/robot_interfaces/msg/detail/encoder_speed__type_support.c.o[0m
[46.363s] [ 65%] [32m[1mLinking C shared library librobot_interfaces__rosidl_typesupport_introspection_c.so[0m
[46.565s] [ 65%] Built target robot_interfaces__rosidl_typesupport_introspection_c
[46.640s] [ 68%] [34m[1mGenerating C type support for eProsima Fast-RTPS[0m
[47.799s] [ 71%] [32mBuilding CXX object CMakeFiles/robot_interfaces__rosidl_typesupport_fastrtps_c.dir/rosidl_typesupport_fastrtps_c/robot_interfaces/msg/detail/encoder_speed__type_support_c.cpp.o[0m
[49.924s] [ 74%] [32m[1mLinking CXX shared library librobot_interfaces__rosidl_typesupport_fastrtps_c.so[0m
[50.238s] [ 74%] Built target robot_interfaces__rosidl_typesupport_fastrtps_c
[50.384s] [ 74%] Built target robot_interfaces
[50.533s] [ 77%] [34m[1mGenerating Python code for ROS interfaces[0m
[51.985s] [ 77%] Built target robot_interfaces__py
[52.130s] [ 80%] [32mBuilding C object CMakeFiles/robot_interfaces__rosidl_generator_py.dir/rosidl_generator_py/robot_interfaces/msg/_encoder_speed_s.c.o[0m
[52.837s] [ 82%] [32m[1mLinking C shared library librobot_interfaces__rosidl_generator_py.so[0m
[53.094s] [ 82%] Built target robot_interfaces__rosidl_generator_py
[53.241s] [ 85%] [32mBuilding C object CMakeFiles/robot_interfaces_s__rosidl_typesupport_fastrtps_c.dir/rosidl_generator_py/robot_interfaces/_robot_interfaces_s.ep.rosidl_typesupport_fastrtps_c.c.o[0m
[53.797s] [ 88%] [32m[1mLinking C shared module rosidl_generator_py/robot_interfaces/robot_interfaces_s__rosidl_typesupport_fastrtps_c.so[0m
[54.001s] [ 88%] Built target robot_interfaces_s__rosidl_typesupport_fastrtps_c
[54.147s] [ 91%] [32mBuilding C object CMakeFiles/robot_interfaces_s__rosidl_typesupport_c.dir/rosidl_generator_py/robot_interfaces/_robot_interfaces_s.ep.rosidl_typesupport_c.c.o[0m
[54.648s] [ 94%] [32m[1mLinking C shared module rosidl_generator_py/robot_interfaces/robot_interfaces_s__rosidl_typesupport_c.so[0m
[54.846s] [ 94%] Built target robot_interfaces_s__rosidl_typesupport_c
[55.009s] [ 97%] [32mBuilding C object CMakeFiles/robot_interfaces_s__rosidl_typesupport_introspection_c.dir/rosidl_generator_py/robot_interfaces/_robot_interfaces_s.ep.rosidl_typesupport_introspection_c.c.o[0m
[55.576s] [100%] [32m[1mLinking C shared module rosidl_generator_py/robot_interfaces/robot_interfaces_s__rosidl_typesupport_introspection_c.so[0m
[55.786s] [100%] Built target robot_interfaces_s__rosidl_typesupport_introspection_c
[55.864s] Invoked command in '/home/mandy/Delivery-Bot/build/robot_interfaces' returned '0': CMAKE_PREFIX_PATH=${CMAKE_PREFIX_PATH}:/home/mandy/Delivery-Bot/install/robot_bringup:/home/mandy/Delivery-Bot/install/robot_vision:/home/mandy/Delivery-Bot/install/robot_navigation:/home/mandy/Delivery-Bot/install/robot_control:/home/mandy/Delivery-Bot/install/robot_description:/opt/ros/jazzy DEBUGINFOD_URLS=https://debuginfod.ubuntu.com /usr/bin/cmake --build /home/mandy/Delivery-Bot/build/robot_interfaces -- -j4 -l4
[55.931s] Invoking command in '/home/mandy/Delivery-Bot/build/robot_interfaces': CMAKE_PREFIX_PATH=${CMAKE_PREFIX_PATH}:/home/mandy/Delivery-Bot/install/robot_bringup:/home/mandy/Delivery-Bot/install/robot_vision:/home/mandy/Delivery-Bot/install/robot_navigation:/home/mandy/Delivery-Bot/install/robot_control:/home/mandy/Delivery-Bot/install/robot_description:/opt/ros/jazzy DEBUGINFOD_URLS=https://debuginfod.ubuntu.com /usr/bin/cmake --install /home/mandy/Delivery-Bot/build/robot_interfaces
[55.987s] -- Install configuration: ""
[55.990s] -- Execute custom install script
[55.992s] -- Symlinking: /home/mandy/Delivery-Bot/install/robot_interfaces/share/ament_index/resource_index/rosidl_interfaces/robot_interfaces
[56.050s] -- Symlinking: /home/mandy/Delivery-Bot/install/robot_interfaces/share/robot_interfaces/msg/EncoderSpeed.json
[56.118s] -- Symlinking: /home/mandy/Delivery-Bot/install/robot_interfaces/include/robot_interfaces/robot_interfaces/msg/detail/encoder_speed__functions.h
[56.176s] -- Symlinking: /home/mandy/Delivery-Bot/install/robot_interfaces/include/robot_interfaces/robot_interfaces/msg/detail/encoder_speed__struct.h
[56.239s] -- Symlinking: /home/mandy/Delivery-Bot/install/robot_interfaces/include/robot_interfaces/robot_interfaces/msg/detail/encoder_speed__type_support.h
[56.302s] -- Symlinking: /home/mandy/Delivery-Bot/install/robot_interfaces/include/robot_interfaces/robot_interfaces/msg/encoder_speed.h
[56.360s] -- Symlinking: /home/mandy/Delivery-Bot/install/robot_interfaces/include/robot_interfaces/robot_interfaces/msg/rosidl_generator_c__visibility_control.h
[56.425s] -- Symlinking: /home/mandy/Delivery-Bot/install/robot_interfaces/share/robot_interfaces/environment/library_path.sh
[56.488s] -- Symlinking: /home/mandy/Delivery-Bot/install/robot_interfaces/share/robot_interfaces/environment/library_path.dsv
[56.549s] -- Symlinking: /home/mandy/Delivery-Bot/install/robot_interfaces/include/robot_interfaces/robot_interfaces/msg/detail/encoder_speed__rosidl_typesupport_fastrtps_c.h
[56.611s] -- Symlinking: /home/mandy/Delivery-Bot/install/robot_interfaces/include/robot_interfaces/robot_interfaces/msg/rosidl_typesupport_fastrtps_c__visibility_control.h
[56.671s] -- Symlinking: /home/mandy/Delivery-Bot/install/robot_interfaces/include/robot_interfaces/robot_interfaces/msg/detail/encoder_speed__rosidl_typesupport_introspection_c.h
[56.735s] -- Symlinking: /home/mandy/Delivery-Bot/install/robot_interfaces/include/robot_interfaces/robot_interfaces/msg/rosidl_typesupport_introspection_c__visibility_control.h
[56.800s] -- Symlinking: /home/mandy/Delivery-Bot/install/robot_interfaces/include/robot_interfaces/robot_interfaces/msg/detail/encoder_speed__builder.hpp
[56.860s] -- Symlinking: /home/mandy/Delivery-Bot/install/robot_interfaces/include/robot_interfaces/robot_interfaces/msg/detail/encoder_speed__struct.hpp
[56.923s] -- Symlinking: /home/mandy/Delivery-Bot/install/robot_interfaces/include/robot_interfaces/robot_interfaces/msg/detail/encoder_speed__traits.hpp
[56.982s] -- Symlinking: /home/mandy/Delivery-Bot/install/robot_interfaces/include/robot_interfaces/robot_interfaces/msg/detail/encoder_speed__type_support.hpp
[57.042s] -- Symlinking: /home/mandy/Delivery-Bot/install/robot_interfaces/include/robot_interfaces/robot_interfaces/msg/encoder_speed.hpp
[57.105s] -- Symlinking: /home/mandy/Delivery-Bot/install/robot_interfaces/include/robot_interfaces/robot_interfaces/msg/rosidl_generator_cpp__visibility_control.hpp
[57.167s] -- Symlinking: /home/mandy/Delivery-Bot/install/robot_interfaces/include/robot_interfaces/robot_interfaces/msg/detail/encoder_speed__rosidl_typesupport_fastrtps_cpp.hpp
[57.230s] -- Symlinking: /home/mandy/Delivery-Bot/install/robot_interfaces/include/robot_interfaces/robot_interfaces/msg/rosidl_typesupport_fastrtps_cpp__visibility_control.h
[57.294s] -- Symlinking: /home/mandy/Delivery-Bot/install/robot_interfaces/include/robot_interfaces/robot_interfaces/msg/detail/encoder_speed__rosidl_typesupport_introspection_cpp.hpp
[57.354s] -- Symlinking: /home/mandy/Delivery-Bot/install/robot_interfaces/share/robot_interfaces/environment/pythonpath.sh
[57.418s] -- Symlinking: /home/mandy/Delivery-Bot/install/robot_interfaces/share/robot_interfaces/environment/pythonpath.dsv
[57.478s] -- Symlinking: /home/mandy/Delivery-Bot/install/robot_interfaces/lib/python3.12/site-packages/robot_interfaces-0.0.0-py3.12.egg-info/PKG-INFO
[57.541s] -- Symlinking: /home/mandy/Delivery-Bot/install/robot_interfaces/lib/python3.12/site-packages/robot_interfaces-0.0.0-py3.12.egg-info/SOURCES.txt
[57.604s] -- Symlinking: /home/mandy/Delivery-Bot/install/robot_interfaces/lib/python3.12/site-packages/robot_interfaces-0.0.0-py3.12.egg-info/dependency_links.txt
[57.664s] -- Symlinking: /home/mandy/Delivery-Bot/install/robot_interfaces/lib/python3.12/site-packages/robot_interfaces-0.0.0-py3.12.egg-info/top_level.txt
[57.731s] -- Symlinking: /home/mandy/Delivery-Bot/install/robot_interfaces/lib/python3.12/site-packages/robot_interfaces/__init__.py
[57.794s] -- Symlinking: /home/mandy/Delivery-Bot/install/robot_interfaces/lib/python3.12/site-packages/robot_interfaces/_robot_interfaces_s.ep.rosidl_typesupport_c.c
[57.853s] -- Symlinking: /home/mandy/Delivery-Bot/install/robot_interfaces/lib/python3.12/site-packages/robot_interfaces/_robot_interfaces_s.ep.rosidl_typesupport_fastrtps_c.c
[57.919s] -- Symlinking: /home/mandy/Delivery-Bot/install/robot_interfaces/lib/python3.12/site-packages/robot_interfaces/_robot_interfaces_s.ep.rosidl_typesupport_introspection_c.c
[57.979s] -- Symlinking: /home/mandy/Delivery-Bot/install/robot_interfaces/lib/python3.12/site-packages/robot_interfaces/msg/__init__.py
[58.042s] -- Symlinking: /home/mandy/Delivery-Bot/install/robot_interfaces/lib/python3.12/site-packages/robot_interfaces/msg/_encoder_speed.py
[58.106s] -- Symlinking: /home/mandy/Delivery-Bot/install/robot_interfaces/lib/python3.12/site-packages/robot_interfaces/msg/_encoder_speed_s.c
[58.166s] -- Symlinking: /home/mandy/Delivery-Bot/install/robot_interfaces/lib/python3.12/site-packages/robot_interfaces/robot_interfaces_s__rosidl_typesupport_c.so
[58.230s] -- Symlinking: /home/mandy/Delivery-Bot/install/robot_interfaces/lib/python3.12/site-packages/robot_interfaces/robot_interfaces_s__rosidl_typesupport_fastrtps_c.so
[58.293s] -- Symlinking: /home/mandy/Delivery-Bot/install/robot_interfaces/lib/python3.12/site-packages/robot_interfaces/robot_interfaces_s__rosidl_typesupport_introspection_c.so
[58.353s] -- Up-to-date symlink: /home/mandy/Delivery-Bot/install/robot_interfaces/lib/python3.12/site-packages/robot_interfaces/robot_interfaces_s__rosidl_typesupport_fastrtps_c.so
[58.354s] -- Up-to-date symlink: /home/mandy/Delivery-Bot/install/robot_interfaces/lib/python3.12/site-packages/robot_interfaces/robot_interfaces_s__rosidl_typesupport_introspection_c.so
[58.356s] -- Up-to-date symlink: /home/mandy/Delivery-Bot/install/robot_interfaces/lib/python3.12/site-packages/robot_interfaces/robot_interfaces_s__rosidl_typesupport_c.so
[58.358s] -- Symlinking: /home/mandy/Delivery-Bot/install/robot_interfaces/share/ament_index/resource_index/rust_packages/robot_interfaces
[58.423s] -- Symlinking: /home/mandy/Delivery-Bot/install/robot_interfaces/share/robot_interfaces/rust/Cargo.toml
[58.485s] -- Symlinking: /home/mandy/Delivery-Bot/install/robot_interfaces/share/robot_interfaces/rust/build.rs
[58.547s] -- Symlinking: /home/mandy/Delivery-Bot/install/robot_interfaces/share/robot_interfaces/rust/src/lib.rs
[58.610s] -- Symlinking: /home/mandy/Delivery-Bot/install/robot_interfaces/share/robot_interfaces/rust/src/msg.rs
[58.670s] -- Symlinking: /home/mandy/Delivery-Bot/install/robot_interfaces/share/robot_interfaces/rust/src/msg/rmw.rs
[58.734s] -- Symlinking: /home/mandy/Delivery-Bot/install/robot_interfaces/share/robot_interfaces/msg/EncoderSpeed.idl
[58.797s] -- Symlinking: /home/mandy/Delivery-Bot/install/robot_interfaces/share/robot_interfaces/msg/EncoderSpeed.msg
[58.859s] -- Symlinking: /home/mandy/Delivery-Bot/install/robot_interfaces/share/ament_index/resource_index/package_run_dependencies/robot_interfaces
[58.924s] -- Symlinking: /home/mandy/Delivery-Bot/install/robot_interfaces/share/ament_index/resource_index/parent_prefix_path/robot_interfaces
[58.986s] -- Symlinking: /home/mandy/Delivery-Bot/install/robot_interfaces/share/robot_interfaces/environment/ament_prefix_path.sh
[59.048s] -- Symlinking: /home/mandy/Delivery-Bot/install/robot_interfaces/share/robot_interfaces/environment/ament_prefix_path.dsv
[59.112s] -- Symlinking: /home/mandy/Delivery-Bot/install/robot_interfaces/share/robot_interfaces/environment/path.sh
[59.171s] -- Symlinking: /home/mandy/Delivery-Bot/install/robot_interfaces/share/robot_interfaces/environment/path.dsv
[59.238s] -- Symlinking: /home/mandy/Delivery-Bot/install/robot_interfaces/share/robot_interfaces/local_setup.bash
[59.301s] -- Symlinking: /home/mandy/Delivery-Bot/install/robot_interfaces/share/robot_interfaces/local_setup.sh
[59.362s] -- Symlinking: /home/mandy/Delivery-Bot/install/robot_interfaces/share/robot_interfaces/local_setup.zsh
[59.427s] -- Symlinking: /home/mandy/Delivery-Bot/install/robot_interfaces/share/robot_interfaces/local_setup.dsv
[59.488s] -- Symlinking: /home/mandy/Delivery-Bot/install/robot_interfaces/share/robot_interfaces/package.dsv
[59.549s] -- Symlinking: /home/mandy/Delivery-Bot/install/robot_interfaces/share/ament_index/resource_index/packages/robot_interfaces
[59.614s] -- Symlinking: /home/mandy/Delivery-Bot/install/robot_interfaces/share/robot_interfaces/cmake/rosidl_cmake-extras.cmake
[59.675s] -- Symlinking: /home/mandy/Delivery-Bot/install/robot_interfaces/share/robot_interfaces/cmake/ament_cmake_export_include_directories-extras.cmake
[59.739s] -- Symlinking: /home/mandy/Delivery-Bot/install/robot_interfaces/share/robot_interfaces/cmake/ament_cmake_export_libraries-extras.cmake
[59.803s] -- Symlinking: /home/mandy/Delivery-Bot/install/robot_interfaces/share/robot_interfaces/cmake/ament_cmake_export_targets-extras.cmake
[59.864s] -- Symlinking: /home/mandy/Delivery-Bot/install/robot_interfaces/share/robot_interfaces/cmake/rosidl_cmake_export_typesupport_targets-extras.cmake
[59.929s] -- Symlinking: /home/mandy/Delivery-Bot/install/robot_interfaces/share/robot_interfaces/cmake/ament_cmake_export_dependencies-extras.cmake
[59.990s] -- Symlinking: /home/mandy/Delivery-Bot/install/robot_interfaces/share/robot_interfaces/cmake/rosidl_cmake_export_typesupport_libraries-extras.cmake
[60.051s] -- Symlinking: /home/mandy/Delivery-Bot/install/robot_interfaces/share/robot_interfaces/cmake/rosidl_cmake_aggregate_target-extras.cmake
[60.116s] -- Symlinking: /home/mandy/Delivery-Bot/install/robot_interfaces/share/robot_interfaces/cmake/robot_interfacesConfig.cmake
[60.176s] -- Symlinking: /home/mandy/Delivery-Bot/install/robot_interfaces/share/robot_interfaces/cmake/robot_interfacesConfig-version.cmake
[60.240s] -- Symlinking: /home/mandy/Delivery-Bot/install/robot_interfaces/share/robot_interfaces/package.xml
[60.307s] -- Installing: /home/mandy/Delivery-Bot/install/robot_interfaces/lib/librobot_interfaces__rosidl_generator_c.so
[60.310s] -- Set non-toolchain portion of runtime path of "/home/mandy/Delivery-Bot/install/robot_interfaces/lib/librobot_interfaces__rosidl_generator_c.so" to ""
[60.311s] -- Installing: /home/mandy/Delivery-Bot/install/robot_interfaces/lib/librobot_interfaces__rosidl_typesupport_fastrtps_c.so
[60.315s] -- Set non-toolchain portion of runtime path of "/home/mandy/Delivery-Bot/install/robot_interfaces/lib/librobot_interfaces__rosidl_typesupport_fastrtps_c.so" to ""
[60.315s] -- Installing: /home/mandy/Delivery-Bot/install/robot_interfaces/lib/librobot_interfaces__rosidl_typesupport_introspection_c.so
[60.319s] -- Set non-toolchain portion of runtime path of "/home/mandy/Delivery-Bot/install/robot_interfaces/lib/librobot_interfaces__rosidl_typesupport_introspection_c.so" to ""
[60.320s] -- Installing: /home/mandy/Delivery-Bot/install/robot_interfaces/lib/librobot_interfaces__rosidl_typesupport_c.so
[60.323s] -- Set non-toolchain portion of runtime path of "/home/mandy/Delivery-Bot/install/robot_interfaces/lib/librobot_interfaces__rosidl_typesupport_c.so" to ""
[60.323s] -- Installing: /home/mandy/Delivery-Bot/install/robot_interfaces/lib/librobot_interfaces__rosidl_typesupport_fastrtps_cpp.so
[60.327s] -- Set non-toolchain portion of runtime path of "/home/mandy/Delivery-Bot/install/robot_interfaces/lib/librobot_interfaces__rosidl_typesupport_fastrtps_cpp.so" to ""
[60.327s] -- Installing: /home/mandy/Delivery-Bot/install/robot_interfaces/lib/librobot_interfaces__rosidl_typesupport_introspection_cpp.so
[60.330s] -- Set non-toolchain portion of runtime path of "/home/mandy/Delivery-Bot/install/robot_interfaces/lib/librobot_interfaces__rosidl_typesupport_introspection_cpp.so" to ""
[60.331s] -- Installing: /home/mandy/Delivery-Bot/install/robot_interfaces/lib/librobot_interfaces__rosidl_typesupport_cpp.so
[60.334s] -- Set non-toolchain portion of runtime path of "/home/mandy/Delivery-Bot/install/robot_interfaces/lib/librobot_interfaces__rosidl_typesupport_cpp.so" to ""
[60.540s] Listing '/home/mandy/Delivery-Bot/install/robot_interfaces/lib/python3.12/site-packages/robot_interfaces'...
[60.541s] Compiling '/home/mandy/Delivery-Bot/install/robot_interfaces/lib/python3.12/site-packages/robot_interfaces/__init__.py'...
[60.542s] Listing '/home/mandy/Delivery-Bot/install/robot_interfaces/lib/python3.12/site-packages/robot_interfaces/msg'...
[60.543s] Compiling '/home/mandy/Delivery-Bot/install/robot_interfaces/lib/python3.12/site-packages/robot_interfaces/msg/__init__.py'...
[60.543s] Compiling '/home/mandy/Delivery-Bot/install/robot_interfaces/lib/python3.12/site-packages/robot_interfaces/msg/_encoder_speed.py'...
[60.570s] -- Installing: /home/mandy/Delivery-Bot/install/robot_interfaces/lib/librobot_interfaces__rosidl_generator_py.so
[60.573s] -- Set non-toolchain portion of runtime path of "/home/mandy/Delivery-Bot/install/robot_interfaces/lib/librobot_interfaces__rosidl_generator_py.so" to ""
[60.574s] -- Installing: /home/mandy/Delivery-Bot/install/robot_interfaces/share/robot_interfaces/cmake/export_robot_interfaces__rosidl_generator_cExport.cmake
[60.575s] -- Installing: /home/mandy/Delivery-Bot/install/robot_interfaces/share/robot_interfaces/cmake/export_robot_interfaces__rosidl_generator_cExport-noconfig.cmake
[60.577s] -- Installing: /home/mandy/Delivery-Bot/install/robot_interfaces/share/robot_interfaces/cmake/export_robot_interfaces__rosidl_typesupport_fastrtps_cExport.cmake
[60.579s] -- Installing: /home/mandy/Delivery-Bot/install/robot_interfaces/share/robot_interfaces/cmake/export_robot_interfaces__rosidl_typesupport_fastrtps_cExport-noconfig.cmake
[60.581s] -- Installing: /home/mandy/Delivery-Bot/install/robot_interfaces/share/robot_interfaces/cmake/robot_interfaces__rosidl_typesupport_introspection_cExport.cmake
[60.582s] -- Installing: /home/mandy/Delivery-Bot/install/robot_interfaces/share/robot_interfaces/cmake/robot_interfaces__rosidl_typesupport_introspection_cExport-noconfig.cmake
[60.584s] -- Installing: /home/mandy/Delivery-Bot/install/robot_interfaces/share/robot_interfaces/cmake/robot_interfaces__rosidl_typesupport_cExport.cmake
[60.586s] -- Installing: /home/mandy/Delivery-Bot/install/robot_interfaces/share/robot_interfaces/cmake/robot_interfaces__rosidl_typesupport_cExport-noconfig.cmake
[60.588s] -- Installing: /home/mandy/Delivery-Bot/install/robot_interfaces/share/robot_interfaces/cmake/export_robot_interfaces__rosidl_generator_cppExport.cmake
[60.590s] -- Installing: /home/mandy/Delivery-Bot/install/robot_interfaces/share/robot_interfaces/cmake/export_robot_interfaces__rosidl_typesupport_fastrtps_cppExport.cmake
[60.592s] -- Installing: /home/mandy/Delivery-Bot/install/robot_interfaces/share/robot_interfaces/cmake/export_robot_interfaces__rosidl_typesupport_fastrtps_cppExport-noconfig.cmake
[60.595s] -- Installing: /home/mandy/Delivery-Bot/install/robot_interfaces/share/robot_interfaces/cmake/robot_interfaces__rosidl_typesupport_introspection_cppExport.cmake
[60.597s] -- Installing: /home/mandy/Delivery-Bot/install/robot_interfaces/share/robot_interfaces/cmake/robot_interfaces__rosidl_typesupport_introspection_cppExport-noconfig.cmake
[60.599s] -- Installing: /home/mandy/Delivery-Bot/install/robot_interfaces/share/robot_interfaces/cmake/robot_interfaces__rosidl_typesupport_cppExport.cmake
[60.600s] -- Installing: /home/mandy/Delivery-Bot/install/robot_interfaces/share/robot_interfaces/cmake/robot_interfaces__rosidl_typesupport_cppExport-noconfig.cmake
[60.602s] -- Installing: /home/mandy/Delivery-Bot/install/robot_interfaces/share/robot_interfaces/cmake/export_robot_interfaces__rosidl_generator_pyExport.cmake
[60.603s] -- Installing: /home/mandy/Delivery-Bot/install/robot_interfaces/share/robot_interfaces/cmake/export_robot_interfaces__rosidl_generator_pyExport-noconfig.cmake
[60.613s] Invoked command in '/home/mandy/Delivery-Bot/build/robot_interfaces' returned '0': CMAKE_PREFIX_PATH=${CMAKE_PREFIX_PATH}:/home/mandy/Delivery-Bot/install/robot_bringup:/home/mandy/Delivery-Bot/install/robot_vision:/home/mandy/Delivery-Bot/install/robot_navigation:/home/mandy/Delivery-Bot/install/robot_control:/home/mandy/Delivery-Bot/install/robot_description:/opt/ros/jazzy DEBUGINFOD_URLS=https://debuginfod.ubuntu.com /usr/bin/cmake --install /home/mandy/Delivery-Bot/build/robot_interfaces
